[35m[1mScanning dependencies of target aslam_backend_expressions[0m
[  3%] [32mBuilding CXX object CMakeFiles/aslam_backend_expressions.dir/src/RotationExpression.cpp.o[0m
[ 10%] [32mBuilding CXX object CMakeFiles/aslam_backend_expressions.dir/src/MatrixExpressionNode.cpp.o[0m
[ 10%] [32mBuilding CXX object CMakeFiles/aslam_backend_expressions.dir/src/MatrixExpression.cpp.o[0m
[ 21%] [32mBuilding CXX object CMakeFiles/aslam_backend_expressions.dir/src/RotationQuaternion.cpp.o[0m
[ 25%] [32mBuilding CXX object CMakeFiles/aslam_backend_expressions.dir/src/TransformationExpression.cpp.o[0m
[ 32%] [32mBuilding CXX object CMakeFiles/aslam_backend_expressions.dir/src/Vector2RotationQuaternionExpressionAdapter.cpp.o[0m
[ 32%] [32mBuilding CXX object CMakeFiles/aslam_backend_expressions.dir/src/RotationExpressionNode.cpp.o[0m
[ 32%] [32mBuilding CXX object CMakeFiles/aslam_backend_expressions.dir/src/MappedRotationQuaternion.cpp.o[0m
[ 32%] [32mBuilding CXX object CMakeFiles/aslam_backend_expressions.dir/src/MatrixTransformation.cpp.o[0m
[ 39%] [32mBuilding CXX object CMakeFiles/aslam_backend_expressions.dir/src/EuclideanExpression.cpp.o[0m
[ 39%] [32mBuilding CXX object CMakeFiles/aslam_backend_expressions.dir/src/TransformationExpressionNode.cpp.o[0m
[ 42%] [32mBuilding CXX object CMakeFiles/aslam_backend_expressions.dir/src/TransformationBasic.cpp.o[0m
[ 46%] [32mBuilding CXX object CMakeFiles/aslam_backend_expressions.dir/src/EuclideanExpressionNode.cpp.o[0m
In file included from [01m[K/calibration_ws/src/kalibr/aslam_optimizer/aslam_backend/include/aslam/backend/DesignVariable.hpp:4[m[K,
                 from [01m[K/calibration_ws/src/kalibr/aslam_optimizer/aslam_backend_expressions/include/aslam/backend/MatrixTransformation.hpp:6[m[K,
                 from [01m[K/calibration_ws/src/kalibr/aslam_optimizer/aslam_backend_expressions/src/MatrixTransformation.cpp:1[m[K:
[01m[K/calibration_ws/src/kalibr/Schweizer-Messer/sm_common/include/sm/Id.hpp:[m[K In member function ‘[01m[Ksm::Id sm::Id::operator++(int)[m[K’:
[01m[K/calibration_ws/src/kalibr/Schweizer-Messer/sm_common/include/sm/Id.hpp:122:14:[m[K [01;35m[Kwarning: [m[Kimplicitly-declared ‘[01m[Kconstexpr sm::Id::Id(const sm::Id&)[m[K’ is deprecated [[01;35m[K-Wdeprecated-copy[m[K]
  122 |       return [01;35m[Krval[m[K;
      |              [01;35m[K^~~~[m[K
[01m[K/calibration_ws/src/kalibr/Schweizer-Messer/sm_common/include/sm/Id.hpp:132:9:[m[K [01;36m[Knote: [m[Kbecause ‘[01m[Ksm::Id[m[K’ has user-provided ‘[01m[Ksm::Id& sm::Id::operator=(const sm::Id&)[m[K’
  132 |     Id& [01;36m[Koperator[m[K= (const Id& other)
      |         [01;36m[K^~~~~~~~[m[K
In file included from [01m[K/calibration_ws/src/kalibr/aslam_optimizer/aslam_backend/include/aslam/backend/DesignVariable.hpp:4[m[K,
                 from [01m[K/calibration_ws/src/kalibr/aslam_optimizer/aslam_backend_expressions/include/aslam/backend/MappedRotationQuaternion.hpp:6[m[K,
                 from [01m[K/calibration_ws/src/kalibr/aslam_optimizer/aslam_backend_expressions/src/MappedRotationQuaternion.cpp:2[m[K:
[01m[K/calibration_ws/src/kalibr/Schweizer-Messer/sm_common/include/sm/Id.hpp:[m[K In member function ‘[01m[Ksm::Id sm::Id::operator++(int)[m[K’:
[01m[K/calibration_ws/src/kalibr/Schweizer-Messer/sm_common/include/sm/Id.hpp:122:14:[m[K [01;35m[Kwarning: [m[Kimplicitly-declared ‘[01m[Kconstexpr sm::Id::Id(const sm::Id&)[m[K’ is deprecated [[01;35m[K-Wdeprecated-copy[m[K]
  122 |       return [01;35m[Krval[m[K;
      |              [01;35m[K^~~~[m[K
[01m[K/calibration_ws/src/kalibr/Schweizer-Messer/sm_common/include/sm/Id.hpp:132:9:[m[K [01;36m[Knote: [m[Kbecause ‘[01m[Ksm::Id[m[K’ has user-provided ‘[01m[Ksm::Id& sm::Id::operator=(const sm::Id&)[m[K’
  132 |     Id& [01;36m[Koperator[m[K= (const Id& other)
      |         [01;36m[K^~~~~~~~[m[K
In file included from [01m[K/calibration_ws/src/kalibr/aslam_optimizer/aslam_backend/include/aslam/backend/DesignVariable.hpp:4[m[K,
                 from [01m[K/calibration_ws/src/kalibr/aslam_optimizer/aslam_backend_expressions/include/aslam/backend/RotationQuaternion.hpp:6[m[K,
                 from [01m[K/calibration_ws/src/kalibr/aslam_optimizer/aslam_backend_expressions/src/RotationQuaternion.cpp:2[m[K:
[01m[K/calibration_ws/src/kalibr/Schweizer-Messer/sm_common/include/sm/Id.hpp:[m[K In member function ‘[01m[Ksm::Id sm::Id::operator++(int)[m[K’:
[01m[K/calibration_ws/src/kalibr/Schweizer-Messer/sm_common/include/sm/Id.hpp:122:14:[m[K [01;35m[Kwarning: [m[Kimplicitly-declared ‘[01m[Kconstexpr sm::Id::Id(const sm::Id&)[m[K’ is deprecated [[01;35m[K-Wdeprecated-copy[m[K]
  122 |       return [01;35m[Krval[m[K;
      |              [01;35m[K^~~~[m[K
[01m[K/calibration_ws/src/kalibr/Schweizer-Messer/sm_common/include/sm/Id.hpp:132:9:[m[K [01;36m[Knote: [m[Kbecause ‘[01m[Ksm::Id[m[K’ has user-provided ‘[01m[Ksm::Id& sm::Id::operator=(const sm::Id&)[m[K’
  132 |     Id& [01;36m[Koperator[m[K= (const Id& other)
      |         [01;36m[K^~~~~~~~[m[K
In file included from [01m[K/calibration_ws/src/kalibr/aslam_optimizer/aslam_backend/include/aslam/backend/DesignVariable.hpp:4[m[K,
                 from [01m[K/calibration_ws/src/kalibr/aslam_optimizer/aslam_backend/include/aslam/backend/JacobianContainer.hpp:8[m[K,
                 from [01m[K/calibration_ws/src/kalibr/aslam_optimizer/aslam_backend_expressions/include/aslam/backend/RotationExpression.hpp:6[m[K,
                 from [01m[K/calibration_ws/src/kalibr/aslam_optimizer/aslam_backend_expressions/src/RotationExpression.cpp:1[m[K:
[01m[K/calibration_ws/src/kalibr/Schweizer-Messer/sm_common/include/sm/Id.hpp:[m[K In member function ‘[01m[Ksm::Id sm::Id::operator++(int)[m[K’:
[01m[K/calibration_ws/src/kalibr/Schweizer-Messer/sm_common/include/sm/Id.hpp:122:14:[m[K [01;35m[Kwarning: [m[Kimplicitly-declared ‘[01m[Kconstexpr sm::Id::Id(const sm::Id&)[m[K’ is deprecated [[01;35m[K-Wdeprecated-copy[m[K]
  122 |       return [01;35m[Krval[m[K;
      |              [01;35m[K^~~~[m[K
[01m[K/calibration_ws/src/kalibr/Schweizer-Messer/sm_common/include/sm/Id.hpp:132:9:[m[K [01;36m[Knote: [m[Kbecause ‘[01m[Ksm::Id[m[K’ has user-provided ‘[01m[Ksm::Id& sm::Id::operator=(const sm::Id&)[m[K’
  132 |     Id& [01;36m[Koperator[m[K= (const Id& other)
      |         [01;36m[K^~~~~~~~[m[K
In file included from [01m[K/calibration_ws/src/kalibr/aslam_optimizer/aslam_backend/include/aslam/backend/DesignVariable.hpp:4[m[K,
                 from [01m[K/calibration_ws/src/kalibr/aslam_optimizer/aslam_backend/include/aslam/backend/JacobianContainer.hpp:8[m[K,
                 from [01m[K/calibration_ws/src/kalibr/aslam_optimizer/aslam_backend_expressions/include/aslam/backend/TransformationExpressionNode.hpp:5[m[K,
                 from [01m[K/calibration_ws/src/kalibr/aslam_optimizer/aslam_backend_expressions/src/TransformationExpressionNode.cpp:1[m[K:
[01m[K/calibration_ws/src/kalibr/Schweizer-Messer/sm_common/include/sm/Id.hpp:[m[K In member function ‘[01m[Ksm::Id sm::Id::operator++(int)[m[K’:
[01m[K/calibration_ws/src/kalibr/Schweizer-Messer/sm_common/include/sm/Id.hpp:122:14:[m[K [01;35m[Kwarning: [m[Kimplicitly-declared ‘[01m[Kconstexpr sm::Id::Id(const sm::Id&)[m[K’ is deprecated [[01;35m[K-Wdeprecated-copy[m[K]
  122 |       return [01;35m[Krval[m[K;
      |              [01;35m[K^~~~[m[K
[01m[K/calibration_ws/src/kalibr/Schweizer-Messer/sm_common/include/sm/Id.hpp:132:9:[m[K [01;36m[Knote: [m[Kbecause ‘[01m[Ksm::Id[m[K’ has user-provided ‘[01m[Ksm::Id& sm::Id::operator=(const sm::Id&)[m[K’
  132 |     Id& [01;36m[Koperator[m[K= (const Id& other)
      |         [01;36m[K^~~~~~~~[m[K
In file included from [01m[K/calibration_ws/src/kalibr/aslam_optimizer/aslam_backend/include/aslam/backend/DesignVariable.hpp:4[m[K,
                 from [01m[K/calibration_ws/src/kalibr/aslam_optimizer/aslam_backend/include/aslam/backend/JacobianContainer.hpp:8[m[K,
                 from [01m[K/calibration_ws/src/kalibr/aslam_optimizer/aslam_backend_expressions/include/aslam/backend/RotationExpressionNode.hpp:5[m[K,
                 from [01m[K/calibration_ws/src/kalibr/aslam_optimizer/aslam_backend_expressions/src/RotationExpressionNode.cpp:1[m[K:
[01m[K/calibration_ws/src/kalibr/Schweizer-Messer/sm_common/include/sm/Id.hpp:[m[K In member function ‘[01m[Ksm::Id sm::Id::operator++(int)[m[K’:
[01m[K/calibration_ws/src/kalibr/Schweizer-Messer/sm_common/include/sm/Id.hpp:122:14:[m[K [01;35m[Kwarning: [m[Kimplicitly-declared ‘[01m[Kconstexpr sm::Id::Id(const sm::Id&)[m[K’ is deprecated [[01;35m[K-Wdeprecated-copy[m[K]
  122 |       return [01;35m[Krval[m[K;
      |              [01;35m[K^~~~[m[K
[01m[K/calibration_ws/src/kalibr/Schweizer-Messer/sm_common/include/sm/Id.hpp:132:9:[m[K [01;36m[Knote: [m[Kbecause ‘[01m[Ksm::Id[m[K’ has user-provided ‘[01m[Ksm::Id& sm::Id::operator=(const sm::Id&)[m[K’
  132 |     Id& [01;36m[Koperator[m[K= (const Id& other)
      |         [01;36m[K^~~~~~~~[m[K
In file included from [01m[K/calibration_ws/src/kalibr/aslam_optimizer/aslam_backend/include/aslam/backend/DesignVariable.hpp:4[m[K,
                 from [01m[K/calibration_ws/src/kalibr/aslam_optimizer/aslam_backend/include/aslam/backend/JacobianContainer.hpp:8[m[K,
                 from [01m[K/calibration_ws/src/kalibr/aslam_optimizer/aslam_backend_expressions/include/aslam/backend/MatrixExpressionNode.hpp:5[m[K,
                 from [01m[K/calibration_ws/src/kalibr/aslam_optimizer/aslam_backend_expressions/src/MatrixExpressionNode.cpp:1[m[K:
[01m[K/calibration_ws/src/kalibr/Schweizer-Messer/sm_common/include/sm/Id.hpp:[m[K In member function ‘[01m[Ksm::Id sm::Id::operator++(int)[m[K’:
[01m[K/calibration_ws/src/kalibr/Schweizer-Messer/sm_common/include/sm/Id.hpp:122:14:[m[K [01;35m[Kwarning: [m[Kimplicitly-declared ‘[01m[Kconstexpr sm::Id::Id(const sm::Id&)[m[K’ is deprecated [[01;35m[K-Wdeprecated-copy[m[K]
  122 |       return [01;35m[Krval[m[K;
      |              [01;35m[K^~~~[m[K
[01m[K/calibration_ws/src/kalibr/Schweizer-Messer/sm_common/include/sm/Id.hpp:132:9:[m[K [01;36m[Knote: [m[Kbecause ‘[01m[Ksm::Id[m[K’ has user-provided ‘[01m[Ksm::Id& sm::Id::operator=(const sm::Id&)[m[K’
  132 |     Id& [01;36m[Koperator[m[K= (const Id& other)
      |         [01;36m[K^~~~~~~~[m[K
In file included from [01m[K/calibration_ws/src/kalibr/aslam_optimizer/aslam_backend/include/aslam/backend/DesignVariable.hpp:4[m[K,
                 from [01m[K/calibration_ws/src/kalibr/aslam_optimizer/aslam_backend/include/aslam/backend/JacobianContainer.hpp:8[m[K,
                 from [01m[K/calibration_ws/src/kalibr/aslam_optimizer/aslam_backend_expressions/include/aslam/backend/TransformationExpressionNode.hpp:5[m[K,
                 from [01m[K/calibration_ws/src/kalibr/aslam_optimizer/aslam_backend_expressions/include/aslam/backend/TransformationBasic.hpp:4[m[K,
                 from [01m[K/calibration_ws/src/kalibr/aslam_optimizer/aslam_backend_expressions/src/TransformationBasic.cpp:1[m[K:
[01m[K/calibration_ws/src/kalibr/Schweizer-Messer/sm_common/include/sm/Id.hpp:[m[K In member function ‘[01m[Ksm::Id sm::Id::operator++(int)[m[K’:
[01m[K/calibration_ws/src/kalibr/Schweizer-Messer/sm_common/include/sm/Id.hpp:122:14:[m[K [01;35m[Kwarning: [m[Kimplicitly-declared ‘[01m[Kconstexpr sm::Id::Id(const sm::Id&)[m[K’ is deprecated [[01;35m[K-Wdeprecated-copy[m[K]
  122 |       return [01;35m[Krval[m[K;
      |              [01;35m[K^~~~[m[K
[01m[K/calibration_ws/src/kalibr/Schweizer-Messer/sm_common/include/sm/Id.hpp:132:9:[m[K [01;36m[Knote: [m[Kbecause ‘[01m[Ksm::Id[m[K’ has user-provided ‘[01m[Ksm::Id& sm::Id::operator=(const sm::Id&)[m[K’
  132 |     Id& [01;36m[Koperator[m[K= (const Id& other)
      |         [01;36m[K^~~~~~~~[m[K
In file included from [01m[K/calibration_ws/src/kalibr/aslam_optimizer/aslam_backend/include/aslam/backend/DesignVariable.hpp:4[m[K,
                 from [01m[K/calibration_ws/src/kalibr/aslam_optimizer/aslam_backend/include/aslam/backend/JacobianContainer.hpp:8[m[K,
                 from [01m[K/calibration_ws/src/kalibr/aslam_optimizer/aslam_backend_expressions/include/aslam/backend/EuclideanExpression.hpp:6[m[K,
                 from [01m[K/calibration_ws/src/kalibr/aslam_optimizer/aslam_backend_expressions/src/EuclideanExpression.cpp:1[m[K:
[01m[K/calibration_ws/src/kalibr/Schweizer-Messer/sm_common/include/sm/Id.hpp:[m[K In member function ‘[01m[Ksm::Id sm::Id::operator++(int)[m[K’:
[01m[K/calibration_ws/src/kalibr/Schweizer-Messer/sm_common/include/sm/Id.hpp:122:14:[m[K [01;35m[Kwarning: [m[Kimplicitly-declared ‘[01m[Kconstexpr sm::Id::Id(const sm::Id&)[m[K’ is deprecated [[01;35m[K-Wdeprecated-copy[m[K]
  122 |       return [01;35m[Krval[m[K;
      |              [01;35m[K^~~~[m[K
[01m[K/calibration_ws/src/kalibr/Schweizer-Messer/sm_common/include/sm/Id.hpp:132:9:[m[K [01;36m[Knote: [m[Kbecause ‘[01m[Ksm::Id[m[K’ has user-provided ‘[01m[Ksm::Id& sm::Id::operator=(const sm::Id&)[m[K’
  132 |     Id& [01;36m[Koperator[m[K= (const Id& other)
      |         [01;36m[K^~~~~~~~[m[K
In file included from [01m[K/calibration_ws/src/kalibr/aslam_optimizer/aslam_backend/include/aslam/backend/DesignVariable.hpp:4[m[K,
                 from [01m[K/calibration_ws/src/kalibr/aslam_optimizer/aslam_backend/include/aslam/backend/JacobianContainer.hpp:8[m[K,
                 from [01m[K/calibration_ws/src/kalibr/aslam_optimizer/aslam_backend_expressions/include/aslam/backend/MatrixExpression.hpp:6[m[K,
                 from [01m[K/calibration_ws/src/kalibr/aslam_optimizer/aslam_backend_expressions/src/MatrixExpression.cpp:1[m[K:
[01m[K/calibration_ws/src/kalibr/Schweizer-Messer/sm_common/include/sm/Id.hpp:[m[K In member function ‘[01m[Ksm::Id sm::Id::operator++(int)[m[K’:
[01m[K/calibration_ws/src/kalibr/Schweizer-Messer/sm_common/include/sm/Id.hpp:122:14:[m[K [01;35m[Kwarning: [m[Kimplicitly-declared ‘[01m[Kconstexpr sm::Id::Id(const sm::Id&)[m[K’ is deprecated [[01;35m[K-Wdeprecated-copy[m[K]
  122 |       return [01;35m[Krval[m[K;
      |              [01;35m[K^~~~[m[K
[01m[K/calibration_ws/src/kalibr/Schweizer-Messer/sm_common/include/sm/Id.hpp:132:9:[m[K [01;36m[Knote: [m[Kbecause ‘[01m[Ksm::Id[m[K’ has user-provided ‘[01m[Ksm::Id& sm::Id::operator=(const sm::Id&)[m[K’
  132 |     Id& [01;36m[Koperator[m[K= (const Id& other)
      |         [01;36m[K^~~~~~~~[m[K
In file included from [01m[K/calibration_ws/src/kalibr/aslam_optimizer/aslam_backend/include/aslam/backend/DesignVariable.hpp:4[m[K,
                 from [01m[K/calibration_ws/src/kalibr/aslam_optimizer/aslam_backend/include/aslam/backend/JacobianContainer.hpp:8[m[K,
                 from [01m[K/calibration_ws/src/kalibr/aslam_optimizer/aslam_backend_expressions/include/aslam/backend/TransformationExpression.hpp:6[m[K,
                 from [01m[K/calibration_ws/src/kalibr/aslam_optimizer/aslam_backend_expressions/src/TransformationExpression.cpp:1[m[K:
[01m[K/calibration_ws/src/kalibr/Schweizer-Messer/sm_common/include/sm/Id.hpp:[m[K In member function ‘[01m[Ksm::Id sm::Id::operator++(int)[m[K’:
[01m[K/calibration_ws/src/kalibr/Schweizer-Messer/sm_common/include/sm/Id.hpp:122:14:[m[K [01;35m[Kwarning: [m[Kimplicitly-declared ‘[01m[Kconstexpr sm::Id::Id(const sm::Id&)[m[K’ is deprecated [[01;35m[K-Wdeprecated-copy[m[K]
  122 |       return [01;35m[Krval[m[K;
      |              [01;35m[K^~~~[m[K
[01m[K/calibration_ws/src/kalibr/Schweizer-Messer/sm_common/include/sm/Id.hpp:132:9:[m[K [01;36m[Knote: [m[Kbecause ‘[01m[Ksm::Id[m[K’ has user-provided ‘[01m[Ksm::Id& sm::Id::operator=(const sm::Id&)[m[K’
  132 |     Id& [01;36m[Koperator[m[K= (const Id& other)
      |         [01;36m[K^~~~~~~~[m[K
In file included from [01m[K/calibration_ws/src/kalibr/aslam_optimizer/aslam_backend/include/aslam/backend/DesignVariable.hpp:4[m[K,
                 from [01m[K/calibration_ws/src/kalibr/aslam_optimizer/aslam_backend/include/aslam/backend/JacobianContainer.hpp:8[m[K,
                 from [01m[K/calibration_ws/src/kalibr/aslam_optimizer/aslam_backend_expressions/include/aslam/backend/RotationExpressionNode.hpp:5[m[K,
                 from [01m[K/calibration_ws/src/kalibr/aslam_optimizer/aslam_backend_expressions/include/aslam/backend/Vector2RotationQuaternionExpressionAdapter.hpp:11[m[K,
                 from [01m[K/calibration_ws/src/kalibr/aslam_optimizer/aslam_backend_expressions/src/Vector2RotationQuaternionExpressionAdapter.cpp:9[m[K:
[01m[K/calibration_ws/src/kalibr/Schweizer-Messer/sm_common/include/sm/Id.hpp:[m[K In member function ‘[01m[Ksm::Id sm::Id::operator++(int)[m[K’:
[01m[K/calibration_ws/src/kalibr/Schweizer-Messer/sm_common/include/sm/Id.hpp:122:14:[m[K [01;35m[Kwarning: [m[Kimplicitly-declared ‘[01m[Kconstexpr sm::Id::Id(const sm::Id&)[m[K’ is deprecated [[01;35m[K-Wdeprecated-copy[m[K]
  122 |       return [01;35m[Krval[m[K;
      |              [01;35m[K^~~~[m[K
[01m[K/calibration_ws/src/kalibr/Schweizer-Messer/sm_common/include/sm/Id.hpp:132:9:[m[K [01;36m[Knote: [m[Kbecause ‘[01m[Ksm::Id[m[K’ has user-provided ‘[01m[Ksm::Id& sm::Id::operator=(const sm::Id&)[m[K’
  132 |     Id& [01;36m[Koperator[m[K= (const Id& other)
      |         [01;36m[K^~~~~~~~[m[K
In file included from [01m[K/calibration_ws/src/kalibr/aslam_optimizer/aslam_backend/include/aslam/backend/DesignVariable.hpp:4[m[K,
                 from [01m[K/calibration_ws/src/kalibr/aslam_optimizer/aslam_backend/include/aslam/backend/JacobianContainer.hpp:8[m[K,
                 from [01m[K/calibration_ws/src/kalibr/aslam_optimizer/aslam_backend_expressions/include/aslam/backend/EuclideanExpressionNode.hpp:4[m[K,
                 from [01m[K/calibration_ws/src/kalibr/aslam_optimizer/aslam_backend_expressions/src/EuclideanExpressionNode.cpp:1[m[K:
[01m[K/calibration_ws/src/kalibr/Schweizer-Messer/sm_common/include/sm/Id.hpp:[m[K In member function ‘[01m[Ksm::Id sm::Id::operator++(int)[m[K’:
[01m[K/calibration_ws/src/kalibr/Schweizer-Messer/sm_common/include/sm/Id.hpp:122:14:[m[K [01;35m[Kwarning: [m[Kimplicitly-declared ‘[01m[Kconstexpr sm::Id::Id(const sm::Id&)[m[K’ is deprecated [[01;35m[K-Wdeprecated-copy[m[K]
  122 |       return [01;35m[Krval[m[K;
      |              [01;35m[K^~~~[m[K
[01m[K/calibration_ws/src/kalibr/Schweizer-Messer/sm_common/include/sm/Id.hpp:132:9:[m[K [01;36m[Knote: [m[Kbecause ‘[01m[Ksm::Id[m[K’ has user-provided ‘[01m[Ksm::Id& sm::Id::operator=(const sm::Id&)[m[K’
  132 |     Id& [01;36m[Koperator[m[K= (const Id& other)
      |         [01;36m[K^~~~~~~~[m[K
[01m[K/calibration_ws/src/kalibr/aslam_optimizer/aslam_backend_expressions/src/MappedRotationQuaternion.cpp:[m[K In member function ‘[01m[Kvirtual void aslam::backend::MappedRotationQuaternion::updateImplementation(const double*, int)[m[K’:
[01m[K/calibration_ws/src/kalibr/aslam_optimizer/aslam_backend_expressions/src/MappedRotationQuaternion.cpp:23:80:[m[K [01;35m[Kwarning: [m[Kunused parameter ‘[01m[Ksize[m[K’ [[01;35m[K-Wunused-parameter[m[K]
   23 |     void MappedRotationQuaternion::updateImplementation(const double * dp, [01;35m[Kint size[m[K)
      |                                                                            [01;35m[K~~~~^~~~[m[K
[01m[K/calibration_ws/src/kalibr/aslam_optimizer/aslam_backend_expressions/src/RotationQuaternion.cpp:[m[K In member function ‘[01m[Kvirtual void aslam::backend::RotationQuaternion::updateImplementation(const double*, int)[m[K’:
[01m[K/calibration_ws/src/kalibr/aslam_optimizer/aslam_backend_expressions/src/RotationQuaternion.cpp:29:74:[m[K [01;35m[Kwarning: [m[Kunused parameter ‘[01m[Ksize[m[K’ [[01;35m[K-Wunused-parameter[m[K]
   29 |     void RotationQuaternion::updateImplementation(const double * dp, [01;35m[Kint size[m[K)
      |                                                                      [01;35m[K~~~~^~~~[m[K
[ 50%] [32mBuilding CXX object CMakeFiles/aslam_backend_expressions.dir/src/EuclideanPoint.cpp.o[0m
[ 53%] [32mBuilding CXX object CMakeFiles/aslam_backend_expressions.dir/src/MappedEuclideanPoint.cpp.o[0m
[ 57%] [32mBuilding CXX object CMakeFiles/aslam_backend_expressions.dir/src/HomogeneousExpression.cpp.o[0m
[ 60%] [32mBuilding CXX object CMakeFiles/aslam_backend_expressions.dir/src/HomogeneousExpressionNode.cpp.o[0m
[ 64%] [32mBuilding CXX object CMakeFiles/aslam_backend_expressions.dir/src/HomogeneousPoint.cpp.o[0m
[ 67%] [32mBuilding CXX object CMakeFiles/aslam_backend_expressions.dir/src/MappedHomogeneousPoint.cpp.o[0m
[ 71%] [32mBuilding CXX object CMakeFiles/aslam_backend_expressions.dir/src/ScalarExpression.cpp.o[0m
[ 75%] [32mBuilding CXX object CMakeFiles/aslam_backend_expressions.dir/src/ScalarExpressionNode.cpp.o[0m
[ 78%] [32mBuilding CXX object CMakeFiles/aslam_backend_expressions.dir/src/Scalar.cpp.o[0m
[ 82%] [32mBuilding CXX object CMakeFiles/aslam_backend_expressions.dir/src/EuclideanDirection.cpp.o[0m
[ 85%] [32mBuilding CXX object CMakeFiles/aslam_backend_expressions.dir/src/ErrorTermTransformation.cpp.o[0m
In file included from [01m[K/calibration_ws/src/kalibr/aslam_optimizer/aslam_backend/include/aslam/backend/DesignVariable.hpp:4[m[K,
                 from [01m[K/calibration_ws/src/kalibr/aslam_optimizer/aslam_backend/include/aslam/backend/JacobianContainer.hpp:8[m[K,
                 from [01m[K/calibration_ws/src/kalibr/aslam_optimizer/aslam_backend_expressions/include/aslam/backend/EuclideanExpressionNode.hpp:4[m[K,
                 from [01m[K/calibration_ws/src/kalibr/aslam_optimizer/aslam_backend_expressions/include/aslam/backend/EuclideanPoint.hpp:4[m[K,
                 from [01m[K/calibration_ws/src/kalibr/aslam_optimizer/aslam_backend_expressions/src/EuclideanPoint.cpp:1[m[K:
[01m[K/calibration_ws/src/kalibr/Schweizer-Messer/sm_common/include/sm/Id.hpp:[m[K In member function ‘[01m[Ksm::Id sm::Id::operator++(int)[m[K’:
[01m[K/calibration_ws/src/kalibr/Schweizer-Messer/sm_common/include/sm/Id.hpp:122:14:[m[K [01;35m[Kwarning: [m[Kimplicitly-declared ‘[01m[Kconstexpr sm::Id::Id(const sm::Id&)[m[K’ is deprecated [[01;35m[K-Wdeprecated-copy[m[K]
  122 |       return [01;35m[Krval[m[K;
      |              [01;35m[K^~~~[m[K
[01m[K/calibration_ws/src/kalibr/Schweizer-Messer/sm_common/include/sm/Id.hpp:132:9:[m[K [01;36m[Knote: [m[Kbecause ‘[01m[Ksm::Id[m[K’ has user-provided ‘[01m[Ksm::Id& sm::Id::operator=(const sm::Id&)[m[K’
  132 |     Id& [01;36m[Koperator[m[K= (const Id& other)
      |         [01;36m[K^~~~~~~~[m[K
In file included from [01m[K/calibration_ws/src/kalibr/aslam_optimizer/aslam_backend/include/aslam/backend/DesignVariable.hpp:4[m[K,
                 from [01m[K/calibration_ws/src/kalibr/aslam_optimizer/aslam_backend/include/aslam/backend/JacobianContainer.hpp:8[m[K,
                 from [01m[K/calibration_ws/src/kalibr/aslam_optimizer/aslam_backend_expressions/include/aslam/backend/EuclideanExpressionNode.hpp:4[m[K,
                 from [01m[K/calibration_ws/src/kalibr/aslam_optimizer/aslam_backend_expressions/include/aslam/backend/MappedEuclideanPoint.hpp:4[m[K,
                 from [01m[K/calibration_ws/src/kalibr/aslam_optimizer/aslam_backend_expressions/src/MappedEuclideanPoint.cpp:1[m[K:
[01m[K/calibration_ws/src/kalibr/Schweizer-Messer/sm_common/include/sm/Id.hpp:[m[K In member function ‘[01m[Ksm::Id sm::Id::operator++(int)[m[K’:
[01m[K/calibration_ws/src/kalibr/Schweizer-Messer/sm_common/include/sm/Id.hpp:122:14:[m[K [01;35m[Kwarning: [m[Kimplicitly-declared ‘[01m[Kconstexpr sm::Id::Id(const sm::Id&)[m[K’ is deprecated [[01;35m[K-Wdeprecated-copy[m[K]
  122 |       return [01;35m[Krval[m[K;
      |              [01;35m[K^~~~[m[K
[01m[K/calibration_ws/src/kalibr/Schweizer-Messer/sm_common/include/sm/Id.hpp:132:9:[m[K [01;36m[Knote: [m[Kbecause ‘[01m[Ksm::Id[m[K’ has user-provided ‘[01m[Ksm::Id& sm::Id::operator=(const sm::Id&)[m[K’
  132 |     Id& [01;36m[Koperator[m[K= (const Id& other)
      |         [01;36m[K^~~~~~~~[m[K
In file included from [01m[K/calibration_ws/src/kalibr/aslam_optimizer/aslam_backend/include/aslam/backend/DesignVariable.hpp:4[m[K,
                 from [01m[K/calibration_ws/src/kalibr/aslam_optimizer/aslam_backend/include/aslam/backend/JacobianContainer.hpp:8[m[K,
                 from [01m[K/calibration_ws/src/kalibr/aslam_optimizer/aslam_backend_expressions/include/aslam/backend/HomogeneousExpressionNode.hpp:4[m[K,
                 from [01m[K/calibration_ws/src/kalibr/aslam_optimizer/aslam_backend_expressions/src/HomogeneousExpressionNode.cpp:1[m[K:
[01m[K/calibration_ws/src/kalibr/Schweizer-Messer/sm_common/include/sm/Id.hpp:[m[K In member function ‘[01m[Ksm::Id sm::Id::operator++(int)[m[K’:
[01m[K/calibration_ws/src/kalibr/Schweizer-Messer/sm_common/include/sm/Id.hpp:122:14:[m[K [01;35m[Kwarning: [m[Kimplicitly-declared ‘[01m[Kconstexpr sm::Id::Id(const sm::Id&)[m[K’ is deprecated [[01;35m[K-Wdeprecated-copy[m[K]
  122 |       return [01;35m[Krval[m[K;
      |              [01;35m[K^~~~[m[K
[01m[K/calibration_ws/src/kalibr/Schweizer-Messer/sm_common/include/sm/Id.hpp:132:9:[m[K [01;36m[Knote: [m[Kbecause ‘[01m[Ksm::Id[m[K’ has user-provided ‘[01m[Ksm::Id& sm::Id::operator=(const sm::Id&)[m[K’
  132 |     Id& [01;36m[Koperator[m[K= (const Id& other)
      |         [01;36m[K^~~~~~~~[m[K
In file included from [01m[K/calibration_ws/src/kalibr/aslam_optimizer/aslam_backend/include/aslam/backend/DesignVariable.hpp:4[m[K,
                 from [01m[K/calibration_ws/src/kalibr/aslam_optimizer/aslam_backend/include/aslam/backend/JacobianContainer.hpp:8[m[K,
                 from [01m[K/calibration_ws/src/kalibr/aslam_optimizer/aslam_backend_expressions/include/aslam/backend/EuclideanExpression.hpp:6[m[K,
                 from [01m[K/calibration_ws/src/kalibr/aslam_optimizer/aslam_backend_expressions/include/aslam/backend/HomogeneousExpression.hpp:6[m[K,
                 from [01m[K/calibration_ws/src/kalibr/aslam_optimizer/aslam_backend_expressions/src/HomogeneousExpression.cpp:1[m[K:
[01m[K/calibration_ws/src/kalibr/Schweizer-Messer/sm_common/include/sm/Id.hpp:[m[K In member function ‘[01m[Ksm::Id sm::Id::operator++(int)[m[K’:
[01m[K/calibration_ws/src/kalibr/Schweizer-Messer/sm_common/include/sm/Id.hpp:122:14:[m[K [01;35m[Kwarning: [m[Kimplicitly-declared ‘[01m[Kconstexpr sm::Id::Id(const sm::Id&)[m[K’ is deprecated [[01;35m[K-Wdeprecated-copy[m[K]
  122 |       return [01;35m[Krval[m[K;
      |              [01;35m[K^~~~[m[K
[01m[K/calibration_ws/src/kalibr/Schweizer-Messer/sm_common/include/sm/Id.hpp:132:9:[m[K [01;36m[Knote: [m[Kbecause ‘[01m[Ksm::Id[m[K’ has user-provided ‘[01m[Ksm::Id& sm::Id::operator=(const sm::Id&)[m[K’
  132 |     Id& [01;36m[Koperator[m[K= (const Id& other)
      |         [01;36m[K^~~~~~~~[m[K
In file included from [01m[K/calibration_ws/src/kalibr/aslam_optimizer/aslam_backend/include/aslam/backend/DesignVariable.hpp:4[m[K,
                 from [01m[K/calibration_ws/src/kalibr/aslam_optimizer/aslam_backend/include/aslam/backend/JacobianContainer.hpp:8[m[K,
                 from [01m[K/calibration_ws/src/kalibr/aslam_optimizer/aslam_backend_expressions/include/aslam/backend/HomogeneousExpressionNode.hpp:4[m[K,
                 from [01m[K/calibration_ws/src/kalibr/aslam_optimizer/aslam_backend_expressions/include/aslam/backend/MappedHomogeneousPoint.hpp:4[m[K,
                 from [01m[K/calibration_ws/src/kalibr/aslam_optimizer/aslam_backend_expressions/src/MappedHomogeneousPoint.cpp:1[m[K:
[01m[K/calibration_ws/src/kalibr/Schweizer-Messer/sm_common/include/sm/Id.hpp:[m[K In member function ‘[01m[Ksm::Id sm::Id::operator++(int)[m[K’:
[01m[K/calibration_ws/src/kalibr/Schweizer-Messer/sm_common/include/sm/Id.hpp:122:14:[m[K [01;35m[Kwarning: [m[Kimplicitly-declared ‘[01m[Kconstexpr sm::Id::Id(const sm::Id&)[m[K’ is deprecated [[01;35m[K-Wdeprecated-copy[m[K]
  122 |       return [01;35m[Krval[m[K;
      |              [01;35m[K^~~~[m[K
[01m[K/calibration_ws/src/kalibr/Schweizer-Messer/sm_common/include/sm/Id.hpp:132:9:[m[K [01;36m[Knote: [m[Kbecause ‘[01m[Ksm::Id[m[K’ has user-provided ‘[01m[Ksm::Id& sm::Id::operator=(const sm::Id&)[m[K’
  132 |     Id& [01;36m[Koperator[m[K= (const Id& other)
      |         [01;36m[K^~~~~~~~[m[K
[ 89%] [32mBuilding CXX object CMakeFiles/aslam_backend_expressions.dir/src/ErrorTermEuclidean.cpp.o[0m
In file included from [01m[K/calibration_ws/src/kalibr/aslam_optimizer/aslam_backend/include/aslam/backend/DesignVariable.hpp:4[m[K,
                 from [01m[K/calibration_ws/src/kalibr/aslam_optimizer/aslam_backend/include/aslam/backend/JacobianContainer.hpp:8[m[K,
                 from [01m[K/calibration_ws/src/kalibr/aslam_optimizer/aslam_backend_expressions/include/aslam/backend/HomogeneousExpressionNode.hpp:4[m[K,
                 from [01m[K/calibration_ws/src/kalibr/aslam_optimizer/aslam_backend_expressions/include/aslam/backend/HomogeneousPoint.hpp:4[m[K,
                 from [01m[K/calibration_ws/src/kalibr/aslam_optimizer/aslam_backend_expressions/src/HomogeneousPoint.cpp:1[m[K:
[01m[K/calibration_ws/src/kalibr/Schweizer-Messer/sm_common/include/sm/Id.hpp:[m[K In member function ‘[01m[Ksm::Id sm::Id::operator++(int)[m[K’:
[01m[K/calibration_ws/src/kalibr/Schweizer-Messer/sm_common/include/sm/Id.hpp:122:14:[m[K [01;35m[Kwarning: [m[Kimplicitly-declared ‘[01m[Kconstexpr sm::Id::Id(const sm::Id&)[m[K’ is deprecated [[01;35m[K-Wdeprecated-copy[m[K]
  122 |       return [01;35m[Krval[m[K;
      |              [01;35m[K^~~~[m[K
[01m[K/calibration_ws/src/kalibr/Schweizer-Messer/sm_common/include/sm/Id.hpp:132:9:[m[K [01;36m[Knote: [m[Kbecause ‘[01m[Ksm::Id[m[K’ has user-provided ‘[01m[Ksm::Id& sm::Id::operator=(const sm::Id&)[m[K’
  132 |     Id& [01;36m[Koperator[m[K= (const Id& other)
      |         [01;36m[K^~~~~~~~[m[K
In file included from [01m[K/calibration_ws/src/kalibr/aslam_optimizer/aslam_backend/include/aslam/backend/DesignVariable.hpp:4[m[K,
                 from [01m[K/calibration_ws/src/kalibr/aslam_optimizer/aslam_backend/include/aslam/backend/JacobianContainer.hpp:8[m[K,
                 from [01m[K/calibration_ws/src/kalibr/aslam_optimizer/aslam_backend_expressions/include/aslam/backend/ScalarExpression.hpp:6[m[K,
                 from [01m[K/calibration_ws/src/kalibr/aslam_optimizer/aslam_backend_expressions/src/ScalarExpression.cpp:1[m[K:
[01m[K/calibration_ws/src/kalibr/Schweizer-Messer/sm_common/include/sm/Id.hpp:[m[K In member function ‘[01m[Ksm::Id sm::Id::operator++(int)[m[K’:
[01m[K/calibration_ws/src/kalibr/Schweizer-Messer/sm_common/include/sm/Id.hpp:122:14:[m[K [01;35m[Kwarning: [m[Kimplicitly-declared ‘[01m[Kconstexpr sm::Id::Id(const sm::Id&)[m[K’ is deprecated [[01;35m[K-Wdeprecated-copy[m[K]
  122 |       return [01;35m[Krval[m[K;
      |              [01;35m[K^~~~[m[K
[01m[K/calibration_ws/src/kalibr/Schweizer-Messer/sm_common/include/sm/Id.hpp:132:9:[m[K [01;36m[Knote: [m[Kbecause ‘[01m[Ksm::Id[m[K’ has user-provided ‘[01m[Ksm::Id& sm::Id::operator=(const sm::Id&)[m[K’
  132 |     Id& [01;36m[Koperator[m[K= (const Id& other)
      |         [01;36m[K^~~~~~~~[m[K
In file included from [01m[K/calibration_ws/src/kalibr/aslam_optimizer/aslam_backend/include/aslam/backend/DesignVariable.hpp:4[m[K,
                 from [01m[K/calibration_ws/src/kalibr/aslam_optimizer/aslam_backend/include/aslam/backend/JacobianContainer.hpp:8[m[K,
                 from [01m[K/calibration_ws/src/kalibr/aslam_optimizer/aslam_backend_expressions/include/aslam/backend/ScalarExpressionNode.hpp:4[m[K,
                 from [01m[K/calibration_ws/src/kalibr/aslam_optimizer/aslam_backend_expressions/include/aslam/backend/Scalar.hpp:4[m[K,
                 from [01m[K/calibration_ws/src/kalibr/aslam_optimizer/aslam_backend_expressions/src/Scalar.cpp:1[m[K:
[01m[K/calibration_ws/src/kalibr/Schweizer-Messer/sm_common/include/sm/Id.hpp:[m[K In member function ‘[01m[Ksm::Id sm::Id::operator++(int)[m[K’:
[01m[K/calibration_ws/src/kalibr/Schweizer-Messer/sm_common/include/sm/Id.hpp:122:14:[m[K [01;35m[Kwarning: [m[Kimplicitly-declared ‘[01m[Kconstexpr sm::Id::Id(const sm::Id&)[m[K’ is deprecated [[01;35m[K-Wdeprecated-copy[m[K]
  122 |       return [01;35m[Krval[m[K;
      |              [01;35m[K^~~~[m[K
[01m[K/calibration_ws/src/kalibr/Schweizer-Messer/sm_common/include/sm/Id.hpp:132:9:[m[K [01;36m[Knote: [m[Kbecause ‘[01m[Ksm::Id[m[K’ has user-provided ‘[01m[Ksm::Id& sm::Id::operator=(const sm::Id&)[m[K’
  132 |     Id& [01;36m[Koperator[m[K= (const Id& other)
      |         [01;36m[K^~~~~~~~[m[K
In file included from [01m[K/calibration_ws/src/kalibr/aslam_optimizer/aslam_backend/include/aslam/backend/DesignVariable.hpp:4[m[K,
                 from [01m[K/calibration_ws/src/kalibr/aslam_optimizer/aslam_backend/include/aslam/backend/JacobianContainer.hpp:8[m[K,
                 from [01m[K/calibration_ws/src/kalibr/aslam_optimizer/aslam_backend_expressions/include/aslam/backend/ScalarExpressionNode.hpp:4[m[K,
                 from [01m[K/calibration_ws/src/kalibr/aslam_optimizer/aslam_backend_expressions/src/ScalarExpressionNode.cpp:1[m[K:
[01m[K/calibration_ws/src/kalibr/Schweizer-Messer/sm_common/include/sm/Id.hpp:[m[K In member function ‘[01m[Ksm::Id sm::Id::operator++(int)[m[K’:
[01m[K/calibration_ws/src/kalibr/Schweizer-Messer/sm_common/include/sm/Id.hpp:122:14:[m[K [01;35m[Kwarning: [m[Kimplicitly-declared ‘[01m[Kconstexpr sm::Id::Id(const sm::Id&)[m[K’ is deprecated [[01;35m[K-Wdeprecated-copy[m[K]
  122 |       return [01;35m[Krval[m[K;
      |              [01;35m[K^~~~[m[K
[01m[K/calibration_ws/src/kalibr/Schweizer-Messer/sm_common/include/sm/Id.hpp:132:9:[m[K [01;36m[Knote: [m[Kbecause ‘[01m[Ksm::Id[m[K’ has user-provided ‘[01m[Ksm::Id& sm::Id::operator=(const sm::Id&)[m[K’
  132 |     Id& [01;36m[Koperator[m[K= (const Id& other)
      |         [01;36m[K^~~~~~~~[m[K
In file included from [01m[K/calibration_ws/src/kalibr/aslam_optimizer/aslam_backend/include/aslam/backend/DesignVariable.hpp:4[m[K,
                 from [01m[K/calibration_ws/src/kalibr/aslam_optimizer/aslam_backend/include/aslam/backend/JacobianContainer.hpp:8[m[K,
                 from [01m[K/calibration_ws/src/kalibr/aslam_optimizer/aslam_backend_expressions/include/aslam/backend/EuclideanExpressionNode.hpp:4[m[K,
                 from [01m[K/calibration_ws/src/kalibr/aslam_optimizer/aslam_backend_expressions/include/aslam/backend/EuclideanDirection.hpp:4[m[K,
                 from [01m[K/calibration_ws/src/kalibr/aslam_optimizer/aslam_backend_expressions/src/EuclideanDirection.cpp:1[m[K:
[01m[K/calibration_ws/src/kalibr/Schweizer-Messer/sm_common/include/sm/Id.hpp:[m[K In member function ‘[01m[Ksm::Id sm::Id::operator++(int)[m[K’:
[01m[K/calibration_ws/src/kalibr/Schweizer-Messer/sm_common/include/sm/Id.hpp:122:14:[m[K [01;35m[Kwarning: [m[Kimplicitly-declared ‘[01m[Kconstexpr sm::Id::Id(const sm::Id&)[m[K’ is deprecated [[01;35m[K-Wdeprecated-copy[m[K]
  122 |       return [01;35m[Krval[m[K;
      |              [01;35m[K^~~~[m[K
[01m[K/calibration_ws/src/kalibr/Schweizer-Messer/sm_common/include/sm/Id.hpp:132:9:[m[K [01;36m[Knote: [m[Kbecause ‘[01m[Ksm::Id[m[K’ has user-provided ‘[01m[Ksm::Id& sm::Id::operator=(const sm::Id&)[m[K’
  132 |     Id& [01;36m[Koperator[m[K= (const Id& other)
      |         [01;36m[K^~~~~~~~[m[K
[ 92%] [32mBuilding CXX object CMakeFiles/aslam_backend_expressions.dir/src/MapTransformation.cpp.o[0m
[ 96%] [32mBuilding CXX object CMakeFiles/aslam_backend_expressions.dir/src/MatrixBasic.cpp.o[0m
In file included from [01m[K/calibration_ws/src/kalibr/aslam_optimizer/aslam_backend/include/aslam/backend/DesignVariable.hpp:4[m[K,
                 from [01m[K/calibration_ws/src/kalibr/aslam_optimizer/aslam_backend/include/aslam/backend/backend.hpp:5[m[K,
                 from [01m[K/calibration_ws/src/kalibr/aslam_optimizer/aslam_backend/include/aslam/backend/ErrorTerm.hpp:6[m[K,
                 from [01m[K/calibration_ws/src/kalibr/aslam_optimizer/aslam_backend_expressions/include/aslam/backend/ErrorTermTransformation.hpp:11[m[K,
                 from [01m[K/calibration_ws/src/kalibr/aslam_optimizer/aslam_backend_expressions/src/ErrorTermTransformation.cpp:1[m[K:
[01m[K/calibration_ws/src/kalibr/Schweizer-Messer/sm_common/include/sm/Id.hpp:[m[K In member function ‘[01m[Ksm::Id sm::Id::operator++(int)[m[K’:
[01m[K/calibration_ws/src/kalibr/Schweizer-Messer/sm_common/include/sm/Id.hpp:122:14:[m[K [01;35m[Kwarning: [m[Kimplicitly-declared ‘[01m[Kconstexpr sm::Id::Id(const sm::Id&)[m[K’ is deprecated [[01;35m[K-Wdeprecated-copy[m[K]
  122 |       return [01;35m[Krval[m[K;
      |              [01;35m[K^~~~[m[K
[01m[K/calibration_ws/src/kalibr/Schweizer-Messer/sm_common/include/sm/Id.hpp:132:9:[m[K [01;36m[Knote: [m[Kbecause ‘[01m[Ksm::Id[m[K’ has user-provided ‘[01m[Ksm::Id& sm::Id::operator=(const sm::Id&)[m[K’
  132 |     Id& [01;36m[Koperator[m[K= (const Id& other)
      |         [01;36m[K^~~~~~~~[m[K
In file included from [01m[K/calibration_ws/src/kalibr/aslam_optimizer/aslam_backend/include/aslam/backend/DesignVariable.hpp:4[m[K,
                 from [01m[K/calibration_ws/src/kalibr/aslam_optimizer/aslam_backend_expressions/include/aslam/backend/MappedRotationQuaternion.hpp:6[m[K,
                 from [01m[K/calibration_ws/src/kalibr/aslam_optimizer/aslam_backend_expressions/include/aslam/backend/MapTransformation.hpp:5[m[K,
                 from [01m[K/calibration_ws/src/kalibr/aslam_optimizer/aslam_backend_expressions/src/MapTransformation.cpp:1[m[K:
[01m[K/calibration_ws/src/kalibr/Schweizer-Messer/sm_common/include/sm/Id.hpp:[m[K In member function ‘[01m[Ksm::Id sm::Id::operator++(int)[m[K’:
[01m[K/calibration_ws/src/kalibr/Schweizer-Messer/sm_common/include/sm/Id.hpp:122:14:[m[K [01;35m[Kwarning: [m[Kimplicitly-declared ‘[01m[Kconstexpr sm::Id::Id(const sm::Id&)[m[K’ is deprecated [[01;35m[K-Wdeprecated-copy[m[K]
  122 |       return [01;35m[Krval[m[K;
      |              [01;35m[K^~~~[m[K
[01m[K/calibration_ws/src/kalibr/Schweizer-Messer/sm_common/include/sm/Id.hpp:132:9:[m[K [01;36m[Knote: [m[Kbecause ‘[01m[Ksm::Id[m[K’ has user-provided ‘[01m[Ksm::Id& sm::Id::operator=(const sm::Id&)[m[K’
  132 |     Id& [01;36m[Koperator[m[K= (const Id& other)
      |         [01;36m[K^~~~~~~~[m[K
In file included from [01m[K/calibration_ws/src/kalibr/aslam_optimizer/aslam_backend/include/aslam/backend/DesignVariable.hpp:4[m[K,
                 from [01m[K/calibration_ws/src/kalibr/aslam_optimizer/aslam_backend_expressions/include/aslam/backend/MatrixBasic.hpp:6[m[K,
                 from [01m[K/calibration_ws/src/kalibr/aslam_optimizer/aslam_backend_expressions/src/MatrixBasic.cpp:2[m[K:
[01m[K/calibration_ws/src/kalibr/Schweizer-Messer/sm_common/include/sm/Id.hpp:[m[K In member function ‘[01m[Ksm::Id sm::Id::operator++(int)[m[K’:
[01m[K/calibration_ws/src/kalibr/Schweizer-Messer/sm_common/include/sm/Id.hpp:122:14:[m[K [01;35m[Kwarning: [m[Kimplicitly-declared ‘[01m[Kconstexpr sm::Id::Id(const sm::Id&)[m[K’ is deprecated [[01;35m[K-Wdeprecated-copy[m[K]
  122 |       return [01;35m[Krval[m[K;
      |              [01;35m[K^~~~[m[K
[01m[K/calibration_ws/src/kalibr/Schweizer-Messer/sm_common/include/sm/Id.hpp:132:9:[m[K [01;36m[Knote: [m[Kbecause ‘[01m[Ksm::Id[m[K’ has user-provided ‘[01m[Ksm::Id& sm::Id::operator=(const sm::Id&)[m[K’
  132 |     Id& [01;36m[Koperator[m[K= (const Id& other)
      |         [01;36m[K^~~~~~~~[m[K
In file included from [01m[K/calibration_ws/src/kalibr/aslam_optimizer/aslam_backend/include/aslam/backend/DesignVariable.hpp:4[m[K,
                 from [01m[K/calibration_ws/src/kalibr/aslam_optimizer/aslam_backend/include/aslam/backend/backend.hpp:5[m[K,
                 from [01m[K/calibration_ws/src/kalibr/aslam_optimizer/aslam_backend/include/aslam/backend/ErrorTerm.hpp:6[m[K,
                 from [01m[K/calibration_ws/src/kalibr/aslam_optimizer/aslam_backend_expressions/include/aslam/backend/ErrorTermEuclidean.hpp:11[m[K,
                 from [01m[K/calibration_ws/src/kalibr/aslam_optimizer/aslam_backend_expressions/src/ErrorTermEuclidean.cpp:1[m[K:
[01m[K/calibration_ws/src/kalibr/Schweizer-Messer/sm_common/include/sm/Id.hpp:[m[K In member function ‘[01m[Ksm::Id sm::Id::operator++(int)[m[K’:
[01m[K/calibration_ws/src/kalibr/Schweizer-Messer/sm_common/include/sm/Id.hpp:122:14:[m[K [01;35m[Kwarning: [m[Kimplicitly-declared ‘[01m[Kconstexpr sm::Id::Id(const sm::Id&)[m[K’ is deprecated [[01;35m[K-Wdeprecated-copy[m[K]
  122 |       return [01;35m[Krval[m[K;
      |              [01;35m[K^~~~[m[K
[01m[K/calibration_ws/src/kalibr/Schweizer-Messer/sm_common/include/sm/Id.hpp:132:9:[m[K [01;36m[Knote: [m[Kbecause ‘[01m[Ksm::Id[m[K’ has user-provided ‘[01m[Ksm::Id& sm::Id::operator=(const sm::Id&)[m[K’
  132 |     Id& [01;36m[Koperator[m[K= (const Id& other)
      |         [01;36m[K^~~~~~~~[m[K
[01m[K/calibration_ws/src/kalibr/aslam_optimizer/aslam_backend_expressions/src/MatrixBasic.cpp:[m[K In constructor ‘[01m[Kaslam::backend::MatrixBasic::MatrixBasic(const Matrix3d&, const Matrix3i&)[m[K’:
[01m[K/calibration_ws/src/kalibr/aslam_optimizer/aslam_backend_expressions/src/MatrixBasic.cpp:19:24:[m[K [01;35m[Kwarning: [m[Kcomparison of integer expressions of different signedness: ‘[01m[Ksize_t[m[K’ {aka ‘[01m[Klong unsigned int[m[K’} and ‘[01m[KEigen::Index[m[K’ {aka ‘[01m[Klong int[m[K’} [[01;35m[K-Wsign-compare[m[K]
   19 |  for (size_t row=0; [01;35m[Krow<UpdatePattern.rows()[m[K; ++row) {
      |                     [01;35m[K~~~^~~~~~~~~~~~~~~~~~~~~[m[K
[01m[K/calibration_ws/src/kalibr/aslam_optimizer/aslam_backend_expressions/src/MatrixBasic.cpp:20:24:[m[K [01;35m[Kwarning: [m[Kcomparison of integer expressions of different signedness: ‘[01m[Ksize_t[m[K’ {aka ‘[01m[Klong unsigned int[m[K’} and ‘[01m[KEigen::Index[m[K’ {aka ‘[01m[Klong int[m[K’} [[01;35m[K-Wsign-compare[m[K]
   20 |   for(size_t col=0; [01;35m[Kcol<UpdatePattern.cols()[m[K; ++col) {
      |                     [01;35m[K~~~^~~~~~~~~~~~~~~~~~~~~[m[K
[01m[K/calibration_ws/src/kalibr/aslam_optimizer/aslam_backend_expressions/src/MatrixBasic.cpp:[m[K In member function ‘[01m[Kvirtual void aslam::backend::MatrixBasic::updateImplementation(const double*, int)[m[K’:
[01m[K/calibration_ws/src/kalibr/aslam_optimizer/aslam_backend_expressions/src/MatrixBasic.cpp:40:63:[m[K [01;35m[Kwarning: [m[Kunused parameter ‘[01m[Ksize[m[K’ [[01;35m[K-Wunused-parameter[m[K]
   40 | void MatrixBasic::updateImplementation(const double * dp, [01;35m[Kint size[m[K)
      |                                                           [01;35m[K~~~~^~~~[m[K
[100%] [32m[1mLinking CXX shared library /calibration_ws/devel/.private/aslam_backend_expressions/lib/libaslam_backend_expressions.so[0m
[100%] Built target aslam_backend_expressions
