Performing C SOURCE FILE Test CMAKE_HAVE_LIBC_PTHREAD failed with the following output:
Change Dir: /calibration_ws/build/aslam_backend/CMakeFiles/CMakeTmp

Run Build Command(s):/usr/bin/make cmTC_67afc/fast && /usr/bin/make -f CMakeFiles/cmTC_67afc.dir/build.make CMakeFiles/cmTC_67afc.dir/build
make[1]: Entering directory '/calibration_ws/build/aslam_backend/CMakeFiles/CMakeTmp'
Building C object CMakeFiles/cmTC_67afc.dir/src.c.o
/usr/bin/cc   -DCMAKE_HAVE_LIBC_PTHREAD   -o CMakeFiles/cmTC_67afc.dir/src.c.o   -c /calibration_ws/build/aslam_backend/CMakeFiles/CMakeTmp/src.c
Linking C executable cmTC_67afc
/usr/bin/cmake -E cmake_link_script CMakeFiles/cmTC_67afc.dir/link.txt --verbose=1
/usr/bin/cc  -DCMAKE_HAVE_LIBC_PTHREAD    -rdynamic CMakeFiles/cmTC_67afc.dir/src.c.o  -o cmTC_67afc 
/usr/bin/ld: CMakeFiles/cmTC_67afc.dir/src.c.o: in function `main':
src.c:(.text+0x46): undefined reference to `pthread_create'
/usr/bin/ld: src.c:(.text+0x52): undefined reference to `pthread_detach'
/usr/bin/ld: src.c:(.text+0x63): undefined reference to `pthread_join'
collect2: error: ld returned 1 exit status
make[1]: *** [CMakeFiles/cmTC_67afc.dir/build.make:87: cmTC_67afc] Error 1
make[1]: Leaving directory '/calibration_ws/build/aslam_backend/CMakeFiles/CMakeTmp'
make: *** [Makefile:121: cmTC_67afc/fast] Error 2


Source file was:
#include <pthread.h>

void* test_func(void* data)
{
  return data;
}

int main(void)
{
  pthread_t thread;
  pthread_create(&thread, NULL, test_func, NULL);
  pthread_detach(thread);
  pthread_join(thread, NULL);
  pthread_atfork(NULL, NULL, NULL);
  pthread_exit(NULL);

  return 0;
}

Determining if the function pthread_create exists in the pthreads failed with the following output:
Change Dir: /calibration_ws/build/aslam_backend/CMakeFiles/CMakeTmp

Run Build Command(s):/usr/bin/make cmTC_34330/fast && /usr/bin/make -f CMakeFiles/cmTC_34330.dir/build.make CMakeFiles/cmTC_34330.dir/build
make[1]: Entering directory '/calibration_ws/build/aslam_backend/CMakeFiles/CMakeTmp'
Building C object CMakeFiles/cmTC_34330.dir/CheckFunctionExists.c.o
/usr/bin/cc   -DCHECK_FUNCTION_EXISTS=pthread_create   -o CMakeFiles/cmTC_34330.dir/CheckFunctionExists.c.o   -c /usr/share/cmake-3.16/Modules/CheckFunctionExists.c
Linking C executable cmTC_34330
/usr/bin/cmake -E cmake_link_script CMakeFiles/cmTC_34330.dir/link.txt --verbose=1
/usr/bin/cc  -DCHECK_FUNCTION_EXISTS=pthread_create    -rdynamic CMakeFiles/cmTC_34330.dir/CheckFunctionExists.c.o  -o cmTC_34330  -lpthreads 
/usr/bin/ld: cannot find -lpthreads
collect2: error: ld returned 1 exit status
make[1]: *** [CMakeFiles/cmTC_34330.dir/build.make:87: cmTC_34330] Error 1
make[1]: Leaving directory '/calibration_ws/build/aslam_backend/CMakeFiles/CMakeTmp'
make: *** [Makefile:121: cmTC_34330/fast] Error 2



Determining if the function sgemm_ exists failed with the following output:
Change Dir: /calibration_ws/build/aslam_backend/CMakeFiles/CMakeTmp

Run Build Command(s):/usr/bin/make cmTC_98fb3/fast && /usr/bin/make -f CMakeFiles/cmTC_98fb3.dir/build.make CMakeFiles/cmTC_98fb3.dir/build
make[1]: Entering directory '/calibration_ws/build/aslam_backend/CMakeFiles/CMakeTmp'
Building C object CMakeFiles/cmTC_98fb3.dir/CheckFunctionExists.c.o
/usr/bin/cc   -DCHECK_FUNCTION_EXISTS=sgemm_   -o CMakeFiles/cmTC_98fb3.dir/CheckFunctionExists.c.o   -c /usr/share/cmake-3.16/Modules/CheckFunctionExists.c
Linking C executable cmTC_98fb3
/usr/bin/cmake -E cmake_link_script CMakeFiles/cmTC_98fb3.dir/link.txt --verbose=1
/usr/bin/cc  -DCHECK_FUNCTION_EXISTS=sgemm_    -rdynamic CMakeFiles/cmTC_98fb3.dir/CheckFunctionExists.c.o  -o cmTC_98fb3 
/usr/bin/ld: CMakeFiles/cmTC_98fb3.dir/CheckFunctionExists.c.o: in function `main':
CheckFunctionExists.c:(.text+0x14): undefined reference to `sgemm_'
collect2: error: ld returned 1 exit status
make[1]: *** [CMakeFiles/cmTC_98fb3.dir/build.make:87: cmTC_98fb3] Error 1
make[1]: Leaving directory '/calibration_ws/build/aslam_backend/CMakeFiles/CMakeTmp'
make: *** [Makefile:121: cmTC_98fb3/fast] Error 2



Determining if the function cheev_ exists failed with the following output:
Change Dir: /calibration_ws/build/aslam_backend/CMakeFiles/CMakeTmp

Run Build Command(s):/usr/bin/make cmTC_2778f/fast && /usr/bin/make -f CMakeFiles/cmTC_2778f.dir/build.make CMakeFiles/cmTC_2778f.dir/build
make[1]: Entering directory '/calibration_ws/build/aslam_backend/CMakeFiles/CMakeTmp'
Building C object CMakeFiles/cmTC_2778f.dir/CheckFunctionExists.c.o
/usr/bin/cc   -DCHECK_FUNCTION_EXISTS=cheev_   -o CMakeFiles/cmTC_2778f.dir/CheckFunctionExists.c.o   -c /usr/share/cmake-3.16/Modules/CheckFunctionExists.c
Linking C executable cmTC_2778f
/usr/bin/cmake -E cmake_link_script CMakeFiles/cmTC_2778f.dir/link.txt --verbose=1
/usr/bin/cc  -DCHECK_FUNCTION_EXISTS=cheev_    -rdynamic CMakeFiles/cmTC_2778f.dir/CheckFunctionExists.c.o  -o cmTC_2778f  /usr/lib/x86_64-linux-gnu/libblas.so 
/usr/bin/ld: CMakeFiles/cmTC_2778f.dir/CheckFunctionExists.c.o: in function `main':
CheckFunctionExists.c:(.text+0x14): undefined reference to `cheev_'
collect2: error: ld returned 1 exit status
make[1]: *** [CMakeFiles/cmTC_2778f.dir/build.make:88: cmTC_2778f] Error 1
make[1]: Leaving directory '/calibration_ws/build/aslam_backend/CMakeFiles/CMakeTmp'
make: *** [Makefile:121: cmTC_2778f/fast] Error 2



