Performing C SOURCE FILE Test CMAKE_HAVE_LIBC_PTHREAD failed with the following output:
Change Dir: /calibration_ws/build/aslam_backend_expressions/CMakeFiles/CMakeTmp

Run Build Command(s):/usr/bin/make cmTC_11375/fast && /usr/bin/make -f CMakeFiles/cmTC_11375.dir/build.make CMakeFiles/cmTC_11375.dir/build
make[1]: Entering directory '/calibration_ws/build/aslam_backend_expressions/CMakeFiles/CMakeTmp'
Building C object CMakeFiles/cmTC_11375.dir/src.c.o
/usr/bin/cc   -DCMAKE_HAVE_LIBC_PTHREAD   -o CMakeFiles/cmTC_11375.dir/src.c.o   -c /calibration_ws/build/aslam_backend_expressions/CMakeFiles/CMakeTmp/src.c
Linking C executable cmTC_11375
/usr/bin/cmake -E cmake_link_script CMakeFiles/cmTC_11375.dir/link.txt --verbose=1
/usr/bin/cc  -DCMAKE_HAVE_LIBC_PTHREAD    -rdynamic CMakeFiles/cmTC_11375.dir/src.c.o  -o cmTC_11375 
/usr/bin/ld: CMakeFiles/cmTC_11375.dir/src.c.o: in function `main':
src.c:(.text+0x46): undefined reference to `pthread_create'
/usr/bin/ld: src.c:(.text+0x52): undefined reference to `pthread_detach'
/usr/bin/ld: src.c:(.text+0x63): undefined reference to `pthread_join'
collect2: error: ld returned 1 exit status
make[1]: *** [CMakeFiles/cmTC_11375.dir/build.make:87: cmTC_11375] Error 1
make[1]: Leaving directory '/calibration_ws/build/aslam_backend_expressions/CMakeFiles/CMakeTmp'
make: *** [Makefile:121: cmTC_11375/fast] Error 2


Source file was:
#include <pthread.h>

void* test_func(void* data)
{
  return data;
}

int main(void)
{
  pthread_t thread;
  pthread_create(&thread, NULL, test_func, NULL);
  pthread_detach(thread);
  pthread_join(thread, NULL);
  pthread_atfork(NULL, NULL, NULL);
  pthread_exit(NULL);

  return 0;
}

Determining if the function pthread_create exists in the pthreads failed with the following output:
Change Dir: /calibration_ws/build/aslam_backend_expressions/CMakeFiles/CMakeTmp

Run Build Command(s):/usr/bin/make cmTC_1d33c/fast && /usr/bin/make -f CMakeFiles/cmTC_1d33c.dir/build.make CMakeFiles/cmTC_1d33c.dir/build
make[1]: Entering directory '/calibration_ws/build/aslam_backend_expressions/CMakeFiles/CMakeTmp'
Building C object CMakeFiles/cmTC_1d33c.dir/CheckFunctionExists.c.o
/usr/bin/cc   -DCHECK_FUNCTION_EXISTS=pthread_create   -o CMakeFiles/cmTC_1d33c.dir/CheckFunctionExists.c.o   -c /usr/share/cmake-3.16/Modules/CheckFunctionExists.c
Linking C executable cmTC_1d33c
/usr/bin/cmake -E cmake_link_script CMakeFiles/cmTC_1d33c.dir/link.txt --verbose=1
/usr/bin/cc  -DCHECK_FUNCTION_EXISTS=pthread_create    -rdynamic CMakeFiles/cmTC_1d33c.dir/CheckFunctionExists.c.o  -o cmTC_1d33c  -lpthreads 
/usr/bin/ld: cannot find -lpthreads
collect2: error: ld returned 1 exit status
make[1]: *** [CMakeFiles/cmTC_1d33c.dir/build.make:87: cmTC_1d33c] Error 1
make[1]: Leaving directory '/calibration_ws/build/aslam_backend_expressions/CMakeFiles/CMakeTmp'
make: *** [Makefile:121: cmTC_1d33c/fast] Error 2



Determining if the function sgemm_ exists failed with the following output:
Change Dir: /calibration_ws/build/aslam_backend_expressions/CMakeFiles/CMakeTmp

Run Build Command(s):/usr/bin/make cmTC_09a5f/fast && /usr/bin/make -f CMakeFiles/cmTC_09a5f.dir/build.make CMakeFiles/cmTC_09a5f.dir/build
make[1]: Entering directory '/calibration_ws/build/aslam_backend_expressions/CMakeFiles/CMakeTmp'
Building C object CMakeFiles/cmTC_09a5f.dir/CheckFunctionExists.c.o
/usr/bin/cc   -DCHECK_FUNCTION_EXISTS=sgemm_   -o CMakeFiles/cmTC_09a5f.dir/CheckFunctionExists.c.o   -c /usr/share/cmake-3.16/Modules/CheckFunctionExists.c
Linking C executable cmTC_09a5f
/usr/bin/cmake -E cmake_link_script CMakeFiles/cmTC_09a5f.dir/link.txt --verbose=1
/usr/bin/cc  -DCHECK_FUNCTION_EXISTS=sgemm_    -rdynamic CMakeFiles/cmTC_09a5f.dir/CheckFunctionExists.c.o  -o cmTC_09a5f 
/usr/bin/ld: CMakeFiles/cmTC_09a5f.dir/CheckFunctionExists.c.o: in function `main':
CheckFunctionExists.c:(.text+0x14): undefined reference to `sgemm_'
collect2: error: ld returned 1 exit status
make[1]: *** [CMakeFiles/cmTC_09a5f.dir/build.make:87: cmTC_09a5f] Error 1
make[1]: Leaving directory '/calibration_ws/build/aslam_backend_expressions/CMakeFiles/CMakeTmp'
make: *** [Makefile:121: cmTC_09a5f/fast] Error 2



Determining if the function cheev_ exists failed with the following output:
Change Dir: /calibration_ws/build/aslam_backend_expressions/CMakeFiles/CMakeTmp

Run Build Command(s):/usr/bin/make cmTC_3bd3c/fast && /usr/bin/make -f CMakeFiles/cmTC_3bd3c.dir/build.make CMakeFiles/cmTC_3bd3c.dir/build
make[1]: Entering directory '/calibration_ws/build/aslam_backend_expressions/CMakeFiles/CMakeTmp'
Building C object CMakeFiles/cmTC_3bd3c.dir/CheckFunctionExists.c.o
/usr/bin/cc   -DCHECK_FUNCTION_EXISTS=cheev_   -o CMakeFiles/cmTC_3bd3c.dir/CheckFunctionExists.c.o   -c /usr/share/cmake-3.16/Modules/CheckFunctionExists.c
Linking C executable cmTC_3bd3c
/usr/bin/cmake -E cmake_link_script CMakeFiles/cmTC_3bd3c.dir/link.txt --verbose=1
/usr/bin/cc  -DCHECK_FUNCTION_EXISTS=cheev_    -rdynamic CMakeFiles/cmTC_3bd3c.dir/CheckFunctionExists.c.o  -o cmTC_3bd3c  /usr/lib/x86_64-linux-gnu/libblas.so 
/usr/bin/ld: CMakeFiles/cmTC_3bd3c.dir/CheckFunctionExists.c.o: in function `main':
CheckFunctionExists.c:(.text+0x14): undefined reference to `cheev_'
collect2: error: ld returned 1 exit status
make[1]: *** [CMakeFiles/cmTC_3bd3c.dir/build.make:88: cmTC_3bd3c] Error 1
make[1]: Leaving directory '/calibration_ws/build/aslam_backend_expressions/CMakeFiles/CMakeTmp'
make: *** [Makefile:121: cmTC_3bd3c/fast] Error 2



