Performing C SOURCE FILE Test CMAKE_HAVE_LIBC_PTHREAD failed with the following output:
Change Dir: /calibration_ws/build/sparse_block_matrix/CMakeFiles/CMakeTmp

Run Build Command(s):/usr/bin/make cmTC_ab925/fast && /usr/bin/make -f CMakeFiles/cmTC_ab925.dir/build.make CMakeFiles/cmTC_ab925.dir/build
make[1]: Entering directory '/calibration_ws/build/sparse_block_matrix/CMakeFiles/CMakeTmp'
Building C object CMakeFiles/cmTC_ab925.dir/src.c.o
/usr/bin/cc   -DCMAKE_HAVE_LIBC_PTHREAD   -o CMakeFiles/cmTC_ab925.dir/src.c.o   -c /calibration_ws/build/sparse_block_matrix/CMakeFiles/CMakeTmp/src.c
Linking C executable cmTC_ab925
/usr/bin/cmake -E cmake_link_script CMakeFiles/cmTC_ab925.dir/link.txt --verbose=1
/usr/bin/cc  -DCMAKE_HAVE_LIBC_PTHREAD    -rdynamic CMakeFiles/cmTC_ab925.dir/src.c.o  -o cmTC_ab925 
/usr/bin/ld: CMakeFiles/cmTC_ab925.dir/src.c.o: in function `main':
src.c:(.text+0x46): undefined reference to `pthread_create'
/usr/bin/ld: src.c:(.text+0x52): undefined reference to `pthread_detach'
/usr/bin/ld: src.c:(.text+0x63): undefined reference to `pthread_join'
collect2: error: ld returned 1 exit status
make[1]: *** [CMakeFiles/cmTC_ab925.dir/build.make:87: cmTC_ab925] Error 1
make[1]: Leaving directory '/calibration_ws/build/sparse_block_matrix/CMakeFiles/CMakeTmp'
make: *** [Makefile:121: cmTC_ab925/fast] Error 2


Source file was:
#include <pthread.h>

void* test_func(void* data)
{
  return data;
}

int main(void)
{
  pthread_t thread;
  pthread_create(&thread, NULL, test_func, NULL);
  pthread_detach(thread);
  pthread_join(thread, NULL);
  pthread_atfork(NULL, NULL, NULL);
  pthread_exit(NULL);

  return 0;
}

Determining if the function pthread_create exists in the pthreads failed with the following output:
Change Dir: /calibration_ws/build/sparse_block_matrix/CMakeFiles/CMakeTmp

Run Build Command(s):/usr/bin/make cmTC_51726/fast && /usr/bin/make -f CMakeFiles/cmTC_51726.dir/build.make CMakeFiles/cmTC_51726.dir/build
make[1]: Entering directory '/calibration_ws/build/sparse_block_matrix/CMakeFiles/CMakeTmp'
Building C object CMakeFiles/cmTC_51726.dir/CheckFunctionExists.c.o
/usr/bin/cc   -DCHECK_FUNCTION_EXISTS=pthread_create   -o CMakeFiles/cmTC_51726.dir/CheckFunctionExists.c.o   -c /usr/share/cmake-3.16/Modules/CheckFunctionExists.c
Linking C executable cmTC_51726
/usr/bin/cmake -E cmake_link_script CMakeFiles/cmTC_51726.dir/link.txt --verbose=1
/usr/bin/cc  -DCHECK_FUNCTION_EXISTS=pthread_create    -rdynamic CMakeFiles/cmTC_51726.dir/CheckFunctionExists.c.o  -o cmTC_51726  -lpthreads 
/usr/bin/ld: cannot find -lpthreads
collect2: error: ld returned 1 exit status
make[1]: *** [CMakeFiles/cmTC_51726.dir/build.make:87: cmTC_51726] Error 1
make[1]: Leaving directory '/calibration_ws/build/sparse_block_matrix/CMakeFiles/CMakeTmp'
make: *** [Makefile:121: cmTC_51726/fast] Error 2



Determining if the function sgemm_ exists failed with the following output:
Change Dir: /calibration_ws/build/sparse_block_matrix/CMakeFiles/CMakeTmp

Run Build Command(s):/usr/bin/make cmTC_0df02/fast && /usr/bin/make -f CMakeFiles/cmTC_0df02.dir/build.make CMakeFiles/cmTC_0df02.dir/build
make[1]: Entering directory '/calibration_ws/build/sparse_block_matrix/CMakeFiles/CMakeTmp'
Building C object CMakeFiles/cmTC_0df02.dir/CheckFunctionExists.c.o
/usr/bin/cc   -DCHECK_FUNCTION_EXISTS=sgemm_   -o CMakeFiles/cmTC_0df02.dir/CheckFunctionExists.c.o   -c /usr/share/cmake-3.16/Modules/CheckFunctionExists.c
Linking C executable cmTC_0df02
/usr/bin/cmake -E cmake_link_script CMakeFiles/cmTC_0df02.dir/link.txt --verbose=1
/usr/bin/cc  -DCHECK_FUNCTION_EXISTS=sgemm_    -rdynamic CMakeFiles/cmTC_0df02.dir/CheckFunctionExists.c.o  -o cmTC_0df02 
/usr/bin/ld: CMakeFiles/cmTC_0df02.dir/CheckFunctionExists.c.o: in function `main':
CheckFunctionExists.c:(.text+0x14): undefined reference to `sgemm_'
collect2: error: ld returned 1 exit status
make[1]: *** [CMakeFiles/cmTC_0df02.dir/build.make:87: cmTC_0df02] Error 1
make[1]: Leaving directory '/calibration_ws/build/sparse_block_matrix/CMakeFiles/CMakeTmp'
make: *** [Makefile:121: cmTC_0df02/fast] Error 2



Determining if the function cheev_ exists failed with the following output:
Change Dir: /calibration_ws/build/sparse_block_matrix/CMakeFiles/CMakeTmp

Run Build Command(s):/usr/bin/make cmTC_6a6cc/fast && /usr/bin/make -f CMakeFiles/cmTC_6a6cc.dir/build.make CMakeFiles/cmTC_6a6cc.dir/build
make[1]: Entering directory '/calibration_ws/build/sparse_block_matrix/CMakeFiles/CMakeTmp'
Building C object CMakeFiles/cmTC_6a6cc.dir/CheckFunctionExists.c.o
/usr/bin/cc   -DCHECK_FUNCTION_EXISTS=cheev_   -o CMakeFiles/cmTC_6a6cc.dir/CheckFunctionExists.c.o   -c /usr/share/cmake-3.16/Modules/CheckFunctionExists.c
Linking C executable cmTC_6a6cc
/usr/bin/cmake -E cmake_link_script CMakeFiles/cmTC_6a6cc.dir/link.txt --verbose=1
/usr/bin/cc  -DCHECK_FUNCTION_EXISTS=cheev_    -rdynamic CMakeFiles/cmTC_6a6cc.dir/CheckFunctionExists.c.o  -o cmTC_6a6cc  /usr/lib/x86_64-linux-gnu/libblas.so 
/usr/bin/ld: CMakeFiles/cmTC_6a6cc.dir/CheckFunctionExists.c.o: in function `main':
CheckFunctionExists.c:(.text+0x14): undefined reference to `cheev_'
collect2: error: ld returned 1 exit status
make[1]: *** [CMakeFiles/cmTC_6a6cc.dir/build.make:88: cmTC_6a6cc] Error 1
make[1]: Leaving directory '/calibration_ws/build/sparse_block_matrix/CMakeFiles/CMakeTmp'
make: *** [Makefile:121: cmTC_6a6cc/fast] Error 2



