[35m[1mScanning dependencies of target incremental_calibration[0m
[  3%] [32mBuilding CXX object CMakeFiles/incremental_calibration.dir/src/base/Serializable.cpp.o[0m
[  7%] [32mBuilding CXX object CMakeFiles/incremental_calibration.dir/src/base/Timestamp.cpp.o[0m
[01m[K/calibration_ws/src/kalibr/aslam_incremental_calibration/incremental_calibration/src/base/Timestamp.cpp:[m[K In member function ‘[01m[Kvirtual void aslam::calibration::Timestamp::read(std::istream&)[m[K’:
[01m[K/calibration_ws/src/kalibr/aslam_incremental_calibration/incremental_calibration/src/base/Timestamp.cpp:52:40:[m[K [01;35m[Kwarning: [m[Kunused parameter ‘[01m[Kstream[m[K’ [[01;35m[K-Wunused-parameter[m[K]
   52 |     void Timestamp::read([01;35m[Kstd::istream& stream[m[K) {
      |                          [01;35m[K~~~~~~~~~~~~~~^~~~~~[m[K
[01m[K/calibration_ws/src/kalibr/aslam_incremental_calibration/incremental_calibration/src/base/Timestamp.cpp:[m[K In member function ‘[01m[Kvirtual void aslam::calibration::Timestamp::read(std::ifstream&)[m[K’:
[01m[K/calibration_ws/src/kalibr/aslam_incremental_calibration/incremental_calibration/src/base/Timestamp.cpp:59:41:[m[K [01;35m[Kwarning: [m[Kunused parameter ‘[01m[Kstream[m[K’ [[01;35m[K-Wunused-parameter[m[K]
   59 |     void Timestamp::read([01;35m[Kstd::ifstream& stream[m[K) {
      |                          [01;35m[K~~~~~~~~~~~~~~~^~~~~~[m[K
[01m[K/calibration_ws/src/kalibr/aslam_incremental_calibration/incremental_calibration/src/base/Timestamp.cpp:[m[K In member function ‘[01m[Kvirtual void aslam::calibration::Timestamp::write(std::ofstream&) const[m[K’:
[01m[K/calibration_ws/src/kalibr/aslam_incremental_calibration/incremental_calibration/src/base/Timestamp.cpp:62:42:[m[K [01;35m[Kwarning: [m[Kunused parameter ‘[01m[Kstream[m[K’ [[01;35m[K-Wunused-parameter[m[K]
   62 |     void Timestamp::write([01;35m[Kstd::ofstream& stream[m[K) const {
      |                           [01;35m[K~~~~~~~~~~~~~~~^~~~~~[m[K
[ 11%] [32mBuilding CXX object CMakeFiles/incremental_calibration.dir/src/base/Condition.cpp.o[0m
[01m[K/calibration_ws/src/kalibr/aslam_incremental_calibration/incremental_calibration/src/base/Condition.cpp:[m[K In destructor ‘[01m[Kvirtual aslam::calibration::Condition::~Condition()[m[K’:
[01m[K/calibration_ws/src/kalibr/aslam_incremental_calibration/incremental_calibration/src/base/Condition.cpp:40:60:[m[K [01;35m[Kwarning: [m[Kthrow will always call terminate() [[01;35m[K-Wterminate[m[K]
   40 |           "Condition::~Condition()::pthread_cond_destroy()"[01;35m[K)[m[K;
      |                                                            [01;35m[K^[m[K
[01m[K/calibration_ws/src/kalibr/aslam_incremental_calibration/incremental_calibration/src/base/Condition.cpp:40:60:[m[K [01;36m[Knote: [m[Kin C++11 destructors default to noexcept
[ 15%] [32mBuilding CXX object CMakeFiles/incremental_calibration.dir/src/base/Mutex.cpp.o[0m
[01m[K/calibration_ws/src/kalibr/aslam_incremental_calibration/incremental_calibration/src/base/Mutex.cpp:[m[K In destructor ‘[01m[Kvirtual aslam::calibration::Mutex::~Mutex()[m[K’:
[01m[K/calibration_ws/src/kalibr/aslam_incremental_calibration/incremental_calibration/src/base/Mutex.cpp:49:78:[m[K [01;35m[Kwarning: [m[Kthrow will always call terminate() [[01;35m[K-Wterminate[m[K]
   49 |         throw SystemException(ret, "Mutex::~Mutex()::pthread_mutex_destroy()"[01;35m[K)[m[K;
      |                                                                              [01;35m[K^[m[K
[01m[K/calibration_ws/src/kalibr/aslam_incremental_calibration/incremental_calibration/src/base/Mutex.cpp:49:78:[m[K [01;36m[Knote: [m[Kin C++11 destructors default to noexcept
[01m[K/calibration_ws/src/kalibr/aslam_incremental_calibration/incremental_calibration/src/base/Mutex.cpp:[m[K In member function ‘[01m[Kbool aslam::calibration::Mutex::safeEternalWait(const aslam::calibration::Mutex&) const[m[K’:
[01m[K/calibration_ws/src/kalibr/aslam_incremental_calibration/incremental_calibration/src/base/Mutex.cpp:175:46:[m[K [01;35m[Kwarning: [m[Kunused parameter ‘[01m[Kmutex[m[K’ [[01;35m[K-Wunused-parameter[m[K]
  175 |     bool Mutex::safeEternalWait([01;35m[Kconst Mutex& mutex[m[K) const {
      |                                 [01;35m[K~~~~~~~~~~~~~^~~~~[m[K
[01m[K/calibration_ws/src/kalibr/aslam_incremental_calibration/incremental_calibration/src/base/Mutex.cpp:[m[K In member function ‘[01m[Kbool aslam::calibration::Mutex::safeWaitUntil(const aslam::calibration::Mutex&, const aslam::calibration::Timestamp&) const[m[K’:
[01m[K/calibration_ws/src/kalibr/aslam_incremental_calibration/incremental_calibration/src/base/Mutex.cpp:182:44:[m[K [01;35m[Kwarning: [m[Kunused parameter ‘[01m[Kmutex[m[K’ [[01;35m[K-Wunused-parameter[m[K]
  182 |     bool Mutex::safeWaitUntil([01;35m[Kconst Mutex& mutex[m[K, const Timestamp& time) const {
      |                               [01;35m[K~~~~~~~~~~~~~^~~~~[m[K
[ 19%] [32mBuilding CXX object CMakeFiles/incremental_calibration.dir/src/base/Thread.cpp.o[0m
[ 23%] [32mBuilding CXX object CMakeFiles/incremental_calibration.dir/src/base/Threads.cpp.o[0m
[01m[K/calibration_ws/src/kalibr/aslam_incremental_calibration/incremental_calibration/src/base/Thread.cpp:[m[K In member function ‘[01m[Kvirtual void aslam::calibration::Thread::Identifier::read(std::istream&)[m[K’:
[01m[K/calibration_ws/src/kalibr/aslam_incremental_calibration/incremental_calibration/src/base/Thread.cpp:181:49:[m[K [01;35m[Kwarning: [m[Kunused parameter ‘[01m[Kstream[m[K’ [[01;35m[K-Wunused-parameter[m[K]
  181 |     void Thread::Identifier::read([01;35m[Kstd::istream& stream[m[K) {
      |                                   [01;35m[K~~~~~~~~~~~~~~^~~~~~[m[K
[01m[K/calibration_ws/src/kalibr/aslam_incremental_calibration/incremental_calibration/src/base/Thread.cpp:[m[K In member function ‘[01m[Kvirtual void aslam::calibration::Thread::Identifier::read(std::ifstream&)[m[K’:
[01m[K/calibration_ws/src/kalibr/aslam_incremental_calibration/incremental_calibration/src/base/Thread.cpp:188:50:[m[K [01;35m[Kwarning: [m[Kunused parameter ‘[01m[Kstream[m[K’ [[01;35m[K-Wunused-parameter[m[K]
  188 |     void Thread::Identifier::read([01;35m[Kstd::ifstream& stream[m[K) {
      |                                   [01;35m[K~~~~~~~~~~~~~~~^~~~~~[m[K
[01m[K/calibration_ws/src/kalibr/aslam_incremental_calibration/incremental_calibration/src/base/Thread.cpp:[m[K In member function ‘[01m[Kvirtual void aslam::calibration::Thread::Identifier::write(std::ofstream&) const[m[K’:
[01m[K/calibration_ws/src/kalibr/aslam_incremental_calibration/incremental_calibration/src/base/Thread.cpp:191:51:[m[K [01;35m[Kwarning: [m[Kunused parameter ‘[01m[Kstream[m[K’ [[01;35m[K-Wunused-parameter[m[K]
  191 |     void Thread::Identifier::write([01;35m[Kstd::ofstream& stream[m[K) const {
      |                                    [01;35m[K~~~~~~~~~~~~~~~^~~~~~[m[K
[ 26%] [32mBuilding CXX object CMakeFiles/incremental_calibration.dir/src/base/Timer.cpp.o[0m
[ 30%] [32mBuilding CXX object CMakeFiles/incremental_calibration.dir/src/exceptions/Exception.cpp.o[0m
[01m[K/calibration_ws/src/kalibr/aslam_incremental_calibration/incremental_calibration/src/base/Threads.cpp:[m[K In destructor ‘[01m[Kvirtual aslam::calibration::Threads::~Threads()[m[K’:
[01m[K/calibration_ws/src/kalibr/aslam_incremental_calibration/incremental_calibration/src/base/Threads.cpp:39:57:[m[K [01;35m[Kwarning: [m[Kthrow will always call terminate() [[01;35m[K-Wterminate[m[K]
   39 |           "Threads::~Threads()::pthread_mutex_destroy()"[01;35m[K)[m[K;
      |                                                         [01;35m[K^[m[K
[01m[K/calibration_ws/src/kalibr/aslam_incremental_calibration/incremental_calibration/src/base/Threads.cpp:39:57:[m[K [01;36m[Knote: [m[Kin C++11 destructors default to noexcept
[01m[K/calibration_ws/src/kalibr/aslam_incremental_calibration/incremental_calibration/src/base/Timer.cpp:[m[K In member function ‘[01m[Kvirtual void aslam::calibration::Timer::read(std::istream&)[m[K’:
[01m[K/calibration_ws/src/kalibr/aslam_incremental_calibration/incremental_calibration/src/base/Timer.cpp:62:36:[m[K [01;35m[Kwarning: [m[Kunused parameter ‘[01m[Kstream[m[K’ [[01;35m[K-Wunused-parameter[m[K]
   62 |     void Timer::read([01;35m[Kstd::istream& stream[m[K) {
      |                      [01;35m[K~~~~~~~~~~~~~~^~~~~~[m[K
[01m[K/calibration_ws/src/kalibr/aslam_incremental_calibration/incremental_calibration/src/base/Timer.cpp:[m[K In member function ‘[01m[Kvirtual void aslam::calibration::Timer::read(std::ifstream&)[m[K’:
[01m[K/calibration_ws/src/kalibr/aslam_incremental_calibration/incremental_calibration/src/base/Timer.cpp:70:37:[m[K [01;35m[Kwarning: [m[Kunused parameter ‘[01m[Kstream[m[K’ [[01;35m[K-Wunused-parameter[m[K]
   70 |     void Timer::read([01;35m[Kstd::ifstream& stream[m[K) {
      |                      [01;35m[K~~~~~~~~~~~~~~~^~~~~~[m[K
[01m[K/calibration_ws/src/kalibr/aslam_incremental_calibration/incremental_calibration/src/base/Timer.cpp:[m[K In member function ‘[01m[Kvirtual void aslam::calibration::Timer::write(std::ofstream&) const[m[K’:
[01m[K/calibration_ws/src/kalibr/aslam_incremental_calibration/incremental_calibration/src/base/Timer.cpp:73:38:[m[K [01;35m[Kwarning: [m[Kunused parameter ‘[01m[Kstream[m[K’ [[01;35m[K-Wunused-parameter[m[K]
   73 |     void Timer::write([01;35m[Kstd::ofstream& stream[m[K) const {
      |                       [01;35m[K~~~~~~~~~~~~~~~^~~~~~[m[K
[ 34%] [32mBuilding CXX object CMakeFiles/incremental_calibration.dir/src/exceptions/InvalidOperationException.cpp.o[0m
[ 38%] [32mBuilding CXX object CMakeFiles/incremental_calibration.dir/src/exceptions/NullPointerException.cpp.o[0m
[ 42%] [32mBuilding CXX object CMakeFiles/incremental_calibration.dir/src/exceptions/SystemException.cpp.o[0m
[ 46%] [32mBuilding CXX object CMakeFiles/incremental_calibration.dir/src/statistics/NormalDistribution1v.cpp.o[0m
[01m[K/calibration_ws/src/kalibr/aslam_incremental_calibration/incremental_calibration/src/statistics/NormalDistribution1v.cpp:[m[K In member function ‘[01m[Kvirtual void aslam::calibration::NormalDistribution<1>::read(std::istream&)[m[K’:
[01m[K/calibration_ws/src/kalibr/aslam_incremental_calibration/incremental_calibration/src/statistics/NormalDistribution1v.cpp:69:52:[m[K [01;35m[Kwarning: [m[Kunused parameter ‘[01m[Kstream[m[K’ [[01;35m[K-Wunused-parameter[m[K]
   69 |     void NormalDistribution<1>::read([01;35m[Kstd::istream& stream[m[K) {
      |                                      [01;35m[K~~~~~~~~~~~~~~^~~~~~[m[K
[01m[K/calibration_ws/src/kalibr/aslam_incremental_calibration/incremental_calibration/src/statistics/NormalDistribution1v.cpp:[m[K In member function ‘[01m[Kvirtual void aslam::calibration::NormalDistribution<1>::read(std::ifstream&)[m[K’:
[01m[K/calibration_ws/src/kalibr/aslam_incremental_calibration/incremental_calibration/src/statistics/NormalDistribution1v.cpp:77:53:[m[K [01;35m[Kwarning: [m[Kunused parameter ‘[01m[Kstream[m[K’ [[01;35m[K-Wunused-parameter[m[K]
   77 |     void NormalDistribution<1>::read([01;35m[Kstd::ifstream& stream[m[K) {
      |                                      [01;35m[K~~~~~~~~~~~~~~~^~~~~~[m[K
[01m[K/calibration_ws/src/kalibr/aslam_incremental_calibration/incremental_calibration/src/statistics/NormalDistribution1v.cpp:[m[K In member function ‘[01m[Kvirtual void aslam::calibration::NormalDistribution<1>::write(std::ofstream&) const[m[K’:
[01m[K/calibration_ws/src/kalibr/aslam_incremental_calibration/incremental_calibration/src/statistics/NormalDistribution1v.cpp:80:54:[m[K [01;35m[Kwarning: [m[Kunused parameter ‘[01m[Kstream[m[K’ [[01;35m[K-Wunused-parameter[m[K]
   80 |     void NormalDistribution<1>::write([01;35m[Kstd::ofstream& stream[m[K) const {
      |                                       [01;35m[K~~~~~~~~~~~~~~~^~~~~~[m[K
In file included from [01m[K/calibration_ws/src/kalibr/aslam_incremental_calibration/incremental_calibration/include/aslam/calibration/statistics/Randomizer.h:132[m[K,
                 from [01m[K/calibration_ws/src/kalibr/aslam_incremental_calibration/incremental_calibration/include/aslam/calibration/statistics/NormalDistributionMv.tpp:21[m[K,
                 from [01m[K/calibration_ws/src/kalibr/aslam_incremental_calibration/incremental_calibration/include/aslam/calibration/statistics/NormalDistributionMv.h:154[m[K,
                 from [01m[K/calibration_ws/src/kalibr/aslam_incremental_calibration/incremental_calibration/include/aslam/calibration/statistics/NormalDistribution.h:35[m[K,
                 from [01m[K/calibration_ws/src/kalibr/aslam_incremental_calibration/incremental_calibration/src/statistics/NormalDistribution1v.cpp:19[m[K:
/calibration_ws/src/kalibr/aslam_incremental_calibration/incremental_calibration/include/aslam/calibration/statistics/Randomizer.tpp: In instantiation of ‘[01m[Kvoid aslam::calibration::Randomizer<T, M>::read(std::istream&) [with T = double; int M = 1; std::istream = std::basic_istream<char>][m[K’:
[01m[K/calibration_ws/src/kalibr/aslam_incremental_calibration/incremental_calibration/include/aslam/calibration/statistics/Randomizer.tpp:56:10:[m[K   required from here
[01m[K/calibration_ws/src/kalibr/aslam_incremental_calibration/incremental_calibration/include/aslam/calibration/statistics/Randomizer.tpp:56:47:[m[K [01;35m[Kwarning: [m[Kunused parameter ‘[01m[Kstream[m[K’ [[01;35m[K-Wunused-parameter[m[K]
   56 |     void Randomizer<T, M>::read([01;35m[Kstd::istream& stream[m[K) {
      |                                 [01;35m[K~~~~~~~~~~~~~~^~~~~~[m[K
/calibration_ws/src/kalibr/aslam_incremental_calibration/incremental_calibration/include/aslam/calibration/statistics/Randomizer.tpp: In instantiation of ‘[01m[Kvoid aslam::calibration::Randomizer<T, M>::read(std::ifstream&) [with T = double; int M = 1; std::ifstream = std::basic_ifstream<char>][m[K’:
[01m[K/calibration_ws/src/kalibr/aslam_incremental_calibration/incremental_calibration/include/aslam/calibration/statistics/Randomizer.tpp:65:10:[m[K   required from here
[01m[K/calibration_ws/src/kalibr/aslam_incremental_calibration/incremental_calibration/include/aslam/calibration/statistics/Randomizer.tpp:65:48:[m[K [01;35m[Kwarning: [m[Kunused parameter ‘[01m[Kstream[m[K’ [[01;35m[K-Wunused-parameter[m[K]
   65 |     void Randomizer<T, M>::read([01;35m[Kstd::ifstream& stream[m[K) {
      |                                 [01;35m[K~~~~~~~~~~~~~~~^~~~~~[m[K
/calibration_ws/src/kalibr/aslam_incremental_calibration/incremental_calibration/include/aslam/calibration/statistics/Randomizer.tpp: In instantiation of ‘[01m[Kvoid aslam::calibration::Randomizer<T, M>::write(std::ofstream&) const [with T = double; int M = 1; std::ofstream = std::basic_ofstream<char>][m[K’:
[01m[K/calibration_ws/src/kalibr/aslam_incremental_calibration/incremental_calibration/include/aslam/calibration/statistics/Randomizer.tpp:69:10:[m[K   required from here
[01m[K/calibration_ws/src/kalibr/aslam_incremental_calibration/incremental_calibration/include/aslam/calibration/statistics/Randomizer.tpp:69:49:[m[K [01;35m[Kwarning: [m[Kunused parameter ‘[01m[Kstream[m[K’ [[01;35m[K-Wunused-parameter[m[K]
   69 |     void Randomizer<T, M>::write([01;35m[Kstd::ofstream& stream[m[K) const {
      |                                  [01;35m[K~~~~~~~~~~~~~~~^~~~~~[m[K
[ 50%] [32mBuilding CXX object CMakeFiles/incremental_calibration.dir/src/statistics/ChiSquareDistribution.cpp.o[0m
[ 53%] [32mBuilding CXX object CMakeFiles/incremental_calibration.dir/src/statistics/EstimatorMLNormal1v.cpp.o[0m
[ 57%] [32mBuilding CXX object CMakeFiles/incremental_calibration.dir/src/functions/IncompleteGammaPFunction.cpp.o[0m
[ 61%] [32mBuilding CXX object CMakeFiles/incremental_calibration.dir/src/functions/IncompleteGammaQFunction.cpp.o[0m
[ 65%] [32mBuilding CXX object CMakeFiles/incremental_calibration.dir/src/functions/LogFactorialFunction.cpp.o[0m
[ 69%] [32mBuilding CXX object CMakeFiles/incremental_calibration.dir/src/functions/LogGammaFunction.cpp.o[0m
[ 73%] [32mBuilding CXX object CMakeFiles/incremental_calibration.dir/src/core/IncrementalEstimator.cpp.o[0m
[01m[K/calibration_ws/src/kalibr/aslam_incremental_calibration/incremental_calibration/src/statistics/EstimatorMLNormal1v.cpp:[m[K In member function ‘[01m[Kvirtual void aslam::calibration::EstimatorML<aslam::calibration::NormalDistribution<1> >::read(std::istream&)[m[K’:
[01m[K/calibration_ws/src/kalibr/aslam_incremental_calibration/incremental_calibration/src/statistics/EstimatorMLNormal1v.cpp:63:66:[m[K [01;35m[Kwarning: [m[Kunused parameter ‘[01m[Kstream[m[K’ [[01;35m[K-Wunused-parameter[m[K]
   63 |     void EstimatorML<NormalDistribution<1> >::read([01;35m[Kstd::istream& stream[m[K) {
      |                                                    [01;35m[K~~~~~~~~~~~~~~^~~~~~[m[K
[01m[K/calibration_ws/src/kalibr/aslam_incremental_calibration/incremental_calibration/src/statistics/EstimatorMLNormal1v.cpp:[m[K In member function ‘[01m[Kvirtual void aslam::calibration::EstimatorML<aslam::calibration::NormalDistribution<1> >::read(std::ifstream&)[m[K’:
[01m[K/calibration_ws/src/kalibr/aslam_incremental_calibration/incremental_calibration/src/statistics/EstimatorMLNormal1v.cpp:73:67:[m[K [01;35m[Kwarning: [m[Kunused parameter ‘[01m[Kstream[m[K’ [[01;35m[K-Wunused-parameter[m[K]
   73 |     void EstimatorML<NormalDistribution<1> >::read([01;35m[Kstd::ifstream& stream[m[K) {
      |                                                    [01;35m[K~~~~~~~~~~~~~~~^~~~~~[m[K
[01m[K/calibration_ws/src/kalibr/aslam_incremental_calibration/incremental_calibration/src/statistics/EstimatorMLNormal1v.cpp:[m[K In member function ‘[01m[Kvirtual void aslam::calibration::EstimatorML<aslam::calibration::NormalDistribution<1> >::write(std::ofstream&) const[m[K’:
[01m[K/calibration_ws/src/kalibr/aslam_incremental_calibration/incremental_calibration/src/statistics/EstimatorMLNormal1v.cpp:76:68:[m[K [01;35m[Kwarning: [m[Kunused parameter ‘[01m[Kstream[m[K’ [[01;35m[K-Wunused-parameter[m[K]
   76 |     void EstimatorML<NormalDistribution<1> >::write([01;35m[Kstd::ofstream& stream[m[K)
      |                                                     [01;35m[K~~~~~~~~~~~~~~~^~~~~~[m[K
[ 76%] [32mBuilding CXX object CMakeFiles/incremental_calibration.dir/src/core/OptimizationProblem.cpp.o[0m
[ 80%] [32mBuilding CXX object CMakeFiles/incremental_calibration.dir/src/core/IncrementalOptimizationProblem.cpp.o[0m
[ 84%] [32mBuilding CXX object CMakeFiles/incremental_calibration.dir/src/core/LinearSolver.cpp.o[0m
[ 88%] [32mBuilding CXX object CMakeFiles/incremental_calibration.dir/src/core/LinearSolverOptions.cpp.o[0m
[ 92%] [32mBuilding CXX object CMakeFiles/incremental_calibration.dir/src/algorithms/marginalize.cpp.o[0m
In file included from [01m[K/calibration_ws/src/kalibr/aslam_incremental_calibration/incremental_calibration/include/aslam/calibration/statistics/GammaDistribution.h:133[m[K,
                 from [01m[K/calibration_ws/src/kalibr/aslam_incremental_calibration/incremental_calibration/include/aslam/calibration/statistics/ChiSquareDistribution.h:27[m[K,
                 from [01m[K/calibration_ws/src/kalibr/aslam_incremental_calibration/incremental_calibration/src/statistics/ChiSquareDistribution.cpp:19[m[K:
[01m[K/calibration_ws/src/kalibr/aslam_incremental_calibration/incremental_calibration/include/aslam/calibration/statistics/GammaDistribution.tpp:[m[K In member function ‘[01m[Kaslam::calibration::ContinuousDistribution<double>::RandomVariable aslam::calibration::GammaDistribution<T>::invcdf(double) const[m[K’:
[01m[K/calibration_ws/src/kalibr/aslam_incremental_calibration/incremental_calibration/include/aslam/calibration/statistics/GammaDistribution.tpp:159:7:[m[K [01;35m[Kwarning: [m[Kthis ‘[01m[Kif[m[K’ clause does not guard... [[01;35m[K-Wmisleading-indentation[m[K]
  159 |       [01;35m[Kif[m[K (probability < 0 || probability > 1)
      |       [01;35m[K^~[m[K
[01m[K/calibration_ws/src/kalibr/aslam_incremental_calibration/incremental_calibration/include/aslam/calibration/statistics/GammaDistribution.tpp:163:9:[m[K [01;36m[Knote: [m[K...this statement, but the latter is misleadingly indented as if it were guarded by the ‘[01m[Kif[m[K’
  163 |         [01;36m[Kreturn[m[K boost::math::quantile(boost::math::gamma_distribution<>(
      |         [01;36m[K^~~~~~[m[K
[01m[K/calibration_ws/src/kalibr/aslam_incremental_calibration/incremental_calibration/src/statistics/ChiSquareDistribution.cpp:[m[K In member function ‘[01m[Kvirtual void aslam::calibration::ChiSquareDistribution::read(std::istream&)[m[K’:
[01m[K/calibration_ws/src/kalibr/aslam_incremental_calibration/incremental_calibration/src/statistics/ChiSquareDistribution.cpp:52:52:[m[K [01;35m[Kwarning: [m[Kunused parameter ‘[01m[Kstream[m[K’ [[01;35m[K-Wunused-parameter[m[K]
   52 |     void ChiSquareDistribution::read([01;35m[Kstd::istream& stream[m[K) {
      |                                      [01;35m[K~~~~~~~~~~~~~~^~~~~~[m[K
[01m[K/calibration_ws/src/kalibr/aslam_incremental_calibration/incremental_calibration/src/statistics/ChiSquareDistribution.cpp:[m[K In member function ‘[01m[Kvirtual void aslam::calibration::ChiSquareDistribution::read(std::ifstream&)[m[K’:
[01m[K/calibration_ws/src/kalibr/aslam_incremental_calibration/incremental_calibration/src/statistics/ChiSquareDistribution.cpp:59:53:[m[K [01;35m[Kwarning: [m[Kunused parameter ‘[01m[Kstream[m[K’ [[01;35m[K-Wunused-parameter[m[K]
   59 |     void ChiSquareDistribution::read([01;35m[Kstd::ifstream& stream[m[K) {
      |                                      [01;35m[K~~~~~~~~~~~~~~~^~~~~~[m[K
[01m[K/calibration_ws/src/kalibr/aslam_incremental_calibration/incremental_calibration/src/statistics/ChiSquareDistribution.cpp:[m[K In member function ‘[01m[Kvirtual void aslam::calibration::ChiSquareDistribution::write(std::ofstream&) const[m[K’:
[01m[K/calibration_ws/src/kalibr/aslam_incremental_calibration/incremental_calibration/src/statistics/ChiSquareDistribution.cpp:62:54:[m[K [01;35m[Kwarning: [m[Kunused parameter ‘[01m[Kstream[m[K’ [[01;35m[K-Wunused-parameter[m[K]
   62 |     void ChiSquareDistribution::write([01;35m[Kstd::ofstream& stream[m[K) const {
      |                                       [01;35m[K~~~~~~~~~~~~~~~^~~~~~[m[K
In file included from [01m[K/calibration_ws/src/kalibr/aslam_incremental_calibration/incremental_calibration/include/aslam/calibration/functions/LogGammaFunction.h:151[m[K,
                 from [01m[K/calibration_ws/src/kalibr/aslam_incremental_calibration/incremental_calibration/include/aslam/calibration/statistics/GammaDistribution.tpp:22[m[K,
                 from [01m[K/calibration_ws/src/kalibr/aslam_incremental_calibration/incremental_calibration/include/aslam/calibration/statistics/GammaDistribution.h:133[m[K,
                 from [01m[K/calibration_ws/src/kalibr/aslam_incremental_calibration/incremental_calibration/include/aslam/calibration/statistics/ChiSquareDistribution.h:27[m[K,
                 from [01m[K/calibration_ws/src/kalibr/aslam_incremental_calibration/incremental_calibration/src/statistics/ChiSquareDistribution.cpp:19[m[K:
/calibration_ws/src/kalibr/aslam_incremental_calibration/incremental_calibration/include/aslam/calibration/functions/LogGammaFunction.tpp: In instantiation of ‘[01m[Kvoid aslam::calibration::LogGammaFunction<X>::read(std::istream&) [with X = double; std::istream = std::basic_istream<char>][m[K’:
[01m[K/calibration_ws/src/kalibr/aslam_incremental_calibration/incremental_calibration/include/aslam/calibration/functions/LogGammaFunction.tpp:58:10:[m[K   required from here
[01m[K/calibration_ws/src/kalibr/aslam_incremental_calibration/incremental_calibration/include/aslam/calibration/functions/LogGammaFunction.tpp:58:50:[m[K [01;35m[Kwarning: [m[Kunused parameter ‘[01m[Kstream[m[K’ [[01;35m[K-Wunused-parameter[m[K]
   58 |     void LogGammaFunction<X>::read([01;35m[Kstd::istream& stream[m[K) {
      |                                    [01;35m[K~~~~~~~~~~~~~~^~~~~~[m[K
/calibration_ws/src/kalibr/aslam_incremental_calibration/incremental_calibration/include/aslam/calibration/functions/LogGammaFunction.tpp: In instantiation of ‘[01m[Kvoid aslam::calibration::LogGammaFunction<X>::read(std::ifstream&) [with X = double; std::ifstream = std::basic_ifstream<char>][m[K’:
[01m[K/calibration_ws/src/kalibr/aslam_incremental_calibration/incremental_calibration/include/aslam/calibration/functions/LogGammaFunction.tpp:67:10:[m[K   required from here
[01m[K/calibration_ws/src/kalibr/aslam_incremental_calibration/incremental_calibration/include/aslam/calibration/functions/LogGammaFunction.tpp:67:51:[m[K [01;35m[Kwarning: [m[Kunused parameter ‘[01m[Kstream[m[K’ [[01;35m[K-Wunused-parameter[m[K]
   67 |     void LogGammaFunction<X>::read([01;35m[Kstd::ifstream& stream[m[K) {
      |                                    [01;35m[K~~~~~~~~~~~~~~~^~~~~~[m[K
/calibration_ws/src/kalibr/aslam_incremental_calibration/incremental_calibration/include/aslam/calibration/functions/LogGammaFunction.tpp: In instantiation of ‘[01m[Kvoid aslam::calibration::LogGammaFunction<X>::write(std::ofstream&) const [with X = double; std::ofstream = std::basic_ofstream<char>][m[K’:
[01m[K/calibration_ws/src/kalibr/aslam_incremental_calibration/incremental_calibration/include/aslam/calibration/functions/LogGammaFunction.tpp:71:10:[m[K   required from here
[01m[K/calibration_ws/src/kalibr/aslam_incremental_calibration/incremental_calibration/include/aslam/calibration/functions/LogGammaFunction.tpp:71:52:[m[K [01;35m[Kwarning: [m[Kunused parameter ‘[01m[Kstream[m[K’ [[01;35m[K-Wunused-parameter[m[K]
   71 |     void LogGammaFunction<X>::write([01;35m[Kstd::ofstream& stream[m[K) const {
      |                                     [01;35m[K~~~~~~~~~~~~~~~^~~~~~[m[K
In file included from [01m[K/calibration_ws/src/kalibr/aslam_incremental_calibration/incremental_calibration/include/aslam/calibration/statistics/GammaDistribution.h:133[m[K,
                 from [01m[K/calibration_ws/src/kalibr/aslam_incremental_calibration/incremental_calibration/include/aslam/calibration/statistics/ChiSquareDistribution.h:27[m[K,
                 from [01m[K/calibration_ws/src/kalibr/aslam_incremental_calibration/incremental_calibration/src/statistics/ChiSquareDistribution.cpp:19[m[K:
/calibration_ws/src/kalibr/aslam_incremental_calibration/incremental_calibration/include/aslam/calibration/statistics/GammaDistribution.tpp: In instantiation of ‘[01m[Kvoid aslam::calibration::GammaDistribution<T>::read(std::istream&) [with T = double; std::istream = std::basic_istream<char>][m[K’:
[01m[K/calibration_ws/src/kalibr/aslam_incremental_calibration/incremental_calibration/include/aslam/calibration/statistics/GammaDistribution.tpp:68:10:[m[K   required from here
[01m[K/calibration_ws/src/kalibr/aslam_incremental_calibration/incremental_calibration/include/aslam/calibration/statistics/GammaDistribution.tpp:68:51:[m[K [01;35m[Kwarning: [m[Kunused parameter ‘[01m[Kstream[m[K’ [[01;35m[K-Wunused-parameter[m[K]
   68 |     void GammaDistribution<T>::read([01;35m[Kstd::istream& stream[m[K) {
      |                                     [01;35m[K~~~~~~~~~~~~~~^~~~~~[m[K
/calibration_ws/src/kalibr/aslam_incremental_calibration/incremental_calibration/include/aslam/calibration/statistics/GammaDistribution.tpp: In instantiation of ‘[01m[Kvoid aslam::calibration::GammaDistribution<T>::read(std::ifstream&) [with T = double; std::ifstream = std::basic_ifstream<char>][m[K’:
[01m[K/calibration_ws/src/kalibr/aslam_incremental_calibration/incremental_calibration/include/aslam/calibration/statistics/GammaDistribution.tpp:78:10:[m[K   required from here
[01m[K/calibration_ws/src/kalibr/aslam_incremental_calibration/incremental_calibration/include/aslam/calibration/statistics/GammaDistribution.tpp:78:52:[m[K [01;35m[Kwarning: [m[Kunused parameter ‘[01m[Kstream[m[K’ [[01;35m[K-Wunused-parameter[m[K]
   78 |     void GammaDistribution<T>::read([01;35m[Kstd::ifstream& stream[m[K) {
      |                                     [01;35m[K~~~~~~~~~~~~~~~^~~~~~[m[K
/calibration_ws/src/kalibr/aslam_incremental_calibration/incremental_calibration/include/aslam/calibration/statistics/GammaDistribution.tpp: In instantiation of ‘[01m[Kvoid aslam::calibration::GammaDistribution<T>::write(std::ofstream&) const [with T = double; std::ofstream = std::basic_ofstream<char>][m[K’:
[01m[K/calibration_ws/src/kalibr/aslam_incremental_calibration/incremental_calibration/include/aslam/calibration/statistics/GammaDistribution.tpp:82:10:[m[K   required from here
[01m[K/calibration_ws/src/kalibr/aslam_incremental_calibration/incremental_calibration/include/aslam/calibration/statistics/GammaDistribution.tpp:82:53:[m[K [01;35m[Kwarning: [m[Kunused parameter ‘[01m[Kstream[m[K’ [[01;35m[K-Wunused-parameter[m[K]
   82 |     void GammaDistribution<T>::write([01;35m[Kstd::ofstream& stream[m[K) const {
      |                                      [01;35m[K~~~~~~~~~~~~~~~^~~~~~[m[K
In file included from [01m[K/calibration_ws/src/kalibr/aslam_incremental_calibration/incremental_calibration/include/aslam/calibration/statistics/Randomizer.h:132[m[K,
                 from [01m[K/calibration_ws/src/kalibr/aslam_incremental_calibration/incremental_calibration/include/aslam/calibration/statistics/GammaDistribution.tpp:21[m[K,
                 from [01m[K/calibration_ws/src/kalibr/aslam_incremental_calibration/incremental_calibration/include/aslam/calibration/statistics/GammaDistribution.h:133[m[K,
                 from [01m[K/calibration_ws/src/kalibr/aslam_incremental_calibration/incremental_calibration/include/aslam/calibration/statistics/ChiSquareDistribution.h:27[m[K,
                 from [01m[K/calibration_ws/src/kalibr/aslam_incremental_calibration/incremental_calibration/src/statistics/ChiSquareDistribution.cpp:19[m[K:
/calibration_ws/src/kalibr/aslam_incremental_calibration/incremental_calibration/include/aslam/calibration/statistics/Randomizer.tpp: In instantiation of ‘[01m[Kvoid aslam::calibration::Randomizer<T, M>::read(std::istream&) [with T = double; int M = 1; std::istream = std::basic_istream<char>][m[K’:
[01m[K/calibration_ws/src/kalibr/aslam_incremental_calibration/incremental_calibration/include/aslam/calibration/statistics/Randomizer.tpp:56:10:[m[K   required from here
[01m[K/calibration_ws/src/kalibr/aslam_incremental_calibration/incremental_calibration/include/aslam/calibration/statistics/Randomizer.tpp:56:47:[m[K [01;35m[Kwarning: [m[Kunused parameter ‘[01m[Kstream[m[K’ [[01;35m[K-Wunused-parameter[m[K]
   56 |     void Randomizer<T, M>::read([01;35m[Kstd::istream& stream[m[K) {
      |                                 [01;35m[K~~~~~~~~~~~~~~^~~~~~[m[K
/calibration_ws/src/kalibr/aslam_incremental_calibration/incremental_calibration/include/aslam/calibration/statistics/Randomizer.tpp: In instantiation of ‘[01m[Kvoid aslam::calibration::Randomizer<T, M>::read(std::ifstream&) [with T = double; int M = 1; std::ifstream = std::basic_ifstream<char>][m[K’:
[01m[K/calibration_ws/src/kalibr/aslam_incremental_calibration/incremental_calibration/include/aslam/calibration/statistics/Randomizer.tpp:65:10:[m[K   required from here
[01m[K/calibration_ws/src/kalibr/aslam_incremental_calibration/incremental_calibration/include/aslam/calibration/statistics/Randomizer.tpp:65:48:[m[K [01;35m[Kwarning: [m[Kunused parameter ‘[01m[Kstream[m[K’ [[01;35m[K-Wunused-parameter[m[K]
   65 |     void Randomizer<T, M>::read([01;35m[Kstd::ifstream& stream[m[K) {
      |                                 [01;35m[K~~~~~~~~~~~~~~~^~~~~~[m[K
/calibration_ws/src/kalibr/aslam_incremental_calibration/incremental_calibration/include/aslam/calibration/statistics/Randomizer.tpp: In instantiation of ‘[01m[Kvoid aslam::calibration::Randomizer<T, M>::write(std::ofstream&) const [with T = double; int M = 1; std::ofstream = std::basic_ofstream<char>][m[K’:
[01m[K/calibration_ws/src/kalibr/aslam_incremental_calibration/incremental_calibration/include/aslam/calibration/statistics/Randomizer.tpp:69:10:[m[K   required from here
[01m[K/calibration_ws/src/kalibr/aslam_incremental_calibration/incremental_calibration/include/aslam/calibration/statistics/Randomizer.tpp:69:49:[m[K [01;35m[Kwarning: [m[Kunused parameter ‘[01m[Kstream[m[K’ [[01;35m[K-Wunused-parameter[m[K]
   69 |     void Randomizer<T, M>::write([01;35m[Kstd::ofstream& stream[m[K) const {
      |                                  [01;35m[K~~~~~~~~~~~~~~~^~~~~~[m[K
[ 96%] [32mBuilding CXX object CMakeFiles/incremental_calibration.dir/src/algorithms/linalg.cpp.o[0m
[01m[K/calibration_ws/src/kalibr/aslam_incremental_calibration/incremental_calibration/src/functions/IncompleteGammaPFunction.cpp:[m[K In member function ‘[01m[Kvirtual void aslam::calibration::IncompleteGammaPFunction::read(std::istream&)[m[K’:
[01m[K/calibration_ws/src/kalibr/aslam_incremental_calibration/incremental_calibration/src/functions/IncompleteGammaPFunction.cpp:54:55:[m[K [01;35m[Kwarning: [m[Kunused parameter ‘[01m[Kstream[m[K’ [[01;35m[K-Wunused-parameter[m[K]
   54 |     void IncompleteGammaPFunction::read([01;35m[Kstd::istream& stream[m[K) {
      |                                         [01;35m[K~~~~~~~~~~~~~~^~~~~~[m[K
[01m[K/calibration_ws/src/kalibr/aslam_incremental_calibration/incremental_calibration/src/functions/IncompleteGammaPFunction.cpp:[m[K In member function ‘[01m[Kvirtual void aslam::calibration::IncompleteGammaPFunction::read(std::ifstream&)[m[K’:
[01m[K/calibration_ws/src/kalibr/aslam_incremental_calibration/incremental_calibration/src/functions/IncompleteGammaPFunction.cpp:61:56:[m[K [01;35m[Kwarning: [m[Kunused parameter ‘[01m[Kstream[m[K’ [[01;35m[K-Wunused-parameter[m[K]
   61 |     void IncompleteGammaPFunction::read([01;35m[Kstd::ifstream& stream[m[K) {
      |                                         [01;35m[K~~~~~~~~~~~~~~~^~~~~~[m[K
[01m[K/calibration_ws/src/kalibr/aslam_incremental_calibration/incremental_calibration/src/functions/IncompleteGammaPFunction.cpp:[m[K In member function ‘[01m[Kvirtual void aslam::calibration::IncompleteGammaPFunction::write(std::ofstream&) const[m[K’:
[01m[K/calibration_ws/src/kalibr/aslam_incremental_calibration/incremental_calibration/src/functions/IncompleteGammaPFunction.cpp:64:57:[m[K [01;35m[Kwarning: [m[Kunused parameter ‘[01m[Kstream[m[K’ [[01;35m[K-Wunused-parameter[m[K]
   64 |     void IncompleteGammaPFunction::write([01;35m[Kstd::ofstream& stream[m[K) const {
      |                                          [01;35m[K~~~~~~~~~~~~~~~^~~~~~[m[K
[01m[K/calibration_ws/src/kalibr/aslam_incremental_calibration/incremental_calibration/src/functions/IncompleteGammaQFunction.cpp:[m[K In member function ‘[01m[Kvirtual void aslam::calibration::IncompleteGammaQFunction::read(std::istream&)[m[K’:
[01m[K/calibration_ws/src/kalibr/aslam_incremental_calibration/incremental_calibration/src/functions/IncompleteGammaQFunction.cpp:54:55:[m[K [01;35m[Kwarning: [m[Kunused parameter ‘[01m[Kstream[m[K’ [[01;35m[K-Wunused-parameter[m[K]
   54 |     void IncompleteGammaQFunction::read([01;35m[Kstd::istream& stream[m[K) {
      |                                         [01;35m[K~~~~~~~~~~~~~~^~~~~~[m[K
[01m[K/calibration_ws/src/kalibr/aslam_incremental_calibration/incremental_calibration/src/functions/IncompleteGammaQFunction.cpp:[m[K In member function ‘[01m[Kvirtual void aslam::calibration::IncompleteGammaQFunction::read(std::ifstream&)[m[K’:
[01m[K/calibration_ws/src/kalibr/aslam_incremental_calibration/incremental_calibration/src/functions/IncompleteGammaQFunction.cpp:61:56:[m[K [01;35m[Kwarning: [m[Kunused parameter ‘[01m[Kstream[m[K’ [[01;35m[K-Wunused-parameter[m[K]
   61 |     void IncompleteGammaQFunction::read([01;35m[Kstd::ifstream& stream[m[K) {
      |                                         [01;35m[K~~~~~~~~~~~~~~~^~~~~~[m[K
[01m[K/calibration_ws/src/kalibr/aslam_incremental_calibration/incremental_calibration/src/functions/IncompleteGammaQFunction.cpp:[m[K In member function ‘[01m[Kvirtual void aslam::calibration::IncompleteGammaQFunction::write(std::ofstream&) const[m[K’:
[01m[K/calibration_ws/src/kalibr/aslam_incremental_calibration/incremental_calibration/src/functions/IncompleteGammaQFunction.cpp:64:57:[m[K [01;35m[Kwarning: [m[Kunused parameter ‘[01m[Kstream[m[K’ [[01;35m[K-Wunused-parameter[m[K]
   64 |     void IncompleteGammaQFunction::write([01;35m[Kstd::ofstream& stream[m[K) const {
      |                                          [01;35m[K~~~~~~~~~~~~~~~^~~~~~[m[K
In file included from [01m[K/calibration_ws/src/kalibr/aslam_optimizer/aslam_backend/include/aslam/backend/DesignVariable.hpp:4[m[K,
                 from [01m[K/calibration_ws/src/kalibr/aslam_incremental_calibration/incremental_calibration/src/core/IncrementalOptimizationProblem.cpp:26[m[K:
[01m[K/calibration_ws/src/kalibr/Schweizer-Messer/sm_common/include/sm/Id.hpp:[m[K In member function ‘[01m[Ksm::Id sm::Id::operator++(int)[m[K’:
[01m[K/calibration_ws/src/kalibr/Schweizer-Messer/sm_common/include/sm/Id.hpp:122:14:[m[K [01;35m[Kwarning: [m[Kimplicitly-declared ‘[01m[Kconstexpr sm::Id::Id(const sm::Id&)[m[K’ is deprecated [[01;35m[K-Wdeprecated-copy[m[K]
  122 |       return [01;35m[Krval[m[K;
      |              [01;35m[K^~~~[m[K
[01m[K/calibration_ws/src/kalibr/Schweizer-Messer/sm_common/include/sm/Id.hpp:132:9:[m[K [01;36m[Knote: [m[Kbecause ‘[01m[Ksm::Id[m[K’ has user-provided ‘[01m[Ksm::Id& sm::Id::operator=(const sm::Id&)[m[K’
  132 |     Id& [01;36m[Koperator[m[K= (const Id& other)
      |         [01;36m[K^~~~~~~~[m[K
[01m[K/calibration_ws/src/kalibr/aslam_incremental_calibration/incremental_calibration/src/core/IncrementalOptimizationProblem.cpp:[m[K In member function ‘[01m[Kvirtual void aslam::calibration::IncrementalOptimizationProblem::getErrorsImplementation(const DesignVariable*, std::set<aslam::backend::ErrorTerm*>&)[m[K’:
[01m[K/calibration_ws/src/kalibr/aslam_incremental_calibration/incremental_calibration/src/core/IncrementalOptimizationProblem.cpp:323:55:[m[K [01;35m[Kwarning: [m[Kunused parameter ‘[01m[Kdv[m[K’ [[01;35m[K-Wunused-parameter[m[K]
  323 |         getErrorsImplementation([01;35m[Kconst DesignVariable* dv[m[K,
      |                                 [01;35m[K~~~~~~~~~~~~~~~~~~~~~~^~[m[K
[01m[K/calibration_ws/src/kalibr/aslam_incremental_calibration/incremental_calibration/src/core/IncrementalOptimizationProblem.cpp:324:31:[m[K [01;35m[Kwarning: [m[Kunused parameter ‘[01m[KoutErrorSet[m[K’ [[01;35m[K-Wunused-parameter[m[K]
  324 |         [01;35m[Kstd::set<ErrorTerm*>& outErrorSet[m[K) {
      |         [01;35m[K~~~~~~~~~~~~~~~~~~~~~~^~~~~~~~~~~[m[K
In file included from [01m[K/calibration_ws/src/kalibr/aslam_incremental_calibration/incremental_calibration/src/algorithms/linalg.cpp:29[m[K:
[01m[K/usr/include/suitesparse/spqr.hpp:[m[K In function ‘[01m[Kdouble spqr_abs(double, cholmod_common*)[m[K’:
[01m[K/usr/include/suitesparse/spqr.hpp:947:51:[m[K [01;35m[Kwarning: [m[Kunused parameter ‘[01m[Kcc[m[K’ [[01;35m[K-Wunused-parameter[m[K]
  947 | inline double spqr_abs (double x, [01;35m[Kcholmod_common *cc[m[K)       // cc is unused
      |                                   [01;35m[K~~~~~~~~~~~~~~~~^~[m[K
[01m[K/usr/include/suitesparse/spqr.hpp:[m[K In function ‘[01m[Kdouble spqr_abs(Complex, cholmod_common*)[m[K’:
[01m[K/usr/include/suitesparse/spqr.hpp:952:52:[m[K [01;35m[Kwarning: [m[Kunused parameter ‘[01m[Kcc[m[K’ [[01;35m[K-Wunused-parameter[m[K]
  952 | inline double spqr_abs (Complex x, [01;35m[Kcholmod_common *cc[m[K)
      |                                    [01;35m[K~~~~~~~~~~~~~~~~^~[m[K
[01m[K/usr/include/suitesparse/spqr.hpp:[m[K In function ‘[01m[Kdouble spqr_divide(double, double, cholmod_common*)[m[K’:
[01m[K/usr/include/suitesparse/spqr.hpp:962:64:[m[K [01;35m[Kwarning: [m[Kunused parameter ‘[01m[Kcc[m[K’ [[01;35m[K-Wunused-parameter[m[K]
  962 | inline double spqr_divide (double a, double b, [01;35m[Kcholmod_common *cc[m[K)  // cc unused
      |                                                [01;35m[K~~~~~~~~~~~~~~~~^~[m[K
[01m[K/usr/include/suitesparse/spqr.hpp:[m[K In function ‘[01m[KComplex spqr_divide(Complex, Complex, cholmod_common*)[m[K’:
[01m[K/usr/include/suitesparse/spqr.hpp:967:67:[m[K [01;35m[Kwarning: [m[Kunused parameter ‘[01m[Kcc[m[K’ [[01;35m[K-Wunused-parameter[m[K]
  967 | inline Complex spqr_divide (Complex a, Complex b, [01;35m[Kcholmod_common *cc[m[K)
      |                                                   [01;35m[K~~~~~~~~~~~~~~~~^~[m[K
In file included from [01m[K/calibration_ws/src/kalibr/aslam_optimizer/aslam_backend/include/aslam/backend/DesignVariable.hpp:4[m[K,
                 from [01m[K/calibration_ws/src/kalibr/aslam_optimizer/aslam_backend/include/aslam/backend/backend.hpp:5[m[K,
                 from [01m[K/calibration_ws/src/kalibr/aslam_optimizer/aslam_backend/include/aslam/backend/ErrorTerm.hpp:6[m[K,
                 from [01m[K/calibration_ws/src/kalibr/aslam_optimizer/aslam_backend/include/aslam/backend/JacobianBuilder.hpp:5[m[K,
                 from [01m[K/calibration_ws/src/kalibr/aslam_optimizer/aslam_backend/include/aslam/backend/CompressedColumnJacobianTransposeBuilder.hpp:4[m[K,
                 from [01m[K/calibration_ws/src/kalibr/aslam_incremental_calibration/incremental_calibration/include/aslam/calibration/core/LinearSolver.h:36[m[K,
                 from [01m[K/calibration_ws/src/kalibr/aslam_incremental_calibration/incremental_calibration/src/core/LinearSolver.cpp:19[m[K:
[01m[K/calibration_ws/src/kalibr/Schweizer-Messer/sm_common/include/sm/Id.hpp:[m[K In member function ‘[01m[Ksm::Id sm::Id::operator++(int)[m[K’:
[01m[K/calibration_ws/src/kalibr/Schweizer-Messer/sm_common/include/sm/Id.hpp:122:14:[m[K [01;35m[Kwarning: [m[Kimplicitly-declared ‘[01m[Kconstexpr sm::Id::Id(const sm::Id&)[m[K’ is deprecated [[01;35m[K-Wdeprecated-copy[m[K]
  122 |       return [01;35m[Krval[m[K;
      |              [01;35m[K^~~~[m[K
[01m[K/calibration_ws/src/kalibr/Schweizer-Messer/sm_common/include/sm/Id.hpp:132:9:[m[K [01;36m[Knote: [m[Kbecause ‘[01m[Ksm::Id[m[K’ has user-provided ‘[01m[Ksm::Id& sm::Id::operator=(const sm::Id&)[m[K’
  132 |     Id& [01;36m[Koperator[m[K= (const Id& other)
      |         [01;36m[K^~~~~~~~[m[K
In file included from [01m[K/calibration_ws/src/kalibr/aslam_optimizer/aslam_backend/include/aslam/backend/DesignVariable.hpp:4[m[K,
                 from [01m[K/calibration_ws/src/kalibr/aslam_incremental_calibration/incremental_calibration/src/core/OptimizationProblem.cpp:23[m[K:
[01m[K/calibration_ws/src/kalibr/Schweizer-Messer/sm_common/include/sm/Id.hpp:[m[K In member function ‘[01m[Ksm::Id sm::Id::operator++(int)[m[K’:
[01m[K/calibration_ws/src/kalibr/Schweizer-Messer/sm_common/include/sm/Id.hpp:122:14:[m[K [01;35m[Kwarning: [m[Kimplicitly-declared ‘[01m[Kconstexpr sm::Id::Id(const sm::Id&)[m[K’ is deprecated [[01;35m[K-Wdeprecated-copy[m[K]
  122 |       return [01;35m[Krval[m[K;
      |              [01;35m[K^~~~[m[K
[01m[K/calibration_ws/src/kalibr/Schweizer-Messer/sm_common/include/sm/Id.hpp:132:9:[m[K [01;36m[Knote: [m[Kbecause ‘[01m[Ksm::Id[m[K’ has user-provided ‘[01m[Ksm::Id& sm::Id::operator=(const sm::Id&)[m[K’
  132 |     Id& [01;36m[Koperator[m[K= (const Id& other)
      |         [01;36m[K^~~~~~~~[m[K
In file included from [01m[K/calibration_ws/src/kalibr/aslam_optimizer/aslam_backend/include/aslam/backend/DesignVariable.hpp:4[m[K,
                 from [01m[K/calibration_ws/src/kalibr/aslam_optimizer/aslam_backend/include/aslam/backend/backend.hpp:5[m[K,
                 from [01m[K/calibration_ws/src/kalibr/aslam_optimizer/aslam_backend/include/aslam/backend/Optimizer2.hpp:10[m[K,
                 from [01m[K/calibration_ws/src/kalibr/aslam_incremental_calibration/incremental_calibration/src/core/IncrementalEstimator.cpp:31[m[K:
[01m[K/calibration_ws/src/kalibr/Schweizer-Messer/sm_common/include/sm/Id.hpp:[m[K In member function ‘[01m[Ksm::Id sm::Id::operator++(int)[m[K’:
[01m[K/calibration_ws/src/kalibr/Schweizer-Messer/sm_common/include/sm/Id.hpp:122:14:[m[K [01;35m[Kwarning: [m[Kimplicitly-declared ‘[01m[Kconstexpr sm::Id::Id(const sm::Id&)[m[K’ is deprecated [[01;35m[K-Wdeprecated-copy[m[K]
  122 |       return [01;35m[Krval[m[K;
      |              [01;35m[K^~~~[m[K
[01m[K/calibration_ws/src/kalibr/Schweizer-Messer/sm_common/include/sm/Id.hpp:132:9:[m[K [01;36m[Knote: [m[Kbecause ‘[01m[Ksm::Id[m[K’ has user-provided ‘[01m[Ksm::Id& sm::Id::operator=(const sm::Id&)[m[K’
  132 |     Id& [01;36m[Koperator[m[K= (const Id& other)
      |         [01;36m[K^~~~~~~~[m[K
In file included from [01m[K/calibration_ws/src/kalibr/aslam_optimizer/aslam_backend/include/aslam/backend/DesignVariable.hpp:4[m[K,
                 from [01m[K/calibration_ws/src/kalibr/aslam_optimizer/aslam_backend/include/aslam/backend/JacobianContainer.hpp:8[m[K,
                 from [01m[K/calibration_ws/src/kalibr/aslam_optimizer/aslam_backend/include/aslam/backend/CompressedColumnMatrix.hpp:13[m[K,
                 from [01m[K/calibration_ws/src/kalibr/aslam_incremental_calibration/incremental_calibration/src/algorithms/marginalize.cpp:25[m[K:
[01m[K/calibration_ws/src/kalibr/Schweizer-Messer/sm_common/include/sm/Id.hpp:[m[K In member function ‘[01m[Ksm::Id sm::Id::operator++(int)[m[K’:
[01m[K/calibration_ws/src/kalibr/Schweizer-Messer/sm_common/include/sm/Id.hpp:122:14:[m[K [01;35m[Kwarning: [m[Kimplicitly-declared ‘[01m[Kconstexpr sm::Id::Id(const sm::Id&)[m[K’ is deprecated [[01;35m[K-Wdeprecated-copy[m[K]
  122 |       return [01;35m[Krval[m[K;
      |              [01;35m[K^~~~[m[K
[01m[K/calibration_ws/src/kalibr/Schweizer-Messer/sm_common/include/sm/Id.hpp:132:9:[m[K [01;36m[Knote: [m[Kbecause ‘[01m[Ksm::Id[m[K’ has user-provided ‘[01m[Ksm::Id& sm::Id::operator=(const sm::Id&)[m[K’
  132 |     Id& [01;36m[Koperator[m[K= (const Id& other)
      |         [01;36m[K^~~~~~~~[m[K
[01m[K/calibration_ws/src/kalibr/aslam_incremental_calibration/incremental_calibration/src/core/OptimizationProblem.cpp:[m[K In member function ‘[01m[Kvirtual void aslam::calibration::OptimizationProblem::getErrorsImplementation(const DesignVariable*, std::set<aslam::backend::ErrorTerm*>&)[m[K’:
[01m[K/calibration_ws/src/kalibr/aslam_incremental_calibration/incremental_calibration/src/core/OptimizationProblem.cpp:218:77:[m[K [01;35m[Kwarning: [m[Kunused parameter ‘[01m[Kdv[m[K’ [[01;35m[K-Wunused-parameter[m[K]
  218 |     void OptimizationProblem::getErrorsImplementation([01;35m[Kconst DesignVariable* dv[m[K,
      |                                                       [01;35m[K~~~~~~~~~~~~~~~~~~~~~~^~[m[K
[01m[K/calibration_ws/src/kalibr/aslam_incremental_calibration/incremental_calibration/src/core/OptimizationProblem.cpp:219:31:[m[K [01;35m[Kwarning: [m[Kunused parameter ‘[01m[KoutErrorSet[m[K’ [[01;35m[K-Wunused-parameter[m[K]
  219 |         [01;35m[Kstd::set<ErrorTerm*>& outErrorSet[m[K) {
      |         [01;35m[K~~~~~~~~~~~~~~~~~~~~~~^~~~~~~~~~~[m[K
[01m[K/calibration_ws/src/kalibr/aslam_incremental_calibration/incremental_calibration/src/core/LinearSolver.cpp:[m[K In member function ‘[01m[Kvirtual void aslam::calibration::LinearSolver::initMatrixStructureImplementation(const std::vector<aslam::backend::DesignVariable*>&, const std::vector<aslam::backend::ErrorTerm*>&, bool)[m[K’:
[01m[K/calibration_ws/src/kalibr/aslam_incremental_calibration/incremental_calibration/src/core/LinearSolver.cpp:294:9:[m[K [01;35m[Kwarning: [m[Kunused parameter ‘[01m[KuseDiagonalConditioner[m[K’ [[01;35m[K-Wunused-parameter[m[K]
  293 |         std::vector<aslam::backend::ErrorTerm*>& errors, [01;35m[Kbool[m[K
      |                                                          [01;35m[K~~~~[m[K
  294 | [01;35m[K        useDiagonalConditioner[m[K) {
      |         [01;35m[K^~~~~~~~~~~~~~~~~~~~~~[m[K
[100%] [32m[1mLinking CXX shared library /calibration_ws/devel/.private/incremental_calibration/lib/libincremental_calibration.so[0m
[100%] Built target incremental_calibration
