Performing C SOURCE FILE Test CMAKE_HAVE_LIBC_PTHREAD failed with the following output:
Change Dir: /calibration_ws/build/bsplines/CMakeFiles/CMakeTmp

Run Build Command(s):/usr/bin/make cmTC_9d12c/fast && /usr/bin/make -f CMakeFiles/cmTC_9d12c.dir/build.make CMakeFiles/cmTC_9d12c.dir/build
make[1]: Entering directory '/calibration_ws/build/bsplines/CMakeFiles/CMakeTmp'
Building C object CMakeFiles/cmTC_9d12c.dir/src.c.o
/usr/bin/cc   -DCMAKE_HAVE_LIBC_PTHREAD   -o CMakeFiles/cmTC_9d12c.dir/src.c.o   -c /calibration_ws/build/bsplines/CMakeFiles/CMakeTmp/src.c
Linking C executable cmTC_9d12c
/usr/bin/cmake -E cmake_link_script CMakeFiles/cmTC_9d12c.dir/link.txt --verbose=1
/usr/bin/cc  -DCMAKE_HAVE_LIBC_PTHREAD    -rdynamic CMakeFiles/cmTC_9d12c.dir/src.c.o  -o cmTC_9d12c 
/usr/bin/ld: CMakeFiles/cmTC_9d12c.dir/src.c.o: in function `main':
src.c:(.text+0x46): undefined reference to `pthread_create'
/usr/bin/ld: src.c:(.text+0x52): undefined reference to `pthread_detach'
/usr/bin/ld: src.c:(.text+0x63): undefined reference to `pthread_join'
collect2: error: ld returned 1 exit status
make[1]: *** [CMakeFiles/cmTC_9d12c.dir/build.make:87: cmTC_9d12c] Error 1
make[1]: Leaving directory '/calibration_ws/build/bsplines/CMakeFiles/CMakeTmp'
make: *** [Makefile:121: cmTC_9d12c/fast] Error 2


Source file was:
#include <pthread.h>

void* test_func(void* data)
{
  return data;
}

int main(void)
{
  pthread_t thread;
  pthread_create(&thread, NULL, test_func, NULL);
  pthread_detach(thread);
  pthread_join(thread, NULL);
  pthread_atfork(NULL, NULL, NULL);
  pthread_exit(NULL);

  return 0;
}

Determining if the function pthread_create exists in the pthreads failed with the following output:
Change Dir: /calibration_ws/build/bsplines/CMakeFiles/CMakeTmp

Run Build Command(s):/usr/bin/make cmTC_00eee/fast && /usr/bin/make -f CMakeFiles/cmTC_00eee.dir/build.make CMakeFiles/cmTC_00eee.dir/build
make[1]: Entering directory '/calibration_ws/build/bsplines/CMakeFiles/CMakeTmp'
Building C object CMakeFiles/cmTC_00eee.dir/CheckFunctionExists.c.o
/usr/bin/cc   -DCHECK_FUNCTION_EXISTS=pthread_create   -o CMakeFiles/cmTC_00eee.dir/CheckFunctionExists.c.o   -c /usr/share/cmake-3.16/Modules/CheckFunctionExists.c
Linking C executable cmTC_00eee
/usr/bin/cmake -E cmake_link_script CMakeFiles/cmTC_00eee.dir/link.txt --verbose=1
/usr/bin/cc  -DCHECK_FUNCTION_EXISTS=pthread_create    -rdynamic CMakeFiles/cmTC_00eee.dir/CheckFunctionExists.c.o  -o cmTC_00eee  -lpthreads 
/usr/bin/ld: cannot find -lpthreads
collect2: error: ld returned 1 exit status
make[1]: *** [CMakeFiles/cmTC_00eee.dir/build.make:87: cmTC_00eee] Error 1
make[1]: Leaving directory '/calibration_ws/build/bsplines/CMakeFiles/CMakeTmp'
make: *** [Makefile:121: cmTC_00eee/fast] Error 2



Determining if the function sgemm_ exists failed with the following output:
Change Dir: /calibration_ws/build/bsplines/CMakeFiles/CMakeTmp

Run Build Command(s):/usr/bin/make cmTC_96a22/fast && /usr/bin/make -f CMakeFiles/cmTC_96a22.dir/build.make CMakeFiles/cmTC_96a22.dir/build
make[1]: Entering directory '/calibration_ws/build/bsplines/CMakeFiles/CMakeTmp'
Building C object CMakeFiles/cmTC_96a22.dir/CheckFunctionExists.c.o
/usr/bin/cc   -DCHECK_FUNCTION_EXISTS=sgemm_   -o CMakeFiles/cmTC_96a22.dir/CheckFunctionExists.c.o   -c /usr/share/cmake-3.16/Modules/CheckFunctionExists.c
Linking C executable cmTC_96a22
/usr/bin/cmake -E cmake_link_script CMakeFiles/cmTC_96a22.dir/link.txt --verbose=1
/usr/bin/cc  -DCHECK_FUNCTION_EXISTS=sgemm_    -rdynamic CMakeFiles/cmTC_96a22.dir/CheckFunctionExists.c.o  -o cmTC_96a22 
/usr/bin/ld: CMakeFiles/cmTC_96a22.dir/CheckFunctionExists.c.o: in function `main':
CheckFunctionExists.c:(.text+0x14): undefined reference to `sgemm_'
collect2: error: ld returned 1 exit status
make[1]: *** [CMakeFiles/cmTC_96a22.dir/build.make:87: cmTC_96a22] Error 1
make[1]: Leaving directory '/calibration_ws/build/bsplines/CMakeFiles/CMakeTmp'
make: *** [Makefile:121: cmTC_96a22/fast] Error 2



Determining if the function cheev_ exists failed with the following output:
Change Dir: /calibration_ws/build/bsplines/CMakeFiles/CMakeTmp

Run Build Command(s):/usr/bin/make cmTC_d4ff3/fast && /usr/bin/make -f CMakeFiles/cmTC_d4ff3.dir/build.make CMakeFiles/cmTC_d4ff3.dir/build
make[1]: Entering directory '/calibration_ws/build/bsplines/CMakeFiles/CMakeTmp'
Building C object CMakeFiles/cmTC_d4ff3.dir/CheckFunctionExists.c.o
/usr/bin/cc   -DCHECK_FUNCTION_EXISTS=cheev_   -o CMakeFiles/cmTC_d4ff3.dir/CheckFunctionExists.c.o   -c /usr/share/cmake-3.16/Modules/CheckFunctionExists.c
Linking C executable cmTC_d4ff3
/usr/bin/cmake -E cmake_link_script CMakeFiles/cmTC_d4ff3.dir/link.txt --verbose=1
/usr/bin/cc  -DCHECK_FUNCTION_EXISTS=cheev_    -rdynamic CMakeFiles/cmTC_d4ff3.dir/CheckFunctionExists.c.o  -o cmTC_d4ff3  /usr/lib/x86_64-linux-gnu/libblas.so 
/usr/bin/ld: CMakeFiles/cmTC_d4ff3.dir/CheckFunctionExists.c.o: in function `main':
CheckFunctionExists.c:(.text+0x14): undefined reference to `cheev_'
collect2: error: ld returned 1 exit status
make[1]: *** [CMakeFiles/cmTC_d4ff3.dir/build.make:88: cmTC_d4ff3] Error 1
make[1]: Leaving directory '/calibration_ws/build/bsplines/CMakeFiles/CMakeTmp'
make: *** [Makefile:121: cmTC_d4ff3/fast] Error 2



