Performing C SOURCE FILE Test CMAKE_HAVE_LIBC_PTHREAD failed with the following output:
Change Dir: /calibration_ws/build/kalibr/CMakeFiles/CMakeTmp

Run Build Command(s):/usr/bin/make cmTC_8cc71/fast && /usr/bin/make -f CMakeFiles/cmTC_8cc71.dir/build.make CMakeFiles/cmTC_8cc71.dir/build
make[1]: Entering directory '/calibration_ws/build/kalibr/CMakeFiles/CMakeTmp'
Building C object CMakeFiles/cmTC_8cc71.dir/src.c.o
/usr/bin/cc   -DCMAKE_HAVE_LIBC_PTHREAD   -o CMakeFiles/cmTC_8cc71.dir/src.c.o   -c /calibration_ws/build/kalibr/CMakeFiles/CMakeTmp/src.c
Linking C executable cmTC_8cc71
/usr/bin/cmake -E cmake_link_script CMakeFiles/cmTC_8cc71.dir/link.txt --verbose=1
/usr/bin/cc  -DCMAKE_HAVE_LIBC_PTHREAD    -rdynamic CMakeFiles/cmTC_8cc71.dir/src.c.o  -o cmTC_8cc71 
/usr/bin/ld: CMakeFiles/cmTC_8cc71.dir/src.c.o: in function `main':
src.c:(.text+0x46): undefined reference to `pthread_create'
/usr/bin/ld: src.c:(.text+0x52): undefined reference to `pthread_detach'
/usr/bin/ld: src.c:(.text+0x63): undefined reference to `pthread_join'
collect2: error: ld returned 1 exit status
make[1]: *** [CMakeFiles/cmTC_8cc71.dir/build.make:87: cmTC_8cc71] Error 1
make[1]: Leaving directory '/calibration_ws/build/kalibr/CMakeFiles/CMakeTmp'
make: *** [Makefile:121: cmTC_8cc71/fast] Error 2


Source file was:
#include <pthread.h>

void* test_func(void* data)
{
  return data;
}

int main(void)
{
  pthread_t thread;
  pthread_create(&thread, NULL, test_func, NULL);
  pthread_detach(thread);
  pthread_join(thread, NULL);
  pthread_atfork(NULL, NULL, NULL);
  pthread_exit(NULL);

  return 0;
}

Determining if the function pthread_create exists in the pthreads failed with the following output:
Change Dir: /calibration_ws/build/kalibr/CMakeFiles/CMakeTmp

Run Build Command(s):/usr/bin/make cmTC_30cd7/fast && /usr/bin/make -f CMakeFiles/cmTC_30cd7.dir/build.make CMakeFiles/cmTC_30cd7.dir/build
make[1]: Entering directory '/calibration_ws/build/kalibr/CMakeFiles/CMakeTmp'
Building C object CMakeFiles/cmTC_30cd7.dir/CheckFunctionExists.c.o
/usr/bin/cc   -DCHECK_FUNCTION_EXISTS=pthread_create   -o CMakeFiles/cmTC_30cd7.dir/CheckFunctionExists.c.o   -c /usr/share/cmake-3.16/Modules/CheckFunctionExists.c
Linking C executable cmTC_30cd7
/usr/bin/cmake -E cmake_link_script CMakeFiles/cmTC_30cd7.dir/link.txt --verbose=1
/usr/bin/cc  -DCHECK_FUNCTION_EXISTS=pthread_create    -rdynamic CMakeFiles/cmTC_30cd7.dir/CheckFunctionExists.c.o  -o cmTC_30cd7  -lpthreads 
/usr/bin/ld: cannot find -lpthreads
collect2: error: ld returned 1 exit status
make[1]: *** [CMakeFiles/cmTC_30cd7.dir/build.make:87: cmTC_30cd7] Error 1
make[1]: Leaving directory '/calibration_ws/build/kalibr/CMakeFiles/CMakeTmp'
make: *** [Makefile:121: cmTC_30cd7/fast] Error 2



Determining if the function sgemm_ exists failed with the following output:
Change Dir: /calibration_ws/build/kalibr/CMakeFiles/CMakeTmp

Run Build Command(s):/usr/bin/make cmTC_2b63d/fast && /usr/bin/make -f CMakeFiles/cmTC_2b63d.dir/build.make CMakeFiles/cmTC_2b63d.dir/build
make[1]: Entering directory '/calibration_ws/build/kalibr/CMakeFiles/CMakeTmp'
Building C object CMakeFiles/cmTC_2b63d.dir/CheckFunctionExists.c.o
/usr/bin/cc   -DCHECK_FUNCTION_EXISTS=sgemm_   -o CMakeFiles/cmTC_2b63d.dir/CheckFunctionExists.c.o   -c /usr/share/cmake-3.16/Modules/CheckFunctionExists.c
Linking C executable cmTC_2b63d
/usr/bin/cmake -E cmake_link_script CMakeFiles/cmTC_2b63d.dir/link.txt --verbose=1
/usr/bin/cc  -DCHECK_FUNCTION_EXISTS=sgemm_    -rdynamic CMakeFiles/cmTC_2b63d.dir/CheckFunctionExists.c.o  -o cmTC_2b63d 
/usr/bin/ld: CMakeFiles/cmTC_2b63d.dir/CheckFunctionExists.c.o: in function `main':
CheckFunctionExists.c:(.text+0x14): undefined reference to `sgemm_'
collect2: error: ld returned 1 exit status
make[1]: *** [CMakeFiles/cmTC_2b63d.dir/build.make:87: cmTC_2b63d] Error 1
make[1]: Leaving directory '/calibration_ws/build/kalibr/CMakeFiles/CMakeTmp'
make: *** [Makefile:121: cmTC_2b63d/fast] Error 2



Determining if the function cheev_ exists failed with the following output:
Change Dir: /calibration_ws/build/kalibr/CMakeFiles/CMakeTmp

Run Build Command(s):/usr/bin/make cmTC_27179/fast && /usr/bin/make -f CMakeFiles/cmTC_27179.dir/build.make CMakeFiles/cmTC_27179.dir/build
make[1]: Entering directory '/calibration_ws/build/kalibr/CMakeFiles/CMakeTmp'
Building C object CMakeFiles/cmTC_27179.dir/CheckFunctionExists.c.o
/usr/bin/cc   -DCHECK_FUNCTION_EXISTS=cheev_   -o CMakeFiles/cmTC_27179.dir/CheckFunctionExists.c.o   -c /usr/share/cmake-3.16/Modules/CheckFunctionExists.c
Linking C executable cmTC_27179
/usr/bin/cmake -E cmake_link_script CMakeFiles/cmTC_27179.dir/link.txt --verbose=1
/usr/bin/cc  -DCHECK_FUNCTION_EXISTS=cheev_    -rdynamic CMakeFiles/cmTC_27179.dir/CheckFunctionExists.c.o  -o cmTC_27179  /usr/lib/x86_64-linux-gnu/libblas.so 
/usr/bin/ld: CMakeFiles/cmTC_27179.dir/CheckFunctionExists.c.o: in function `main':
CheckFunctionExists.c:(.text+0x14): undefined reference to `cheev_'
collect2: error: ld returned 1 exit status
make[1]: *** [CMakeFiles/cmTC_27179.dir/build.make:88: cmTC_27179] Error 1
make[1]: Leaving directory '/calibration_ws/build/kalibr/CMakeFiles/CMakeTmp'
make: *** [Makefile:121: cmTC_27179/fast] Error 2



