[35m[1mScanning dependencies of target aslam_cameras[0m
[ 18%] [32mBuilding CXX object CMakeFiles/aslam_cameras.dir/src/NoMask.cpp.o[0m
[ 18%] [32mBuilding CXX object CMakeFiles/aslam_cameras.dir/src/GlobalShutter.cpp.o[0m
[ 18%] [32mBuilding CXX object CMakeFiles/aslam_cameras.dir/src/RollingShutter.cpp.o[0m
[ 18%] [32mBuilding CXX object CMakeFiles/aslam_cameras.dir/src/NoDistortion.cpp.o[0m
[ 22%] [32mBuilding CXX object CMakeFiles/aslam_cameras.dir/src/EquidistantDistortion.cpp.o[0m
[ 27%] [32mBuilding CXX object CMakeFiles/aslam_cameras.dir/src/FovDistortion.cpp.o[0m
[ 31%] [32mBuilding CXX object CMakeFiles/aslam_cameras.dir/src/ImageMask.cpp.o[0m
[ 36%] [32mBuilding CXX object CMakeFiles/aslam_cameras.dir/src/GridCalibrationTargetObservation.cpp.o[0m
[ 40%] [32mBuilding CXX object CMakeFiles/aslam_cameras.dir/src/GridCalibrationTargetBase.cpp.o[0m
[ 45%] [32mBuilding CXX object CMakeFiles/aslam_cameras.dir/src/GridCalibrationTargetCheckerboard.cpp.o[0m
[ 50%] [32mBuilding CXX object CMakeFiles/aslam_cameras.dir/src/GridCalibrationTargetCirclegrid.cpp.o[0m
[ 54%] [32mBuilding CXX object CMakeFiles/aslam_cameras.dir/src/CameraGeometryBase.cpp.o[0m
[ 59%] [32mBuilding CXX object CMakeFiles/aslam_cameras.dir/src/RadialTangentialDistortion.cpp.o[0m
[ 63%] [32mBuilding CXX object CMakeFiles/aslam_cameras.dir/src/Triangulation.cpp.o[0m
[ 68%] [32mBuilding CXX object CMakeFiles/aslam_cameras.dir/src/GridDetector.cpp.o[0m
[ 72%] [32mBuilding CXX object CMakeFiles/aslam_cameras.dir/src/FrameBase.cpp.o[0m
[ 77%] [32mBuilding CXX object CMakeFiles/aslam_cameras.dir/src/KeypointBase.cpp.o[0m
[ 81%] [32mBuilding CXX object CMakeFiles/aslam_cameras.dir/src/DescriptorBase.cpp.o[0m
[ 86%] [32mBuilding CXX object CMakeFiles/aslam_cameras.dir/src/BackProjection.cpp.o[0m
In file included from [01m[K/calibration_ws/src/kalibr/aslam_cv/aslam_cameras/src/GridCalibrationTargetCheckerboard.cpp:6[m[K:
[01m[K/calibration_ws/src/kalibr/aslam_cv/aslam_cameras/include/aslam/cameras/GridCalibrationTargetCheckerboard.hpp:[m[K In constructor ‘[01m[Kaslam::cameras::GridCalibrationTargetCheckerboard::CheckerboardOptions::CheckerboardOptions()[m[K’:
[01m[K/calibration_ws/src/kalibr/aslam_cv/aslam_cameras/include/aslam/cameras/GridCalibrationTargetCheckerboard.hpp:43:10:[m[K [01;35m[Kwarning: [m[K‘[01m[Kaslam::cameras::GridCalibrationTargetCheckerboard::CheckerboardOptions::showExtractionVideo[m[K’ will be initialized after [[01;35m[K-Wreorder[m[K]
   43 |     bool [01;35m[KshowExtractionVideo[m[K;
      |          [01;35m[K^~~~~~~~~~~~~~~~~~~[m[K
[01m[K/calibration_ws/src/kalibr/aslam_cv/aslam_cameras/include/aslam/cameras/GridCalibrationTargetCheckerboard.hpp:40:18:[m[K [01;35m[Kwarning: [m[K  ‘[01m[Kunsigned int aslam::cameras::GridCalibrationTargetCheckerboard::CheckerboardOptions::windowWidth[m[K’ [[01;35m[K-Wreorder[m[K]
   40 |     unsigned int [01;35m[KwindowWidth[m[K;
      |                  [01;35m[K^~~~~~~~~~~[m[K
[01m[K/calibration_ws/src/kalibr/aslam_cv/aslam_cameras/include/aslam/cameras/GridCalibrationTargetCheckerboard.hpp:25:5:[m[K [01;35m[Kwarning: [m[K  when initialized here [[01;35m[K-Wreorder[m[K]
   25 |     [01;35m[KCheckerboardOptions[m[K() :
      |     [01;35m[K^~~~~~~~~~~~~~~~~~~[m[K
In file included from [01m[K/usr/include/boost/detail/endian.hpp:9[m[K,
                 from [01m[K/calibration_ws/src/kalibr/Schweizer-Messer/sm_boost/include/boost/portable_binary_archive.hpp:31[m[K,
                 from [01m[K/calibration_ws/src/kalibr/Schweizer-Messer/sm_boost/include/boost/portable_binary_iarchive.hpp:39[m[K,
                 from [01m[K/calibration_ws/src/kalibr/aslam_cv/aslam_cameras/src/DescriptorBase.cpp:21[m[K:
[01m[K/usr/include/boost/predef/detail/endian_compat.h:11:161:[m[K [01;36m[Knote: [m[K#pragma message: The use of BOOST_*_ENDIAN and BOOST_BYTE_ORDER is deprecated. Please include <boost/predef/other/endian.h> and use BOOST_ENDIAN_*_BYTE instead
   11 | #pragma message("The use of BOOST_*_ENDIAN and BOOST_BYTE_ORDER is deprecated. Please include <boost/predef/other/endian.h> and use BOOST_ENDIAN_*_BYTE instead"[01;36m[K)[m[K
      |                                                                                                                                                                 [01;36m[K^[m[K
[ 90%] [32mBuilding CXX object CMakeFiles/aslam_cameras.dir/src/Landmark.cpp.o[0m
[ 95%] [32mBuilding CXX object CMakeFiles/aslam_cameras.dir/src/Image.cpp.o[0m
[100%] [32m[1mLinking CXX shared library /calibration_ws/devel/.private/aslam_cameras/lib/libaslam_cameras.so[0m
[100%] Built target aslam_cameras
