[35m[1mScanning dependencies of target rosgraph_msgs_generate_messages_eus[0m
[35m[1mScanning dependencies of target rosgraph_msgs_generate_messages_cpp[0m
[35m[1mScanning dependencies of target dwe_camera_lib[0m
[35m[1mScanning dependencies of target roscpp_generate_messages_nodejs[0m
[35m[1mScanning dependencies of target std_msgs_generate_messages_eus[0m
[35m[1mScanning dependencies of target geometry_msgs_generate_messages_lisp[0m
[35m[1mScanning dependencies of target sensor_msgs_generate_messages_py[0m
[35m[1mScanning dependencies of target geometry_msgs_generate_messages_py[0m
[35m[1mScanning dependencies of target geometry_msgs_generate_messages_eus[0m
[35m[1mScanning dependencies of target roscpp_generate_messages_eus[0m
[35m[1mScanning dependencies of target geometry_msgs_generate_messages_cpp[0m
[35m[1mScanning dependencies of target roscpp_generate_messages_py[0m
[35m[1mScanning dependencies of target sensor_msgs_generate_messages_nodejs[0m
[35m[1mScanning dependencies of target roscpp_generate_messages_cpp[0m
[35m[1mScanning dependencies of target sensor_msgs_generate_messages_lisp[0m
[35m[1mScanning dependencies of target geometry_msgs_generate_messages_nodejs[0m
[ 16%] Built target rosgraph_msgs_generate_messages_eus
[ 16%] Built target sensor_msgs_generate_messages_py
[ 16%] [32mBuilding CXX object CMakeFiles/dwe_camera_lib.dir/calibration_ws/BaseCameraAPI/src/JPEGDecoder.cpp.o[0m
[ 16%] Built target geometry_msgs_generate_messages_eus
[ 16%] Built target geometry_msgs_generate_messages_py
[ 16%] Built target geometry_msgs_generate_messages_lisp
[ 16%] Built target roscpp_generate_messages_nodejs
[ 16%] Built target std_msgs_generate_messages_eus
[ 16%] Built target sensor_msgs_generate_messages_nodejs
[ 16%] Built target geometry_msgs_generate_messages_cpp
[ 16%] Built target roscpp_generate_messages_eus
[ 16%] Built target roscpp_generate_messages_py
[ 16%] Built target rosgraph_msgs_generate_messages_cpp
[ 16%] Built target sensor_msgs_generate_messages_lisp
[ 16%] Built target roscpp_generate_messages_cpp
[ 50%] [32mBuilding CXX object CMakeFiles/dwe_camera_lib.dir/calibration_ws/BaseCameraAPI/src/V4L2Camera.cpp.o[0m
[ 50%] [32mBuilding CXX object CMakeFiles/dwe_camera_lib.dir/calibration_ws/BaseCameraAPI/src/SynchronizedCamera.cpp.o[0m
[ 50%] Built target geometry_msgs_generate_messages_nodejs
[35m[1mScanning dependencies of target sensor_msgs_generate_messages_eus[0m
[35m[1mScanning dependencies of target std_msgs_generate_messages_lisp[0m
[35m[1mScanning dependencies of target rosgraph_msgs_generate_messages_py[0m
[35m[1mScanning dependencies of target rosgraph_msgs_generate_messages_lisp[0m
[35m[1mScanning dependencies of target std_msgs_generate_messages_py[0m
[35m[1mScanning dependencies of target roscpp_generate_messages_lisp[0m
[35m[1mScanning dependencies of target rosgraph_msgs_generate_messages_nodejs[0m
[35m[1mScanning dependencies of target std_msgs_generate_messages_cpp[0m
[35m[1mScanning dependencies of target sensor_msgs_generate_messages_cpp[0m
[35m[1mScanning dependencies of target std_msgs_generate_messages_nodejs[0m
[ 50%] Built target sensor_msgs_generate_messages_eus
[ 50%] Built target rosgraph_msgs_generate_messages_nodejs
[ 50%] Built target rosgraph_msgs_generate_messages_py
[ 50%] Built target rosgraph_msgs_generate_messages_lisp
[ 50%] Built target sensor_msgs_generate_messages_cpp
[ 50%] Built target std_msgs_generate_messages_lisp
[ 50%] Built target roscpp_generate_messages_lisp
[ 50%] Built target std_msgs_generate_messages_cpp
[ 50%] Built target std_msgs_generate_messages_py
[ 50%] Built target std_msgs_generate_messages_nodejs
[ 66%] [32m[1mLinking CXX shared library /calibration_ws/devel/.private/dwe_camera_publisher/lib/libdwe_camera_lib.so[0m
[ 66%] Built target dwe_camera_lib
[35m[1mScanning dependencies of target test_camera_node[0m
[ 83%] [32mBuilding CXX object CMakeFiles/test_camera_node.dir/src/test_camera_node.cpp.o[0m
[100%] [32m[1mLinking CXX executable /calibration_ws/devel/.private/dwe_camera_publisher/lib/dwe_camera_publisher/test_camera_node[0m
[100%] Built target test_camera_node
