[35m[1mScanning dependencies of target ethz_apriltag2[0m
[  5%] [32mBuilding CXX object CMakeFiles/ethz_apriltag2.dir/src/Edge.cc.o[0m
[ 11%] [32mBuilding CXX object CMakeFiles/ethz_apriltag2.dir/src/GLineSegment2D.cc.o[0m
[ 16%] [32mBuilding CXX object CMakeFiles/ethz_apriltag2.dir/src/Gaussian.cc.o[0m
[ 22%] [32mBuilding CXX object CMakeFiles/ethz_apriltag2.dir/src/FloatImage.cc.o[0m
[ 27%] [32mBuilding CXX object CMakeFiles/ethz_apriltag2.dir/src/GLine2D.cc.o[0m
[ 33%] [32mBuilding CXX object CMakeFiles/ethz_apriltag2.dir/src/GrayModel.cc.o[0m
[ 38%] [32mBuilding CXX object CMakeFiles/ethz_apriltag2.dir/src/Homography33.cc.o[0m
[ 44%] [32mBuilding CXX object CMakeFiles/ethz_apriltag2.dir/src/MathUtil.cc.o[0m
[ 50%] [32mBuilding CXX object CMakeFiles/ethz_apriltag2.dir/src/Quad.cc.o[0m
[ 55%] [32mBuilding CXX object CMakeFiles/ethz_apriltag2.dir/src/Segment.cc.o[0m
[ 61%] [32mBuilding CXX object CMakeFiles/ethz_apriltag2.dir/src/TagDetection.cc.o[0m
[ 66%] [32mBuilding CXX object CMakeFiles/ethz_apriltag2.dir/src/TagDetector.cc.o[0m
[ 72%] [32mBuilding CXX object CMakeFiles/ethz_apriltag2.dir/src/TagFamily.cc.o[0m
[ 77%] [32mBuilding CXX object CMakeFiles/ethz_apriltag2.dir/src/UnionFindSimple.cc.o[0m
[ 83%] [32m[1mLinking CXX shared library /calibration_ws/devel/.private/ethz_apriltag2/lib/libethz_apriltag2.so[0m
[ 83%] Built target ethz_apriltag2
[35m[1mScanning dependencies of target apriltags_demo[0m
[ 88%] [32mBuilding CXX object CMakeFiles/apriltags_demo.dir/src/example/apriltags_demo.cpp.o[0m
[ 94%] [32mBuilding CXX object CMakeFiles/apriltags_demo.dir/src/example/Serial.cpp.o[0m
[100%] [32m[1mLinking CXX executable /calibration_ws/devel/.private/ethz_apriltag2/lib/ethz_apriltag2/apriltags_demo[0m
[100%] Built target apriltags_demo
