[35m[1mScanning dependencies of target sm_python[0m
[  5%] [32mBuilding CXX object CMakeFiles/sm_python.dir/src/module.cpp.o[0m
[ 10%] [32mBuilding CXX object CMakeFiles/sm_python.dir/src/export_rotations.cpp.o[0m
[ 15%] [32mBuilding CXX object CMakeFiles/sm_python.dir/src/export_transformations.cpp.o[0m
[ 21%] [32mBuilding CXX object CMakeFiles/sm_python.dir/src/export_rotational_kinematics.cpp.o[0m
[ 31%] [32mBuilding CXX object CMakeFiles/sm_python.dir/src/exportTransformation.cpp.o[0m
[ 26%] [32mBuilding CXX object CMakeFiles/sm_python.dir/src/export_quaternion_algebra.cpp.o[0m
[ 42%] [32mBuilding CXX object CMakeFiles/sm_python.dir/src/exportTimestampCorrector.cpp.o[0m
[ 42%] [32mBuilding CXX object CMakeFiles/sm_python.dir/src/export_homogeneous.cpp.o[0m
[ 47%] [32mBuilding CXX object CMakeFiles/sm_python.dir/src/exportPropertyTree.cpp.o[0m
[ 52%] [32mBuilding CXX object CMakeFiles/sm_python.dir/src/exportHomogeneousPoint.cpp.o[0m
[ 57%] [32mBuilding CXX object CMakeFiles/sm_python.dir/src/exportUncertainVector.cpp.o[0m
[ 63%] [32mBuilding CXX object CMakeFiles/sm_python.dir/src/exportEigen.cpp.o[0m
[ 68%] [32mBuilding CXX object CMakeFiles/sm_python.dir/src/exportMatrixArchive.cpp.o[0m
[ 73%] [32mBuilding CXX object CMakeFiles/sm_python.dir/src/export_kinematics_property_tree.cpp.o[0m
[ 78%] [32mBuilding CXX object CMakeFiles/sm_python.dir/src/export_eigen_property_tree.cpp.o[0m
[ 84%] [32mBuilding CXX object CMakeFiles/sm_python.dir/src/Logging.cpp.o[0m
[ 89%] [32mBuilding CXX object CMakeFiles/sm_python.dir/src/exportNsecTime.cpp.o[0m
[ 94%] [32mBuilding CXX object CMakeFiles/sm_python.dir/src/random.cpp.o[0m
[100%] [32m[1mLinking CXX shared library /calibration_ws/devel/.private/sm_python/lib/libsm_python.so[0m
[34m[1mCopying library files to python directory[0m
'/calibration_ws/devel/.private/sm_python/lib/libsm_python.so' -> '/calibration_ws/devel/.private/sm_python/lib/python3/dist-packages/sm/libsm_python.so'
[100%] Built target sm_python
