[35m[1mScanning dependencies of target numpy_eigen[0m
[35m[1mScanning dependencies of target numpy_eigen_test[0m
[  1%] [32mBuilding CXX object CMakeFiles/numpy_eigen_test.dir/src/autogen_test_module/test_1_1_int.cpp.o[0m
[  1%] [32mBuilding CXX object CMakeFiles/numpy_eigen_test.dir/src/autogen_test_module/numpy_eigen_test_module.cpp.o[0m
[  1%] [32mBuilding CXX object CMakeFiles/numpy_eigen_test.dir/src/autogen_test_module/test_1_1_float.cpp.o[0m
[  1%] [32mBuilding CXX object CMakeFiles/numpy_eigen_test.dir/src/autogen_test_module/test_1_1_double.cpp.o[0m
[  1%] [32mBuilding CXX object CMakeFiles/numpy_eigen.dir/src/autogen_module/numpy_eigen_export_module.cpp.o[0m
[  1%] [32mBuilding CXX object CMakeFiles/numpy_eigen_test.dir/src/autogen_test_module/test_1_1_uchar.cpp.o[0m
[  1%] [32mBuilding CXX object CMakeFiles/numpy_eigen.dir/src/autogen_module/import_1_1_int.cpp.o[0m
[  1%] [32mBuilding CXX object CMakeFiles/numpy_eigen_test.dir/src/autogen_test_module/test_1_1_long.cpp.o[0m
[  2%] [32mBuilding CXX object CMakeFiles/numpy_eigen_test.dir/src/autogen_test_module/test_1_2_int.cpp.o[0m
[  2%] [32mBuilding CXX object CMakeFiles/numpy_eigen_test.dir/src/autogen_test_module/test_1_2_float.cpp.o[0m
[  2%] [32mBuilding CXX object CMakeFiles/numpy_eigen_test.dir/src/autogen_test_module/test_1_2_double.cpp.o[0m
[  2%] [32mBuilding CXX object CMakeFiles/numpy_eigen_test.dir/src/autogen_test_module/test_1_2_uchar.cpp.o[0m
[  2%] [32mBuilding CXX object CMakeFiles/numpy_eigen_test.dir/src/autogen_test_module/test_1_2_long.cpp.o[0m
[  3%] [32mBuilding CXX object CMakeFiles/numpy_eigen.dir/src/autogen_module/import_1_1_float.cpp.o[0m
[  3%] [32mBuilding CXX object CMakeFiles/numpy_eigen.dir/src/autogen_module/import_1_1_double.cpp.o[0m
[  3%] [32mBuilding CXX object CMakeFiles/numpy_eigen.dir/src/autogen_module/import_1_1_uchar.cpp.o[0m
[  3%] [32mBuilding CXX object CMakeFiles/numpy_eigen.dir/src/autogen_module/import_1_1_long.cpp.o[0m
[  4%] [32mBuilding CXX object CMakeFiles/numpy_eigen.dir/src/autogen_module/import_1_2_float.cpp.o[0m
[  4%] [32mBuilding CXX object CMakeFiles/numpy_eigen.dir/src/autogen_module/import_1_2_int.cpp.o[0m
[  5%] [32mBuilding CXX object CMakeFiles/numpy_eigen_test.dir/src/autogen_test_module/test_1_3_int.cpp.o[0m
[  5%] [32mBuilding CXX object CMakeFiles/numpy_eigen.dir/src/autogen_module/import_1_2_double.cpp.o[0m
[  5%] [32mBuilding CXX object CMakeFiles/numpy_eigen_test.dir/src/autogen_test_module/test_1_3_float.cpp.o[0m
[  5%] [32mBuilding CXX object CMakeFiles/numpy_eigen.dir/src/autogen_module/import_1_2_uchar.cpp.o[0m
[  5%] [32mBuilding CXX object CMakeFiles/numpy_eigen.dir/src/autogen_module/import_1_2_long.cpp.o[0m
[  5%] [32mBuilding CXX object CMakeFiles/numpy_eigen_test.dir/src/autogen_test_module/test_1_3_double.cpp.o[0m
[  5%] [32mBuilding CXX object CMakeFiles/numpy_eigen_test.dir/src/autogen_test_module/test_1_3_uchar.cpp.o[0m
[  5%] [32mBuilding CXX object CMakeFiles/numpy_eigen.dir/src/autogen_module/import_1_3_int.cpp.o[0m
[  5%] [32mBuilding CXX object CMakeFiles/numpy_eigen_test.dir/src/autogen_test_module/test_1_3_long.cpp.o[0m
[  6%] [32mBuilding CXX object CMakeFiles/numpy_eigen_test.dir/src/autogen_test_module/test_1_4_int.cpp.o[0m
[  6%] [32mBuilding CXX object CMakeFiles/numpy_eigen_test.dir/src/autogen_test_module/test_1_4_float.cpp.o[0m
[  6%] [32mBuilding CXX object CMakeFiles/numpy_eigen_test.dir/src/autogen_test_module/test_1_4_double.cpp.o[0m
[  6%] [32mBuilding CXX object CMakeFiles/numpy_eigen_test.dir/src/autogen_test_module/test_1_4_uchar.cpp.o[0m
[  7%] [32mBuilding CXX object CMakeFiles/numpy_eigen.dir/src/autogen_module/import_1_3_float.cpp.o[0m
[  7%] [32mBuilding CXX object CMakeFiles/numpy_eigen.dir/src/autogen_module/import_1_3_double.cpp.o[0m
[  7%] [32mBuilding CXX object CMakeFiles/numpy_eigen_test.dir/src/autogen_test_module/test_1_4_long.cpp.o[0m
[  8%] [32mBuilding CXX object CMakeFiles/numpy_eigen_test.dir/src/autogen_test_module/test_1_5_int.cpp.o[0m
[  8%] [32mBuilding CXX object CMakeFiles/numpy_eigen_test.dir/src/autogen_test_module/test_1_5_float.cpp.o[0m
[  8%] [32mBuilding CXX object CMakeFiles/numpy_eigen.dir/src/autogen_module/import_1_3_uchar.cpp.o[0m
[  8%] [32mBuilding CXX object CMakeFiles/numpy_eigen.dir/src/autogen_module/import_1_3_long.cpp.o[0m
[  8%] [32mBuilding CXX object CMakeFiles/numpy_eigen.dir/src/autogen_module/import_1_4_int.cpp.o[0m
[  8%] [32mBuilding CXX object CMakeFiles/numpy_eigen_test.dir/src/autogen_test_module/test_1_5_double.cpp.o[0m
[  8%] [32mBuilding CXX object CMakeFiles/numpy_eigen_test.dir/src/autogen_test_module/test_1_5_long.cpp.o[0m
[  8%] [32mBuilding CXX object CMakeFiles/numpy_eigen_test.dir/src/autogen_test_module/test_1_5_uchar.cpp.o[0m
[  9%] [32mBuilding CXX object CMakeFiles/numpy_eigen_test.dir/src/autogen_test_module/test_1_6_int.cpp.o[0m
[  9%] [32mBuilding CXX object CMakeFiles/numpy_eigen_test.dir/src/autogen_test_module/test_1_6_float.cpp.o[0m
[ 10%] [32mBuilding CXX object CMakeFiles/numpy_eigen.dir/src/autogen_module/import_1_4_float.cpp.o[0m
[ 10%] [32mBuilding CXX object CMakeFiles/numpy_eigen.dir/src/autogen_module/import_1_4_double.cpp.o[0m
[ 10%] [32mBuilding CXX object CMakeFiles/numpy_eigen.dir/src/autogen_module/import_1_4_uchar.cpp.o[0m
[ 10%] [32mBuilding CXX object CMakeFiles/numpy_eigen_test.dir/src/autogen_test_module/test_1_6_double.cpp.o[0m
[ 10%] [32mBuilding CXX object CMakeFiles/numpy_eigen.dir/src/autogen_module/import_1_4_long.cpp.o[0m
[ 10%] [32mBuilding CXX object CMakeFiles/numpy_eigen.dir/src/autogen_module/import_1_5_int.cpp.o[0m
[ 10%] [32mBuilding CXX object CMakeFiles/numpy_eigen_test.dir/src/autogen_test_module/test_1_6_uchar.cpp.o[0m
[ 11%] [32mBuilding CXX object CMakeFiles/numpy_eigen.dir/src/autogen_module/import_1_5_float.cpp.o[0m
[ 11%] [32mBuilding CXX object CMakeFiles/numpy_eigen_test.dir/src/autogen_test_module/test_1_6_long.cpp.o[0m
[ 11%] [32mBuilding CXX object CMakeFiles/numpy_eigen.dir/src/autogen_module/import_1_5_double.cpp.o[0m
[ 12%] [32mBuilding CXX object CMakeFiles/numpy_eigen_test.dir/src/autogen_test_module/test_1_D_int.cpp.o[0m
[ 12%] [32mBuilding CXX object CMakeFiles/numpy_eigen_test.dir/src/autogen_test_module/test_1_D_float.cpp.o[0m
[ 12%] [32mBuilding CXX object CMakeFiles/numpy_eigen.dir/src/autogen_module/import_1_5_uchar.cpp.o[0m
[ 12%] [32mBuilding CXX object CMakeFiles/numpy_eigen_test.dir/src/autogen_test_module/test_1_D_double.cpp.o[0m
[ 12%] [32mBuilding CXX object CMakeFiles/numpy_eigen.dir/src/autogen_module/import_1_5_long.cpp.o[0m
[ 12%] [32mBuilding CXX object CMakeFiles/numpy_eigen_test.dir/src/autogen_test_module/test_1_D_uchar.cpp.o[0m
[ 12%] [32mBuilding CXX object CMakeFiles/numpy_eigen.dir/src/autogen_module/import_1_6_int.cpp.o[0m
[ 13%] [32mBuilding CXX object CMakeFiles/numpy_eigen.dir/src/autogen_module/import_1_6_float.cpp.o[0m
[ 13%] [32mBuilding CXX object CMakeFiles/numpy_eigen.dir/src/autogen_module/import_1_6_double.cpp.o[0m
[ 13%] [32mBuilding CXX object CMakeFiles/numpy_eigen_test.dir/src/autogen_test_module/test_1_D_long.cpp.o[0m
[ 13%] [32mBuilding CXX object CMakeFiles/numpy_eigen.dir/src/autogen_module/import_1_6_uchar.cpp.o[0m
[ 14%] [32mBuilding CXX object CMakeFiles/numpy_eigen_test.dir/src/autogen_test_module/test_2_1_int.cpp.o[0m
[ 14%] [32mBuilding CXX object CMakeFiles/numpy_eigen_test.dir/src/autogen_test_module/test_2_1_float.cpp.o[0m
[ 14%] [32mBuilding CXX object CMakeFiles/numpy_eigen_test.dir/src/autogen_test_module/test_2_1_double.cpp.o[0m
[ 14%] [32mBuilding CXX object CMakeFiles/numpy_eigen_test.dir/src/autogen_test_module/test_2_1_uchar.cpp.o[0m
[ 14%] [32mBuilding CXX object CMakeFiles/numpy_eigen.dir/src/autogen_module/import_1_6_long.cpp.o[0m
[ 14%] [32mBuilding CXX object CMakeFiles/numpy_eigen.dir/src/autogen_module/import_1_D_int.cpp.o[0m
[ 14%] [32mBuilding CXX object CMakeFiles/numpy_eigen_test.dir/src/autogen_test_module/test_2_1_long.cpp.o[0m
[ 15%] [32mBuilding CXX object CMakeFiles/numpy_eigen_test.dir/src/autogen_test_module/test_2_2_int.cpp.o[0m
[ 16%] [32mBuilding CXX object CMakeFiles/numpy_eigen.dir/src/autogen_module/import_1_D_float.cpp.o[0m
[ 16%] [32mBuilding CXX object CMakeFiles/numpy_eigen_test.dir/src/autogen_test_module/test_2_2_float.cpp.o[0m
[ 16%] [32mBuilding CXX object CMakeFiles/numpy_eigen_test.dir/src/autogen_test_module/test_2_2_double.cpp.o[0m
[ 16%] [32mBuilding CXX object CMakeFiles/numpy_eigen.dir/src/autogen_module/import_1_D_double.cpp.o[0m
[ 16%] [32mBuilding CXX object CMakeFiles/numpy_eigen.dir/src/autogen_module/import_1_D_uchar.cpp.o[0m
[ 16%] [32mBuilding CXX object CMakeFiles/numpy_eigen.dir/src/autogen_module/import_1_D_long.cpp.o[0m
[ 16%] [32mBuilding CXX object CMakeFiles/numpy_eigen_test.dir/src/autogen_test_module/test_2_2_uchar.cpp.o[0m
[ 16%] [32mBuilding CXX object CMakeFiles/numpy_eigen_test.dir/src/autogen_test_module/test_2_2_long.cpp.o[0m
[ 17%] [32mBuilding CXX object CMakeFiles/numpy_eigen_test.dir/src/autogen_test_module/test_2_3_int.cpp.o[0m
[ 17%] [32mBuilding CXX object CMakeFiles/numpy_eigen.dir/src/autogen_module/import_2_1_int.cpp.o[0m
[ 18%] [32mBuilding CXX object CMakeFiles/numpy_eigen.dir/src/autogen_module/import_2_1_float.cpp.o[0m
[ 18%] [32mBuilding CXX object CMakeFiles/numpy_eigen.dir/src/autogen_module/import_2_1_double.cpp.o[0m
[ 18%] [32mBuilding CXX object CMakeFiles/numpy_eigen_test.dir/src/autogen_test_module/test_2_3_float.cpp.o[0m
[ 18%] [32mBuilding CXX object CMakeFiles/numpy_eigen.dir/src/autogen_module/import_2_1_uchar.cpp.o[0m
[ 18%] [32mBuilding CXX object CMakeFiles/numpy_eigen.dir/src/autogen_module/import_2_1_long.cpp.o[0m
[ 18%] [32mBuilding CXX object CMakeFiles/numpy_eigen_test.dir/src/autogen_test_module/test_2_3_double.cpp.o[0m
[ 18%] [32mBuilding CXX object CMakeFiles/numpy_eigen_test.dir/src/autogen_test_module/test_2_3_uchar.cpp.o[0m
[ 18%] [32mBuilding CXX object CMakeFiles/numpy_eigen.dir/src/autogen_module/import_2_2_int.cpp.o[0m
[ 19%] [32mBuilding CXX object CMakeFiles/numpy_eigen.dir/src/autogen_module/import_2_2_float.cpp.o[0m
[ 19%] [32mBuilding CXX object CMakeFiles/numpy_eigen_test.dir/src/autogen_test_module/test_2_3_long.cpp.o[0m
[ 20%] [32mBuilding CXX object CMakeFiles/numpy_eigen_test.dir/src/autogen_test_module/test_2_4_int.cpp.o[0m
[ 20%] [32mBuilding CXX object CMakeFiles/numpy_eigen.dir/src/autogen_module/import_2_2_double.cpp.o[0m
[ 20%] [32mBuilding CXX object CMakeFiles/numpy_eigen_test.dir/src/autogen_test_module/test_2_4_float.cpp.o[0m
[ 20%] [32mBuilding CXX object CMakeFiles/numpy_eigen_test.dir/src/autogen_test_module/test_2_4_double.cpp.o[0m
[ 20%] [32mBuilding CXX object CMakeFiles/numpy_eigen.dir/src/autogen_module/import_2_2_uchar.cpp.o[0m
[ 20%] [32mBuilding CXX object CMakeFiles/numpy_eigen_test.dir/src/autogen_test_module/test_2_4_uchar.cpp.o[0m
[ 20%] [32mBuilding CXX object CMakeFiles/numpy_eigen_test.dir/src/autogen_test_module/test_2_4_long.cpp.o[0m
[ 21%] [32mBuilding CXX object CMakeFiles/numpy_eigen_test.dir/src/autogen_test_module/test_2_5_int.cpp.o[0m
[ 21%] [32mBuilding CXX object CMakeFiles/numpy_eigen_test.dir/src/autogen_test_module/test_2_5_float.cpp.o[0m
[ 21%] [32mBuilding CXX object CMakeFiles/numpy_eigen.dir/src/autogen_module/import_2_2_long.cpp.o[0m
[ 21%] [32mBuilding CXX object CMakeFiles/numpy_eigen.dir/src/autogen_module/import_2_3_int.cpp.o[0m
[ 22%] [32mBuilding CXX object CMakeFiles/numpy_eigen.dir/src/autogen_module/import_2_3_float.cpp.o[0m
[ 22%] [32mBuilding CXX object CMakeFiles/numpy_eigen_test.dir/src/autogen_test_module/test_2_5_double.cpp.o[0m
[ 22%] [32mBuilding CXX object CMakeFiles/numpy_eigen.dir/src/autogen_module/import_2_3_double.cpp.o[0m
[ 22%] [32mBuilding CXX object CMakeFiles/numpy_eigen_test.dir/src/autogen_test_module/test_2_5_uchar.cpp.o[0m
[ 22%] [32mBuilding CXX object CMakeFiles/numpy_eigen_test.dir/src/autogen_test_module/test_2_5_long.cpp.o[0m
[ 23%] [32mBuilding CXX object CMakeFiles/numpy_eigen_test.dir/src/autogen_test_module/test_2_6_int.cpp.o[0m
[ 23%] [32mBuilding CXX object CMakeFiles/numpy_eigen.dir/src/autogen_module/import_2_3_uchar.cpp.o[0m
[ 23%] [32mBuilding CXX object CMakeFiles/numpy_eigen_test.dir/src/autogen_test_module/test_2_6_float.cpp.o[0m
[ 23%] [32mBuilding CXX object CMakeFiles/numpy_eigen_test.dir/src/autogen_test_module/test_2_6_double.cpp.o[0m
[ 23%] [32mBuilding CXX object CMakeFiles/numpy_eigen_test.dir/src/autogen_test_module/test_2_6_uchar.cpp.o[0m
[ 24%] [32mBuilding CXX object CMakeFiles/numpy_eigen_test.dir/src/autogen_test_module/test_2_D_int.cpp.o[0m
[ 24%] [32mBuilding CXX object CMakeFiles/numpy_eigen_test.dir/src/autogen_test_module/test_2_6_long.cpp.o[0m
[ 24%] [32mBuilding CXX object CMakeFiles/numpy_eigen_test.dir/src/autogen_test_module/test_2_D_float.cpp.o[0m
[ 24%] [32mBuilding CXX object CMakeFiles/numpy_eigen_test.dir/src/autogen_test_module/test_2_D_double.cpp.o[0m
[ 24%] [32mBuilding CXX object CMakeFiles/numpy_eigen.dir/src/autogen_module/import_2_3_long.cpp.o[0m
[ 24%] [32mBuilding CXX object CMakeFiles/numpy_eigen.dir/src/autogen_module/import_2_4_int.cpp.o[0m
[ 24%] [32mBuilding CXX object CMakeFiles/numpy_eigen_test.dir/src/autogen_test_module/test_2_D_uchar.cpp.o[0m
[ 24%] [32mBuilding CXX object CMakeFiles/numpy_eigen_test.dir/src/autogen_test_module/test_2_D_long.cpp.o[0m
[ 25%] [32mBuilding CXX object CMakeFiles/numpy_eigen.dir/src/autogen_module/import_2_4_float.cpp.o[0m
[ 26%] [32mBuilding CXX object CMakeFiles/numpy_eigen_test.dir/src/autogen_test_module/test_3_1_int.cpp.o[0m
[ 26%] [32mBuilding CXX object CMakeFiles/numpy_eigen_test.dir/src/autogen_test_module/test_3_1_float.cpp.o[0m
[ 26%] [32mBuilding CXX object CMakeFiles/numpy_eigen.dir/src/autogen_module/import_2_4_double.cpp.o[0m
[ 26%] [32mBuilding CXX object CMakeFiles/numpy_eigen.dir/src/autogen_module/import_2_4_uchar.cpp.o[0m
[ 26%] [32mBuilding CXX object CMakeFiles/numpy_eigen.dir/src/autogen_module/import_2_4_long.cpp.o[0m
[ 26%] [32mBuilding CXX object CMakeFiles/numpy_eigen.dir/src/autogen_module/import_2_5_int.cpp.o[0m
[ 27%] [32mBuilding CXX object CMakeFiles/numpy_eigen.dir/src/autogen_module/import_2_5_float.cpp.o[0m
[ 27%] [32mBuilding CXX object CMakeFiles/numpy_eigen.dir/src/autogen_module/import_2_5_double.cpp.o[0m
[ 27%] [32mBuilding CXX object CMakeFiles/numpy_eigen_test.dir/src/autogen_test_module/test_3_1_double.cpp.o[0m
[ 27%] [32mBuilding CXX object CMakeFiles/numpy_eigen.dir/src/autogen_module/import_2_5_uchar.cpp.o[0m
[ 27%] [32mBuilding CXX object CMakeFiles/numpy_eigen.dir/src/autogen_module/import_2_5_long.cpp.o[0m
[ 27%] [32mBuilding CXX object CMakeFiles/numpy_eigen.dir/src/autogen_module/import_2_6_int.cpp.o[0m
[ 27%] [32mBuilding CXX object CMakeFiles/numpy_eigen_test.dir/src/autogen_test_module/test_3_1_uchar.cpp.o[0m
[ 27%] [32mBuilding CXX object CMakeFiles/numpy_eigen_test.dir/src/autogen_test_module/test_3_1_long.cpp.o[0m
[ 28%] [32mBuilding CXX object CMakeFiles/numpy_eigen_test.dir/src/autogen_test_module/test_3_2_int.cpp.o[0m
[ 29%] [32mBuilding CXX object CMakeFiles/numpy_eigen.dir/src/autogen_module/import_2_6_float.cpp.o[0m
[ 29%] [32mBuilding CXX object CMakeFiles/numpy_eigen_test.dir/src/autogen_test_module/test_3_2_float.cpp.o[0m
[ 29%] [32mBuilding CXX object CMakeFiles/numpy_eigen.dir/src/autogen_module/import_2_6_double.cpp.o[0m
[ 29%] [32mBuilding CXX object CMakeFiles/numpy_eigen_test.dir/src/autogen_test_module/test_3_2_double.cpp.o[0m
[ 29%] [32mBuilding CXX object CMakeFiles/numpy_eigen_test.dir/src/autogen_test_module/test_3_2_uchar.cpp.o[0m
[ 29%] [32mBuilding CXX object CMakeFiles/numpy_eigen_test.dir/src/autogen_test_module/test_3_2_long.cpp.o[0m
[ 29%] [32mBuilding CXX object CMakeFiles/numpy_eigen.dir/src/autogen_module/import_2_6_uchar.cpp.o[0m
[ 29%] [32mBuilding CXX object CMakeFiles/numpy_eigen.dir/src/autogen_module/import_2_6_long.cpp.o[0m
[ 30%] [32mBuilding CXX object CMakeFiles/numpy_eigen_test.dir/src/autogen_test_module/test_3_3_int.cpp.o[0m
[ 30%] [32mBuilding CXX object CMakeFiles/numpy_eigen_test.dir/src/autogen_test_module/test_3_3_float.cpp.o[0m
[ 30%] [32mBuilding CXX object CMakeFiles/numpy_eigen.dir/src/autogen_module/import_2_D_int.cpp.o[0m
[ 30%] [32mBuilding CXX object CMakeFiles/numpy_eigen_test.dir/src/autogen_test_module/test_3_3_double.cpp.o[0m
[ 30%] [32mBuilding CXX object CMakeFiles/numpy_eigen_test.dir/src/autogen_test_module/test_3_3_uchar.cpp.o[0m
[ 30%] [32mBuilding CXX object CMakeFiles/numpy_eigen_test.dir/src/autogen_test_module/test_3_3_long.cpp.o[0m
[ 31%] [32mBuilding CXX object CMakeFiles/numpy_eigen.dir/src/autogen_module/import_2_D_float.cpp.o[0m
[ 31%] [32mBuilding CXX object CMakeFiles/numpy_eigen.dir/src/autogen_module/import_2_D_double.cpp.o[0m
[ 31%] [32mBuilding CXX object CMakeFiles/numpy_eigen.dir/src/autogen_module/import_2_D_uchar.cpp.o[0m
[ 31%] [32mBuilding CXX object CMakeFiles/numpy_eigen.dir/src/autogen_module/import_2_D_long.cpp.o[0m
[ 31%] [32mBuilding CXX object CMakeFiles/numpy_eigen.dir/src/autogen_module/import_3_1_int.cpp.o[0m
[ 32%] [32mBuilding CXX object CMakeFiles/numpy_eigen_test.dir/src/autogen_test_module/test_3_4_int.cpp.o[0m
[ 32%] [32mBuilding CXX object CMakeFiles/numpy_eigen_test.dir/src/autogen_test_module/test_3_4_float.cpp.o[0m
[ 33%] [32mBuilding CXX object CMakeFiles/numpy_eigen.dir/src/autogen_module/import_3_1_float.cpp.o[0m
[ 33%] [32mBuilding CXX object CMakeFiles/numpy_eigen.dir/src/autogen_module/import_3_1_double.cpp.o[0m
[ 33%] [32mBuilding CXX object CMakeFiles/numpy_eigen_test.dir/src/autogen_test_module/test_3_4_double.cpp.o[0m
[ 33%] [32mBuilding CXX object CMakeFiles/numpy_eigen.dir/src/autogen_module/import_3_1_uchar.cpp.o[0m
[ 33%] [32mBuilding CXX object CMakeFiles/numpy_eigen.dir/src/autogen_module/import_3_1_long.cpp.o[0m
[ 33%] [32mBuilding CXX object CMakeFiles/numpy_eigen.dir/src/autogen_module/import_3_2_int.cpp.o[0m
[ 33%] [32mBuilding CXX object CMakeFiles/numpy_eigen_test.dir/src/autogen_test_module/test_3_4_uchar.cpp.o[0m
[ 33%] [32mBuilding CXX object CMakeFiles/numpy_eigen_test.dir/src/autogen_test_module/test_3_4_long.cpp.o[0m
[ 34%] [32mBuilding CXX object CMakeFiles/numpy_eigen_test.dir/src/autogen_test_module/test_3_5_int.cpp.o[0m
[ 35%] [32mBuilding CXX object CMakeFiles/numpy_eigen.dir/src/autogen_module/import_3_2_float.cpp.o[0m
[ 35%] [32mBuilding CXX object CMakeFiles/numpy_eigen.dir/src/autogen_module/import_3_2_double.cpp.o[0m
[ 35%] [32mBuilding CXX object CMakeFiles/numpy_eigen_test.dir/src/autogen_test_module/test_3_5_float.cpp.o[0m
[ 35%] [32mBuilding CXX object CMakeFiles/numpy_eigen_test.dir/src/autogen_test_module/test_3_5_double.cpp.o[0m
[ 35%] [32mBuilding CXX object CMakeFiles/numpy_eigen_test.dir/src/autogen_test_module/test_3_5_uchar.cpp.o[0m
[ 35%] [32mBuilding CXX object CMakeFiles/numpy_eigen_test.dir/src/autogen_test_module/test_3_5_long.cpp.o[0m
[ 35%] [32mBuilding CXX object CMakeFiles/numpy_eigen.dir/src/autogen_module/import_3_2_uchar.cpp.o[0m
[ 35%] [32mBuilding CXX object CMakeFiles/numpy_eigen.dir/src/autogen_module/import_3_2_long.cpp.o[0m
[ 36%] [32mBuilding CXX object CMakeFiles/numpy_eigen_test.dir/src/autogen_test_module/test_3_6_int.cpp.o[0m
[ 36%] [32mBuilding CXX object CMakeFiles/numpy_eigen.dir/src/autogen_module/import_3_3_int.cpp.o[0m
[ 36%] [32mBuilding CXX object CMakeFiles/numpy_eigen_test.dir/src/autogen_test_module/test_3_6_float.cpp.o[0m
[ 37%] [32mBuilding CXX object CMakeFiles/numpy_eigen.dir/src/autogen_module/import_3_3_float.cpp.o[0m
[ 37%] [32mBuilding CXX object CMakeFiles/numpy_eigen_test.dir/src/autogen_test_module/test_3_6_double.cpp.o[0m
[ 37%] [32mBuilding CXX object CMakeFiles/numpy_eigen.dir/src/autogen_module/import_3_3_double.cpp.o[0m
[ 37%] [32mBuilding CXX object CMakeFiles/numpy_eigen.dir/src/autogen_module/import_3_3_uchar.cpp.o[0m
[ 37%] [32mBuilding CXX object CMakeFiles/numpy_eigen_test.dir/src/autogen_test_module/test_3_6_uchar.cpp.o[0m
[ 37%] [32mBuilding CXX object CMakeFiles/numpy_eigen_test.dir/src/autogen_test_module/test_3_6_long.cpp.o[0m
[ 38%] [32mBuilding CXX object CMakeFiles/numpy_eigen_test.dir/src/autogen_test_module/test_3_D_int.cpp.o[0m
[ 38%] [32mBuilding CXX object CMakeFiles/numpy_eigen_test.dir/src/autogen_test_module/test_3_D_float.cpp.o[0m
[ 38%] [32mBuilding CXX object CMakeFiles/numpy_eigen.dir/src/autogen_module/import_3_3_long.cpp.o[0m
[ 38%] [32mBuilding CXX object CMakeFiles/numpy_eigen_test.dir/src/autogen_test_module/test_3_D_double.cpp.o[0m
[ 38%] [32mBuilding CXX object CMakeFiles/numpy_eigen_test.dir/src/autogen_test_module/test_3_D_uchar.cpp.o[0m
[ 38%] [32mBuilding CXX object CMakeFiles/numpy_eigen_test.dir/src/autogen_test_module/test_3_D_long.cpp.o[0m
[ 39%] [32mBuilding CXX object CMakeFiles/numpy_eigen_test.dir/src/autogen_test_module/test_4_1_int.cpp.o[0m
[ 39%] [32mBuilding CXX object CMakeFiles/numpy_eigen.dir/src/autogen_module/import_3_4_int.cpp.o[0m
[ 39%] [32mBuilding CXX object CMakeFiles/numpy_eigen_test.dir/src/autogen_test_module/test_4_1_float.cpp.o[0m
[ 39%] [32mBuilding CXX object CMakeFiles/numpy_eigen_test.dir/src/autogen_test_module/test_4_1_double.cpp.o[0m
[ 39%] [32mBuilding CXX object CMakeFiles/numpy_eigen_test.dir/src/autogen_test_module/test_4_1_uchar.cpp.o[0m
[ 39%] [32mBuilding CXX object CMakeFiles/numpy_eigen_test.dir/src/autogen_test_module/test_4_1_long.cpp.o[0m
[ 40%] [32mBuilding CXX object CMakeFiles/numpy_eigen_test.dir/src/autogen_test_module/test_4_2_int.cpp.o[0m
[ 40%] [32mBuilding CXX object CMakeFiles/numpy_eigen_test.dir/src/autogen_test_module/test_4_2_float.cpp.o[0m
[ 40%] [32mBuilding CXX object CMakeFiles/numpy_eigen_test.dir/src/autogen_test_module/test_4_2_double.cpp.o[0m
[ 41%] [32mBuilding CXX object CMakeFiles/numpy_eigen.dir/src/autogen_module/import_3_4_float.cpp.o[0m
[ 41%] [32mBuilding CXX object CMakeFiles/numpy_eigen.dir/src/autogen_module/import_3_4_double.cpp.o[0m
[ 41%] [32mBuilding CXX object CMakeFiles/numpy_eigen_test.dir/src/autogen_test_module/test_4_2_uchar.cpp.o[0m
[ 41%] [32mBuilding CXX object CMakeFiles/numpy_eigen_test.dir/src/autogen_test_module/test_4_2_long.cpp.o[0m
[ 41%] [32mBuilding CXX object CMakeFiles/numpy_eigen.dir/src/autogen_module/import_3_4_uchar.cpp.o[0m
[ 41%] [32mBuilding CXX object CMakeFiles/numpy_eigen.dir/src/autogen_module/import_3_4_long.cpp.o[0m
[ 41%] [32mBuilding CXX object CMakeFiles/numpy_eigen.dir/src/autogen_module/import_3_5_int.cpp.o[0m
[ 42%] [32mBuilding CXX object CMakeFiles/numpy_eigen.dir/src/autogen_module/import_3_5_float.cpp.o[0m
[ 42%] [32mBuilding CXX object CMakeFiles/numpy_eigen.dir/src/autogen_module/import_3_5_double.cpp.o[0m
[ 43%] [32mBuilding CXX object CMakeFiles/numpy_eigen_test.dir/src/autogen_test_module/test_4_3_int.cpp.o[0m
[ 43%] [32mBuilding CXX object CMakeFiles/numpy_eigen.dir/src/autogen_module/import_3_5_uchar.cpp.o[0m
[ 43%] [32mBuilding CXX object CMakeFiles/numpy_eigen.dir/src/autogen_module/import_3_5_long.cpp.o[0m
[ 43%] [32mBuilding CXX object CMakeFiles/numpy_eigen.dir/src/autogen_module/import_3_6_int.cpp.o[0m
[ 43%] [32mBuilding CXX object CMakeFiles/numpy_eigen_test.dir/src/autogen_test_module/test_4_3_float.cpp.o[0m
[ 43%] [32mBuilding CXX object CMakeFiles/numpy_eigen_test.dir/src/autogen_test_module/test_4_3_double.cpp.o[0m
[ 44%] [32mBuilding CXX object CMakeFiles/numpy_eigen.dir/src/autogen_module/import_3_6_float.cpp.o[0m
[ 44%] [32mBuilding CXX object CMakeFiles/numpy_eigen.dir/src/autogen_module/import_3_6_double.cpp.o[0m
[ 44%] [32mBuilding CXX object CMakeFiles/numpy_eigen.dir/src/autogen_module/import_3_6_uchar.cpp.o[0m
[ 44%] [32mBuilding CXX object CMakeFiles/numpy_eigen.dir/src/autogen_module/import_3_6_long.cpp.o[0m
[ 44%] [32mBuilding CXX object CMakeFiles/numpy_eigen_test.dir/src/autogen_test_module/test_4_3_uchar.cpp.o[0m
[ 44%] [32mBuilding CXX object CMakeFiles/numpy_eigen_test.dir/src/autogen_test_module/test_4_3_long.cpp.o[0m
[ 45%] [32mBuilding CXX object CMakeFiles/numpy_eigen_test.dir/src/autogen_test_module/test_4_4_int.cpp.o[0m
[ 45%] [32mBuilding CXX object CMakeFiles/numpy_eigen_test.dir/src/autogen_test_module/test_4_4_float.cpp.o[0m
[ 45%] [32mBuilding CXX object CMakeFiles/numpy_eigen_test.dir/src/autogen_test_module/test_4_4_double.cpp.o[0m
[ 45%] [32mBuilding CXX object CMakeFiles/numpy_eigen.dir/src/autogen_module/import_3_D_int.cpp.o[0m
[ 45%] [32mBuilding CXX object CMakeFiles/numpy_eigen_test.dir/src/autogen_test_module/test_4_4_uchar.cpp.o[0m
[ 45%] [32mBuilding CXX object CMakeFiles/numpy_eigen_test.dir/src/autogen_test_module/test_4_4_long.cpp.o[0m
[ 46%] [32mBuilding CXX object CMakeFiles/numpy_eigen.dir/src/autogen_module/import_3_D_float.cpp.o[0m
[ 46%] [32mBuilding CXX object CMakeFiles/numpy_eigen.dir/src/autogen_module/import_3_D_double.cpp.o[0m
[ 46%] [32mBuilding CXX object CMakeFiles/numpy_eigen.dir/src/autogen_module/import_3_D_uchar.cpp.o[0m
[ 47%] [32mBuilding CXX object CMakeFiles/numpy_eigen_test.dir/src/autogen_test_module/test_4_5_int.cpp.o[0m
[ 47%] [32mBuilding CXX object CMakeFiles/numpy_eigen.dir/src/autogen_module/import_3_D_long.cpp.o[0m
[ 47%] [32mBuilding CXX object CMakeFiles/numpy_eigen_test.dir/src/autogen_test_module/test_4_5_float.cpp.o[0m
[ 47%] [32mBuilding CXX object CMakeFiles/numpy_eigen.dir/src/autogen_module/import_4_1_int.cpp.o[0m
[ 48%] [32mBuilding CXX object CMakeFiles/numpy_eigen.dir/src/autogen_module/import_4_1_float.cpp.o[0m
[ 48%] [32mBuilding CXX object CMakeFiles/numpy_eigen_test.dir/src/autogen_test_module/test_4_5_double.cpp.o[0m
[ 48%] [32mBuilding CXX object CMakeFiles/numpy_eigen_test.dir/src/autogen_test_module/test_4_5_uchar.cpp.o[0m
[ 48%] [32mBuilding CXX object CMakeFiles/numpy_eigen_test.dir/src/autogen_test_module/test_4_5_long.cpp.o[0m
[ 49%] [32mBuilding CXX object CMakeFiles/numpy_eigen_test.dir/src/autogen_test_module/test_4_6_int.cpp.o[0m
[ 49%] [32mBuilding CXX object CMakeFiles/numpy_eigen_test.dir/src/autogen_test_module/test_4_6_float.cpp.o[0m
[ 49%] [32mBuilding CXX object CMakeFiles/numpy_eigen_test.dir/src/autogen_test_module/test_4_6_double.cpp.o[0m
[ 49%] [32mBuilding CXX object CMakeFiles/numpy_eigen.dir/src/autogen_module/import_4_1_double.cpp.o[0m
[ 49%] [32mBuilding CXX object CMakeFiles/numpy_eigen_test.dir/src/autogen_test_module/test_4_6_uchar.cpp.o[0m
[ 49%] [32mBuilding CXX object CMakeFiles/numpy_eigen_test.dir/src/autogen_test_module/test_4_6_long.cpp.o[0m
[ 50%] [32mBuilding CXX object CMakeFiles/numpy_eigen_test.dir/src/autogen_test_module/test_4_D_int.cpp.o[0m
[ 50%] [32mBuilding CXX object CMakeFiles/numpy_eigen_test.dir/src/autogen_test_module/test_4_D_float.cpp.o[0m
[ 50%] [32mBuilding CXX object CMakeFiles/numpy_eigen_test.dir/src/autogen_test_module/test_4_D_double.cpp.o[0m
[ 50%] [32mBuilding CXX object CMakeFiles/numpy_eigen_test.dir/src/autogen_test_module/test_4_D_uchar.cpp.o[0m
[ 50%] [32mBuilding CXX object CMakeFiles/numpy_eigen.dir/src/autogen_module/import_4_1_uchar.cpp.o[0m
[ 50%] [32mBuilding CXX object CMakeFiles/numpy_eigen_test.dir/src/autogen_test_module/test_4_D_long.cpp.o[0m
[ 50%] [32mBuilding CXX object CMakeFiles/numpy_eigen.dir/src/autogen_module/import_4_1_long.cpp.o[0m
[ 50%] [32mBuilding CXX object CMakeFiles/numpy_eigen.dir/src/autogen_module/import_4_2_int.cpp.o[0m
[ 51%] [32mBuilding CXX object CMakeFiles/numpy_eigen.dir/src/autogen_module/import_4_2_float.cpp.o[0m
[ 52%] [32mBuilding CXX object CMakeFiles/numpy_eigen_test.dir/src/autogen_test_module/test_5_1_int.cpp.o[0m
[ 52%] [32mBuilding CXX object CMakeFiles/numpy_eigen.dir/src/autogen_module/import_4_2_double.cpp.o[0m
[ 52%] [32mBuilding CXX object CMakeFiles/numpy_eigen.dir/src/autogen_module/import_4_2_uchar.cpp.o[0m
[ 52%] [32mBuilding CXX object CMakeFiles/numpy_eigen.dir/src/autogen_module/import_4_2_long.cpp.o[0m
[ 52%] [32mBuilding CXX object CMakeFiles/numpy_eigen.dir/src/autogen_module/import_4_3_int.cpp.o[0m
[ 52%] [32mBuilding CXX object CMakeFiles/numpy_eigen_test.dir/src/autogen_test_module/test_5_1_float.cpp.o[0m
[ 53%] [32mBuilding CXX object CMakeFiles/numpy_eigen.dir/src/autogen_module/import_4_3_float.cpp.o[0m
[ 53%] [32mBuilding CXX object CMakeFiles/numpy_eigen.dir/src/autogen_module/import_4_3_double.cpp.o[0m
[ 53%] [32mBuilding CXX object CMakeFiles/numpy_eigen.dir/src/autogen_module/import_4_3_uchar.cpp.o[0m
[ 53%] [32mBuilding CXX object CMakeFiles/numpy_eigen.dir/src/autogen_module/import_4_3_long.cpp.o[0m
[ 53%] [32mBuilding CXX object CMakeFiles/numpy_eigen.dir/src/autogen_module/import_4_4_int.cpp.o[0m
[ 54%] [32mBuilding CXX object CMakeFiles/numpy_eigen.dir/src/autogen_module/import_4_4_float.cpp.o[0m
[ 54%] [32mBuilding CXX object CMakeFiles/numpy_eigen_test.dir/src/autogen_test_module/test_5_1_double.cpp.o[0m
[ 54%] [32mBuilding CXX object CMakeFiles/numpy_eigen_test.dir/src/autogen_test_module/test_5_1_uchar.cpp.o[0m
[ 54%] [32mBuilding CXX object CMakeFiles/numpy_eigen_test.dir/src/autogen_test_module/test_5_1_long.cpp.o[0m
[ 54%] [32mBuilding CXX object CMakeFiles/numpy_eigen.dir/src/autogen_module/import_4_4_double.cpp.o[0m
[ 55%] [32mBuilding CXX object CMakeFiles/numpy_eigen_test.dir/src/autogen_test_module/test_5_2_int.cpp.o[0m
[ 55%] [32mBuilding CXX object CMakeFiles/numpy_eigen_test.dir/src/autogen_test_module/test_5_2_float.cpp.o[0m
[ 55%] [32mBuilding CXX object CMakeFiles/numpy_eigen_test.dir/src/autogen_test_module/test_5_2_double.cpp.o[0m
[ 55%] [32mBuilding CXX object CMakeFiles/numpy_eigen.dir/src/autogen_module/import_4_4_uchar.cpp.o[0m
[ 55%] [32mBuilding CXX object CMakeFiles/numpy_eigen.dir/src/autogen_module/import_4_4_long.cpp.o[0m
[ 55%] [32mBuilding CXX object CMakeFiles/numpy_eigen_test.dir/src/autogen_test_module/test_5_2_uchar.cpp.o[0m
[ 55%] [32mBuilding CXX object CMakeFiles/numpy_eigen_test.dir/src/autogen_test_module/test_5_2_long.cpp.o[0m
[ 55%] [32mBuilding CXX object CMakeFiles/numpy_eigen.dir/src/autogen_module/import_4_5_int.cpp.o[0m
[ 56%] [32mBuilding CXX object CMakeFiles/numpy_eigen_test.dir/src/autogen_test_module/test_5_3_int.cpp.o[0m
[ 56%] [32mBuilding CXX object CMakeFiles/numpy_eigen_test.dir/src/autogen_test_module/test_5_3_float.cpp.o[0m
[ 56%] [32mBuilding CXX object CMakeFiles/numpy_eigen_test.dir/src/autogen_test_module/test_5_3_double.cpp.o[0m
[ 57%] [32mBuilding CXX object CMakeFiles/numpy_eigen.dir/src/autogen_module/import_4_5_float.cpp.o[0m
[ 57%] [32mBuilding CXX object CMakeFiles/numpy_eigen.dir/src/autogen_module/import_4_5_double.cpp.o[0m
[ 57%] [32mBuilding CXX object CMakeFiles/numpy_eigen_test.dir/src/autogen_test_module/test_5_3_uchar.cpp.o[0m
[ 57%] [32mBuilding CXX object CMakeFiles/numpy_eigen_test.dir/src/autogen_test_module/test_5_3_long.cpp.o[0m
[ 58%] [32mBuilding CXX object CMakeFiles/numpy_eigen_test.dir/src/autogen_test_module/test_5_4_int.cpp.o[0m
[ 58%] [32mBuilding CXX object CMakeFiles/numpy_eigen.dir/src/autogen_module/import_4_5_uchar.cpp.o[0m
[ 58%] [32mBuilding CXX object CMakeFiles/numpy_eigen.dir/src/autogen_module/import_4_5_long.cpp.o[0m
[ 58%] [32mBuilding CXX object CMakeFiles/numpy_eigen_test.dir/src/autogen_test_module/test_5_4_float.cpp.o[0m
[ 58%] [32mBuilding CXX object CMakeFiles/numpy_eigen_test.dir/src/autogen_test_module/test_5_4_double.cpp.o[0m
[ 58%] [32mBuilding CXX object CMakeFiles/numpy_eigen.dir/src/autogen_module/import_4_6_int.cpp.o[0m
[ 59%] [32mBuilding CXX object CMakeFiles/numpy_eigen.dir/src/autogen_module/import_4_6_float.cpp.o[0m
[ 59%] [32mBuilding CXX object CMakeFiles/numpy_eigen.dir/src/autogen_module/import_4_6_double.cpp.o[0m
[ 59%] [32mBuilding CXX object CMakeFiles/numpy_eigen_test.dir/src/autogen_test_module/test_5_4_uchar.cpp.o[0m
[ 59%] [32mBuilding CXX object CMakeFiles/numpy_eigen_test.dir/src/autogen_test_module/test_5_4_long.cpp.o[0m
[ 59%] [32mBuilding CXX object CMakeFiles/numpy_eigen.dir/src/autogen_module/import_4_6_uchar.cpp.o[0m
[ 59%] [32mBuilding CXX object CMakeFiles/numpy_eigen.dir/src/autogen_module/import_4_6_long.cpp.o[0m
[ 59%] [32mBuilding CXX object CMakeFiles/numpy_eigen.dir/src/autogen_module/import_4_D_int.cpp.o[0m
[ 60%] [32mBuilding CXX object CMakeFiles/numpy_eigen.dir/src/autogen_module/import_4_D_float.cpp.o[0m
[ 60%] [32mBuilding CXX object CMakeFiles/numpy_eigen.dir/src/autogen_module/import_4_D_double.cpp.o[0m
[ 61%] [32mBuilding CXX object CMakeFiles/numpy_eigen_test.dir/src/autogen_test_module/test_5_5_int.cpp.o[0m
[ 61%] [32mBuilding CXX object CMakeFiles/numpy_eigen_test.dir/src/autogen_test_module/test_5_5_float.cpp.o[0m
[ 61%] [32mBuilding CXX object CMakeFiles/numpy_eigen_test.dir/src/autogen_test_module/test_5_5_double.cpp.o[0m
[ 61%] [32mBuilding CXX object CMakeFiles/numpy_eigen.dir/src/autogen_module/import_4_D_uchar.cpp.o[0m
[ 61%] [32mBuilding CXX object CMakeFiles/numpy_eigen_test.dir/src/autogen_test_module/test_5_5_uchar.cpp.o[0m
[ 61%] [32mBuilding CXX object CMakeFiles/numpy_eigen.dir/src/autogen_module/import_4_D_long.cpp.o[0m
[ 61%] [32mBuilding CXX object CMakeFiles/numpy_eigen_test.dir/src/autogen_test_module/test_5_5_long.cpp.o[0m
[ 62%] [32mBuilding CXX object CMakeFiles/numpy_eigen_test.dir/src/autogen_test_module/test_5_6_int.cpp.o[0m
[ 62%] [32mBuilding CXX object CMakeFiles/numpy_eigen.dir/src/autogen_module/import_5_1_int.cpp.o[0m
[ 63%] [32mBuilding CXX object CMakeFiles/numpy_eigen.dir/src/autogen_module/import_5_1_float.cpp.o[0m
[ 63%] [32mBuilding CXX object CMakeFiles/numpy_eigen.dir/src/autogen_module/import_5_1_double.cpp.o[0m
[ 63%] [32mBuilding CXX object CMakeFiles/numpy_eigen_test.dir/src/autogen_test_module/test_5_6_float.cpp.o[0m
[ 63%] [32mBuilding CXX object CMakeFiles/numpy_eigen_test.dir/src/autogen_test_module/test_5_6_double.cpp.o[0m
[ 63%] [32mBuilding CXX object CMakeFiles/numpy_eigen.dir/src/autogen_module/import_5_1_uchar.cpp.o[0m
[ 63%] [32mBuilding CXX object CMakeFiles/numpy_eigen_test.dir/src/autogen_test_module/test_5_6_uchar.cpp.o[0m
[ 63%] [32mBuilding CXX object CMakeFiles/numpy_eigen_test.dir/src/autogen_test_module/test_5_6_long.cpp.o[0m
[ 63%] [32mBuilding CXX object CMakeFiles/numpy_eigen.dir/src/autogen_module/import_5_1_long.cpp.o[0m
[ 63%] [32mBuilding CXX object CMakeFiles/numpy_eigen.dir/src/autogen_module/import_5_2_int.cpp.o[0m
[ 64%] [32mBuilding CXX object CMakeFiles/numpy_eigen.dir/src/autogen_module/import_5_2_float.cpp.o[0m
[ 64%] [32mBuilding CXX object CMakeFiles/numpy_eigen.dir/src/autogen_module/import_5_2_double.cpp.o[0m
[ 65%] [32mBuilding CXX object CMakeFiles/numpy_eigen_test.dir/src/autogen_test_module/test_5_D_int.cpp.o[0m
[ 65%] [32mBuilding CXX object CMakeFiles/numpy_eigen.dir/src/autogen_module/import_5_2_uchar.cpp.o[0m
[ 65%] [32mBuilding CXX object CMakeFiles/numpy_eigen.dir/src/autogen_module/import_5_2_long.cpp.o[0m
[ 65%] [32mBuilding CXX object CMakeFiles/numpy_eigen_test.dir/src/autogen_test_module/test_5_D_float.cpp.o[0m
[ 65%] [32mBuilding CXX object CMakeFiles/numpy_eigen.dir/src/autogen_module/import_5_3_int.cpp.o[0m
[ 66%] [32mBuilding CXX object CMakeFiles/numpy_eigen.dir/src/autogen_module/import_5_3_float.cpp.o[0m
[ 66%] [32mBuilding CXX object CMakeFiles/numpy_eigen.dir/src/autogen_module/import_5_3_double.cpp.o[0m
[ 66%] [32mBuilding CXX object CMakeFiles/numpy_eigen.dir/src/autogen_module/import_5_3_uchar.cpp.o[0m
[ 66%] [32mBuilding CXX object CMakeFiles/numpy_eigen.dir/src/autogen_module/import_5_3_long.cpp.o[0m
[ 66%] [32mBuilding CXX object CMakeFiles/numpy_eigen.dir/src/autogen_module/import_5_4_int.cpp.o[0m
[ 67%] [32mBuilding CXX object CMakeFiles/numpy_eigen.dir/src/autogen_module/import_5_4_float.cpp.o[0m
[ 67%] [32mBuilding CXX object CMakeFiles/numpy_eigen_test.dir/src/autogen_test_module/test_5_D_double.cpp.o[0m
[ 67%] [32mBuilding CXX object CMakeFiles/numpy_eigen_test.dir/src/autogen_test_module/test_5_D_uchar.cpp.o[0m
[ 67%] [32mBuilding CXX object CMakeFiles/numpy_eigen.dir/src/autogen_module/import_5_4_double.cpp.o[0m
[ 67%] [32mBuilding CXX object CMakeFiles/numpy_eigen_test.dir/src/autogen_test_module/test_5_D_long.cpp.o[0m
[ 67%] [32mBuilding CXX object CMakeFiles/numpy_eigen.dir/src/autogen_module/import_5_4_uchar.cpp.o[0m
[ 68%] [32mBuilding CXX object CMakeFiles/numpy_eigen_test.dir/src/autogen_test_module/test_6_1_int.cpp.o[0m
[ 68%] [32mBuilding CXX object CMakeFiles/numpy_eigen.dir/src/autogen_module/import_5_4_long.cpp.o[0m
[ 68%] [32mBuilding CXX object CMakeFiles/numpy_eigen.dir/src/autogen_module/import_5_5_int.cpp.o[0m
[ 68%] [32mBuilding CXX object CMakeFiles/numpy_eigen_test.dir/src/autogen_test_module/test_6_1_float.cpp.o[0m
[ 68%] [32mBuilding CXX object CMakeFiles/numpy_eigen_test.dir/src/autogen_test_module/test_6_1_double.cpp.o[0m
[ 68%] [32mBuilding CXX object CMakeFiles/numpy_eigen_test.dir/src/autogen_test_module/test_6_1_uchar.cpp.o[0m
[ 68%] [32mBuilding CXX object CMakeFiles/numpy_eigen_test.dir/src/autogen_test_module/test_6_1_long.cpp.o[0m
[ 69%] [32mBuilding CXX object CMakeFiles/numpy_eigen.dir/src/autogen_module/import_5_5_float.cpp.o[0m
[ 69%] [32mBuilding CXX object CMakeFiles/numpy_eigen.dir/src/autogen_module/import_5_5_double.cpp.o[0m
[ 70%] [32mBuilding CXX object CMakeFiles/numpy_eigen_test.dir/src/autogen_test_module/test_6_2_int.cpp.o[0m
[ 70%] [32mBuilding CXX object CMakeFiles/numpy_eigen_test.dir/src/autogen_test_module/test_6_2_float.cpp.o[0m
[ 70%] [32mBuilding CXX object CMakeFiles/numpy_eigen_test.dir/src/autogen_test_module/test_6_2_double.cpp.o[0m
[ 70%] [32mBuilding CXX object CMakeFiles/numpy_eigen_test.dir/src/autogen_test_module/test_6_2_uchar.cpp.o[0m
[ 70%] [32mBuilding CXX object CMakeFiles/numpy_eigen_test.dir/src/autogen_test_module/test_6_2_long.cpp.o[0m
[ 71%] [32mBuilding CXX object CMakeFiles/numpy_eigen_test.dir/src/autogen_test_module/test_6_3_int.cpp.o[0m
[ 71%] [32mBuilding CXX object CMakeFiles/numpy_eigen_test.dir/src/autogen_test_module/test_6_3_float.cpp.o[0m
[ 71%] [32mBuilding CXX object CMakeFiles/numpy_eigen.dir/src/autogen_module/import_5_5_uchar.cpp.o[0m
[ 71%] [32mBuilding CXX object CMakeFiles/numpy_eigen.dir/src/autogen_module/import_5_5_long.cpp.o[0m
[ 71%] [32mBuilding CXX object CMakeFiles/numpy_eigen.dir/src/autogen_module/import_5_6_int.cpp.o[0m
[ 72%] [32mBuilding CXX object CMakeFiles/numpy_eigen.dir/src/autogen_module/import_5_6_float.cpp.o[0m
[ 72%] [32mBuilding CXX object CMakeFiles/numpy_eigen_test.dir/src/autogen_test_module/test_6_3_double.cpp.o[0m
[ 72%] [32mBuilding CXX object CMakeFiles/numpy_eigen_test.dir/src/autogen_test_module/test_6_3_uchar.cpp.o[0m
[ 72%] [32mBuilding CXX object CMakeFiles/numpy_eigen.dir/src/autogen_module/import_5_6_double.cpp.o[0m
[ 72%] [32mBuilding CXX object CMakeFiles/numpy_eigen.dir/src/autogen_module/import_5_6_uchar.cpp.o[0m
[ 72%] [32mBuilding CXX object CMakeFiles/numpy_eigen_test.dir/src/autogen_test_module/test_6_3_long.cpp.o[0m
[ 73%] [32mBuilding CXX object CMakeFiles/numpy_eigen_test.dir/src/autogen_test_module/test_6_4_int.cpp.o[0m
[ 73%] [32mBuilding CXX object CMakeFiles/numpy_eigen_test.dir/src/autogen_test_module/test_6_4_float.cpp.o[0m
[ 73%] [32mBuilding CXX object CMakeFiles/numpy_eigen_test.dir/src/autogen_test_module/test_6_4_double.cpp.o[0m
[ 73%] [32mBuilding CXX object CMakeFiles/numpy_eigen_test.dir/src/autogen_test_module/test_6_4_uchar.cpp.o[0m
[ 73%] [32mBuilding CXX object CMakeFiles/numpy_eigen_test.dir/src/autogen_test_module/test_6_4_long.cpp.o[0m
[ 74%] [32mBuilding CXX object CMakeFiles/numpy_eigen_test.dir/src/autogen_test_module/test_6_5_int.cpp.o[0m
[ 74%] [32mBuilding CXX object CMakeFiles/numpy_eigen_test.dir/src/autogen_test_module/test_6_5_float.cpp.o[0m
[ 74%] [32mBuilding CXX object CMakeFiles/numpy_eigen_test.dir/src/autogen_test_module/test_6_5_double.cpp.o[0m
[ 74%] [32mBuilding CXX object CMakeFiles/numpy_eigen_test.dir/src/autogen_test_module/test_6_5_uchar.cpp.o[0m
[ 74%] [32mBuilding CXX object CMakeFiles/numpy_eigen_test.dir/src/autogen_test_module/test_6_5_long.cpp.o[0m
[ 75%] [32mBuilding CXX object CMakeFiles/numpy_eigen_test.dir/src/autogen_test_module/test_6_6_int.cpp.o[0m
[ 75%] [32mBuilding CXX object CMakeFiles/numpy_eigen.dir/src/autogen_module/import_5_6_long.cpp.o[0m
[ 75%] [32mBuilding CXX object CMakeFiles/numpy_eigen_test.dir/src/autogen_test_module/test_6_6_float.cpp.o[0m
[ 75%] [32mBuilding CXX object CMakeFiles/numpy_eigen.dir/src/autogen_module/import_5_D_int.cpp.o[0m
[ 75%] [32mBuilding CXX object CMakeFiles/numpy_eigen_test.dir/src/autogen_test_module/test_6_6_double.cpp.o[0m
[ 76%] [32mBuilding CXX object CMakeFiles/numpy_eigen.dir/src/autogen_module/import_5_D_float.cpp.o[0m
[ 76%] [32mBuilding CXX object CMakeFiles/numpy_eigen_test.dir/src/autogen_test_module/test_6_6_uchar.cpp.o[0m
[ 76%] [32mBuilding CXX object CMakeFiles/numpy_eigen_test.dir/src/autogen_test_module/test_6_6_long.cpp.o[0m
[ 76%] [32mBuilding CXX object CMakeFiles/numpy_eigen.dir/src/autogen_module/import_5_D_double.cpp.o[0m
[ 76%] [32mBuilding CXX object CMakeFiles/numpy_eigen.dir/src/autogen_module/import_5_D_uchar.cpp.o[0m
[ 76%] [32mBuilding CXX object CMakeFiles/numpy_eigen.dir/src/autogen_module/import_5_D_long.cpp.o[0m
[ 76%] [32mBuilding CXX object CMakeFiles/numpy_eigen.dir/src/autogen_module/import_6_1_int.cpp.o[0m
[ 77%] [32mBuilding CXX object CMakeFiles/numpy_eigen.dir/src/autogen_module/import_6_1_float.cpp.o[0m
[ 77%] [32mBuilding CXX object CMakeFiles/numpy_eigen.dir/src/autogen_module/import_6_1_double.cpp.o[0m
[ 78%] [32mBuilding CXX object CMakeFiles/numpy_eigen_test.dir/src/autogen_test_module/test_6_D_int.cpp.o[0m
[ 78%] [32mBuilding CXX object CMakeFiles/numpy_eigen_test.dir/src/autogen_test_module/test_6_D_float.cpp.o[0m
[ 78%] [32mBuilding CXX object CMakeFiles/numpy_eigen.dir/src/autogen_module/import_6_1_uchar.cpp.o[0m
[ 78%] [32mBuilding CXX object CMakeFiles/numpy_eigen.dir/src/autogen_module/import_6_1_long.cpp.o[0m
[ 78%] [32mBuilding CXX object CMakeFiles/numpy_eigen.dir/src/autogen_module/import_6_2_int.cpp.o[0m
[ 79%] [32mBuilding CXX object CMakeFiles/numpy_eigen.dir/src/autogen_module/import_6_2_float.cpp.o[0m
[ 79%] [32mBuilding CXX object CMakeFiles/numpy_eigen_test.dir/src/autogen_test_module/test_6_D_double.cpp.o[0m
[ 79%] [32mBuilding CXX object CMakeFiles/numpy_eigen.dir/src/autogen_module/import_6_2_double.cpp.o[0m
[ 79%] [32mBuilding CXX object CMakeFiles/numpy_eigen_test.dir/src/autogen_test_module/test_6_D_uchar.cpp.o[0m
[ 79%] [32mBuilding CXX object CMakeFiles/numpy_eigen_test.dir/src/autogen_test_module/test_6_D_long.cpp.o[0m
[ 80%] [32mBuilding CXX object CMakeFiles/numpy_eigen_test.dir/src/autogen_test_module/test_D_1_int.cpp.o[0m
[ 80%] [32mBuilding CXX object CMakeFiles/numpy_eigen.dir/src/autogen_module/import_6_2_uchar.cpp.o[0m
[ 80%] [32mBuilding CXX object CMakeFiles/numpy_eigen_test.dir/src/autogen_test_module/test_D_1_float.cpp.o[0m
[ 80%] [32mBuilding CXX object CMakeFiles/numpy_eigen_test.dir/src/autogen_test_module/test_D_1_double.cpp.o[0m
[ 80%] [32mBuilding CXX object CMakeFiles/numpy_eigen_test.dir/src/autogen_test_module/test_D_1_uchar.cpp.o[0m
[ 80%] [32mBuilding CXX object CMakeFiles/numpy_eigen_test.dir/src/autogen_test_module/test_D_1_long.cpp.o[0m
[ 80%] [32mBuilding CXX object CMakeFiles/numpy_eigen.dir/src/autogen_module/import_6_2_long.cpp.o[0m
[ 81%] [32mBuilding CXX object CMakeFiles/numpy_eigen_test.dir/src/autogen_test_module/test_D_2_int.cpp.o[0m
[ 81%] [32mBuilding CXX object CMakeFiles/numpy_eigen.dir/src/autogen_module/import_6_3_int.cpp.o[0m
[ 82%] [32mBuilding CXX object CMakeFiles/numpy_eigen.dir/src/autogen_module/import_6_3_float.cpp.o[0m
[ 82%] [32mBuilding CXX object CMakeFiles/numpy_eigen.dir/src/autogen_module/import_6_3_double.cpp.o[0m
[ 82%] [32mBuilding CXX object CMakeFiles/numpy_eigen_test.dir/src/autogen_test_module/test_D_2_float.cpp.o[0m
[ 82%] [32mBuilding CXX object CMakeFiles/numpy_eigen_test.dir/src/autogen_test_module/test_D_2_double.cpp.o[0m
[ 82%] [32mBuilding CXX object CMakeFiles/numpy_eigen.dir/src/autogen_module/import_6_3_uchar.cpp.o[0m
[ 82%] [32mBuilding CXX object CMakeFiles/numpy_eigen.dir/src/autogen_module/import_6_3_long.cpp.o[0m
[ 82%] [32mBuilding CXX object CMakeFiles/numpy_eigen_test.dir/src/autogen_test_module/test_D_2_uchar.cpp.o[0m
[ 82%] [32mBuilding CXX object CMakeFiles/numpy_eigen_test.dir/src/autogen_test_module/test_D_2_long.cpp.o[0m
[ 82%] [32mBuilding CXX object CMakeFiles/numpy_eigen.dir/src/autogen_module/import_6_4_int.cpp.o[0m
[ 83%] [32mBuilding CXX object CMakeFiles/numpy_eigen.dir/src/autogen_module/import_6_4_float.cpp.o[0m
[ 83%] [32mBuilding CXX object CMakeFiles/numpy_eigen.dir/src/autogen_module/import_6_4_double.cpp.o[0m
[ 84%] [32mBuilding CXX object CMakeFiles/numpy_eigen_test.dir/src/autogen_test_module/test_D_3_int.cpp.o[0m
[ 84%] [32mBuilding CXX object CMakeFiles/numpy_eigen.dir/src/autogen_module/import_6_4_uchar.cpp.o[0m
[ 84%] [32mBuilding CXX object CMakeFiles/numpy_eigen_test.dir/src/autogen_test_module/test_D_3_float.cpp.o[0m
[ 84%] [32mBuilding CXX object CMakeFiles/numpy_eigen.dir/src/autogen_module/import_6_4_long.cpp.o[0m
[ 84%] [32mBuilding CXX object CMakeFiles/numpy_eigen_test.dir/src/autogen_test_module/test_D_3_double.cpp.o[0m
[ 84%] [32mBuilding CXX object CMakeFiles/numpy_eigen_test.dir/src/autogen_test_module/test_D_3_uchar.cpp.o[0m
[ 84%] [32mBuilding CXX object CMakeFiles/numpy_eigen.dir/src/autogen_module/import_6_5_int.cpp.o[0m
[ 85%] [32mBuilding CXX object CMakeFiles/numpy_eigen.dir/src/autogen_module/import_6_5_float.cpp.o[0m
[ 85%] [32mBuilding CXX object CMakeFiles/numpy_eigen.dir/src/autogen_module/import_6_5_double.cpp.o[0m
[ 85%] [32mBuilding CXX object CMakeFiles/numpy_eigen_test.dir/src/autogen_test_module/test_D_3_long.cpp.o[0m
[ 85%] [32mBuilding CXX object CMakeFiles/numpy_eigen.dir/src/autogen_module/import_6_5_uchar.cpp.o[0m
[ 85%] [32mBuilding CXX object CMakeFiles/numpy_eigen.dir/src/autogen_module/import_6_5_long.cpp.o[0m
[ 85%] [32mBuilding CXX object CMakeFiles/numpy_eigen.dir/src/autogen_module/import_6_6_int.cpp.o[0m
[ 86%] [32mBuilding CXX object CMakeFiles/numpy_eigen.dir/src/autogen_module/import_6_6_float.cpp.o[0m
[ 86%] [32mBuilding CXX object CMakeFiles/numpy_eigen.dir/src/autogen_module/import_6_6_double.cpp.o[0m
[ 87%] [32mBuilding CXX object CMakeFiles/numpy_eigen_test.dir/src/autogen_test_module/test_D_4_int.cpp.o[0m
[ 87%] [32mBuilding CXX object CMakeFiles/numpy_eigen_test.dir/src/autogen_test_module/test_D_4_float.cpp.o[0m
[ 87%] [32mBuilding CXX object CMakeFiles/numpy_eigen_test.dir/src/autogen_test_module/test_D_4_double.cpp.o[0m
[ 87%] [32mBuilding CXX object CMakeFiles/numpy_eigen_test.dir/src/autogen_test_module/test_D_4_uchar.cpp.o[0m
[ 87%] [32mBuilding CXX object CMakeFiles/numpy_eigen_test.dir/src/autogen_test_module/test_D_4_long.cpp.o[0m
[ 88%] [32mBuilding CXX object CMakeFiles/numpy_eigen_test.dir/src/autogen_test_module/test_D_5_int.cpp.o[0m
[ 88%] [32mBuilding CXX object CMakeFiles/numpy_eigen_test.dir/src/autogen_test_module/test_D_5_float.cpp.o[0m
[ 88%] [32mBuilding CXX object CMakeFiles/numpy_eigen_test.dir/src/autogen_test_module/test_D_5_double.cpp.o[0m
[ 88%] [32mBuilding CXX object CMakeFiles/numpy_eigen_test.dir/src/autogen_test_module/test_D_5_uchar.cpp.o[0m
[ 88%] [32mBuilding CXX object CMakeFiles/numpy_eigen_test.dir/src/autogen_test_module/test_D_5_long.cpp.o[0m
[ 89%] [32mBuilding CXX object CMakeFiles/numpy_eigen_test.dir/src/autogen_test_module/test_D_6_int.cpp.o[0m
[ 89%] [32mBuilding CXX object CMakeFiles/numpy_eigen_test.dir/src/autogen_test_module/test_D_6_float.cpp.o[0m
[ 89%] [32mBuilding CXX object CMakeFiles/numpy_eigen.dir/src/autogen_module/import_6_6_uchar.cpp.o[0m
[ 89%] [32mBuilding CXX object CMakeFiles/numpy_eigen.dir/src/autogen_module/import_6_6_long.cpp.o[0m
[ 89%] [32mBuilding CXX object CMakeFiles/numpy_eigen.dir/src/autogen_module/import_6_D_int.cpp.o[0m
[ 90%] [32mBuilding CXX object CMakeFiles/numpy_eigen.dir/src/autogen_module/import_6_D_float.cpp.o[0m
[ 90%] [32mBuilding CXX object CMakeFiles/numpy_eigen_test.dir/src/autogen_test_module/test_D_6_double.cpp.o[0m
[ 90%] [32mBuilding CXX object CMakeFiles/numpy_eigen_test.dir/src/autogen_test_module/test_D_6_uchar.cpp.o[0m
[ 90%] [32mBuilding CXX object CMakeFiles/numpy_eigen_test.dir/src/autogen_test_module/test_D_6_long.cpp.o[0m
[ 90%] [32mBuilding CXX object CMakeFiles/numpy_eigen.dir/src/autogen_module/import_6_D_double.cpp.o[0m
[ 90%] [32mBuilding CXX object CMakeFiles/numpy_eigen.dir/src/autogen_module/import_6_D_uchar.cpp.o[0m
[ 90%] [32mBuilding CXX object CMakeFiles/numpy_eigen.dir/src/autogen_module/import_6_D_long.cpp.o[0m
[ 90%] [32mBuilding CXX object CMakeFiles/numpy_eigen.dir/src/autogen_module/import_D_1_int.cpp.o[0m
[ 91%] [32mBuilding CXX object CMakeFiles/numpy_eigen.dir/src/autogen_module/import_D_1_float.cpp.o[0m
[ 91%] [32mBuilding CXX object CMakeFiles/numpy_eigen.dir/src/autogen_module/import_D_1_double.cpp.o[0m
[ 92%] [32mBuilding CXX object CMakeFiles/numpy_eigen_test.dir/src/autogen_test_module/test_D_D_int.cpp.o[0m
[ 92%] [32mBuilding CXX object CMakeFiles/numpy_eigen.dir/src/autogen_module/import_D_1_uchar.cpp.o[0m
[ 92%] [32mBuilding CXX object CMakeFiles/numpy_eigen.dir/src/autogen_module/import_D_1_long.cpp.o[0m
[ 92%] [32mBuilding CXX object CMakeFiles/numpy_eigen_test.dir/src/autogen_test_module/test_D_D_float.cpp.o[0m
[ 92%] [32mBuilding CXX object CMakeFiles/numpy_eigen_test.dir/src/autogen_test_module/test_D_D_double.cpp.o[0m
[ 92%] [32mBuilding CXX object CMakeFiles/numpy_eigen.dir/src/autogen_module/import_D_2_int.cpp.o[0m
[ 93%] [32mBuilding CXX object CMakeFiles/numpy_eigen.dir/src/autogen_module/import_D_2_float.cpp.o[0m
[ 93%] [32mBuilding CXX object CMakeFiles/numpy_eigen.dir/src/autogen_module/import_D_2_double.cpp.o[0m
[ 93%] [32mBuilding CXX object CMakeFiles/numpy_eigen_test.dir/src/autogen_test_module/test_D_D_uchar.cpp.o[0m
[ 93%] [32mBuilding CXX object CMakeFiles/numpy_eigen_test.dir/src/autogen_test_module/test_D_D_long.cpp.o[0m
[ 93%] [32mBuilding CXX object CMakeFiles/numpy_eigen.dir/src/autogen_module/import_D_2_uchar.cpp.o[0m
[ 93%] [32mBuilding CXX object CMakeFiles/numpy_eigen.dir/src/autogen_module/import_D_2_long.cpp.o[0m
[ 93%] [32mBuilding CXX object CMakeFiles/numpy_eigen.dir/src/autogen_module/import_D_3_int.cpp.o[0m
[ 94%] [32mBuilding CXX object CMakeFiles/numpy_eigen.dir/src/autogen_module/import_D_3_float.cpp.o[0m
[ 94%] [32mBuilding CXX object CMakeFiles/numpy_eigen.dir/src/autogen_module/import_D_3_double.cpp.o[0m
[ 94%] [32mBuilding CXX object CMakeFiles/numpy_eigen.dir/src/autogen_module/import_D_3_uchar.cpp.o[0m
[ 94%] [32mBuilding CXX object CMakeFiles/numpy_eigen.dir/src/autogen_module/import_D_3_long.cpp.o[0m
[ 94%] [32mBuilding CXX object CMakeFiles/numpy_eigen.dir/src/autogen_module/import_D_4_int.cpp.o[0m
[ 95%] [32mBuilding CXX object CMakeFiles/numpy_eigen.dir/src/autogen_module/import_D_4_float.cpp.o[0m
[ 95%] [32mBuilding CXX object CMakeFiles/numpy_eigen.dir/src/autogen_module/import_D_4_double.cpp.o[0m
[ 95%] [32mBuilding CXX object CMakeFiles/numpy_eigen.dir/src/autogen_module/import_D_4_uchar.cpp.o[0m
[ 95%] [32mBuilding CXX object CMakeFiles/numpy_eigen.dir/src/autogen_module/import_D_4_long.cpp.o[0m
[ 96%] [32m[1mLinking CXX shared library /calibration_ws/devel/.private/numpy_eigen/lib/libnumpy_eigen_test.so[0m
[ 96%] [32mBuilding CXX object CMakeFiles/numpy_eigen.dir/src/autogen_module/import_D_5_int.cpp.o[0m
[ 97%] [32mBuilding CXX object CMakeFiles/numpy_eigen.dir/src/autogen_module/import_D_5_float.cpp.o[0m
[ 97%] [32mBuilding CXX object CMakeFiles/numpy_eigen.dir/src/autogen_module/import_D_5_double.cpp.o[0m
[34m[1mCopying library files to python directory[0m
'/calibration_ws/devel/.private/numpy_eigen/lib/libnumpy_eigen_test.so' -> '/calibration_ws/devel/.private/numpy_eigen/lib/python3/dist-packages/numpy_eigen/libnumpy_eigen_test.so'
[ 97%] Built target numpy_eigen_test
[ 97%] [32mBuilding CXX object CMakeFiles/numpy_eigen.dir/src/autogen_module/import_D_5_uchar.cpp.o[0m
[ 97%] [32mBuilding CXX object CMakeFiles/numpy_eigen.dir/src/autogen_module/import_D_5_long.cpp.o[0m
[ 97%] [32mBuilding CXX object CMakeFiles/numpy_eigen.dir/src/autogen_module/import_D_6_int.cpp.o[0m
[ 98%] [32mBuilding CXX object CMakeFiles/numpy_eigen.dir/src/autogen_module/import_D_6_float.cpp.o[0m
[ 98%] [32mBuilding CXX object CMakeFiles/numpy_eigen.dir/src/autogen_module/import_D_6_double.cpp.o[0m
[ 98%] [32mBuilding CXX object CMakeFiles/numpy_eigen.dir/src/autogen_module/import_D_6_uchar.cpp.o[0m
[ 98%] [32mBuilding CXX object CMakeFiles/numpy_eigen.dir/src/autogen_module/import_D_6_long.cpp.o[0m
[ 98%] [32mBuilding CXX object CMakeFiles/numpy_eigen.dir/src/autogen_module/import_D_D_int.cpp.o[0m
[100%] [32mBuilding CXX object CMakeFiles/numpy_eigen.dir/src/autogen_module/import_D_D_float.cpp.o[0m
[100%] [32mBuilding CXX object CMakeFiles/numpy_eigen.dir/src/autogen_module/import_D_D_double.cpp.o[0m
[100%] [32mBuilding CXX object CMakeFiles/numpy_eigen.dir/src/autogen_module/import_D_D_uchar.cpp.o[0m
[100%] [32mBuilding CXX object CMakeFiles/numpy_eigen.dir/src/autogen_module/import_D_D_long.cpp.o[0m
[100%] [32m[1mLinking CXX shared library /calibration_ws/devel/.private/numpy_eigen/lib/libnumpy_eigen.so[0m
[34m[1mCopying library files to python directory[0m
'/calibration_ws/devel/.private/numpy_eigen/lib/libnumpy_eigen.so' -> '/calibration_ws/devel/.private/numpy_eigen/lib/python3/dist-packages/numpy_eigen/libnumpy_eigen.so'
[100%] Built target numpy_eigen
