Symlinking /calibration_ws/devel/lib/libkalibr_errorterms.so
Symlinking /calibration_ws/devel/lib/libkalibr_errorterms_python.so
Symlinking /calibration_ws/devel/lib/python3/dist-packages/libkalibr_errorterms_python.so
Symlinking /calibration_ws/devel/lib/python3/dist-packages/kalibr_imu_camera_calibration/__init__.py
Symlinking /calibration_ws/devel/lib/python3/dist-packages/kalibr_errorterms/__init__.py
Symlinking /calibration_ws/devel/lib/python3/dist-packages/kalibr_camera_calibration/__init__.py
Symlinking /calibration_ws/devel/lib/python3/dist-packages/kalibr_common/__init__.py
Symlinking /calibration_ws/devel/lib/kalibr/kalibr_camera_focus
Symlinking /calibration_ws/devel/lib/kalibr/kalibr_calibrate_imu_camera
Symlinking /calibration_ws/devel/lib/kalibr/kalibr_visualize_calibration
Symlinking /calibration_ws/devel/lib/kalibr/kalibr_calibrate_rs_cameras
Symlinking /calibration_ws/devel/lib/kalibr/kalibr_camera_validator
Symlinking /calibration_ws/devel/lib/kalibr/kalibr_bagcreater
Symlinking /calibration_ws/devel/lib/kalibr/kalibr_create_target_pdf
Symlinking /calibration_ws/devel/lib/kalibr/kalibr_bagextractor
Symlinking /calibration_ws/devel/lib/kalibr/kalibr_calibrate_cameras
Symlinking /calibration_ws/devel/lib/kalibr/kalibr_visualize_distortion
Symlinking /calibration_ws/devel/lib/pkgconfig/kalibr.pc
Symlinking /calibration_ws/devel/share/kalibr/cmake/kalibrConfig.cmake
Symlinking /calibration_ws/devel/share/kalibr/cmake/kalibrConfig-version.cmake
