[35m[1mScanning dependencies of target kalibr_errorterms[0m
[ 50%] [32mBuilding CXX object CMakeFiles/kalibr_errorterms.dir/src/EuclideanError.cpp.o[0m
[ 50%] [32mBuilding CXX object CMakeFiles/kalibr_errorterms.dir/src/GyroscopeError.cpp.o[0m
[ 50%] [32mBuilding CXX object CMakeFiles/kalibr_errorterms.dir/src/AccelerometerError.cpp.o[0m
In file included from [01m[K/calibration_ws/src/kalibr/aslam_optimizer/aslam_backend/include/aslam/backend/DesignVariable.hpp:4[m[K,
                 from [01m[K/calibration_ws/src/kalibr/aslam_optimizer/aslam_backend/include/aslam/backend/backend.hpp:5[m[K,
                 from [01m[K/calibration_ws/src/kalibr/aslam_optimizer/aslam_backend/include/aslam/backend/ErrorTerm.hpp:6[m[K,
                 from [01m[K/calibration_ws/src/kalibr/aslam_offline_calibration/kalibr/include/kalibr_errorterms/GyroscopeError.hpp:4[m[K,
                 from [01m[K/calibration_ws/src/kalibr/aslam_offline_calibration/kalibr/src/GyroscopeError.cpp:1[m[K:
[01m[K/calibration_ws/src/kalibr/Schweizer-Messer/sm_common/include/sm/Id.hpp:[m[K In member function ‘[01m[Ksm::Id sm::Id::operator++(int)[m[K’:
[01m[K/calibration_ws/src/kalibr/Schweizer-Messer/sm_common/include/sm/Id.hpp:122:14:[m[K [01;35m[Kwarning: [m[Kimplicitly-declared ‘[01m[Kconstexpr sm::Id::Id(const sm::Id&)[m[K’ is deprecated [[01;35m[K-Wdeprecated-copy[m[K]
  122 |       return [01;35m[Krval[m[K;
      |              [01;35m[K^~~~[m[K
[01m[K/calibration_ws/src/kalibr/Schweizer-Messer/sm_common/include/sm/Id.hpp:132:9:[m[K [01;36m[Knote: [m[Kbecause ‘[01m[Ksm::Id[m[K’ has user-provided ‘[01m[Ksm::Id& sm::Id::operator=(const sm::Id&)[m[K’
  132 |     Id& [01;36m[Koperator[m[K= (const Id& other)
      |         [01;36m[K^~~~~~~~[m[K
In file included from [01m[K/calibration_ws/src/kalibr/aslam_optimizer/aslam_backend/include/aslam/backend/DesignVariable.hpp:4[m[K,
                 from [01m[K/calibration_ws/src/kalibr/aslam_optimizer/aslam_backend/include/aslam/backend/backend.hpp:5[m[K,
                 from [01m[K/calibration_ws/src/kalibr/aslam_optimizer/aslam_backend/include/aslam/backend/ErrorTerm.hpp:6[m[K,
                 from [01m[K/calibration_ws/src/kalibr/aslam_offline_calibration/kalibr/include/kalibr_errorterms/EuclideanError.hpp:4[m[K,
                 from [01m[K/calibration_ws/src/kalibr/aslam_offline_calibration/kalibr/src/EuclideanError.cpp:1[m[K:
[01m[K/calibration_ws/src/kalibr/Schweizer-Messer/sm_common/include/sm/Id.hpp:[m[K In member function ‘[01m[Ksm::Id sm::Id::operator++(int)[m[K’:
[01m[K/calibration_ws/src/kalibr/Schweizer-Messer/sm_common/include/sm/Id.hpp:122:14:[m[K [01;35m[Kwarning: [m[Kimplicitly-declared ‘[01m[Kconstexpr sm::Id::Id(const sm::Id&)[m[K’ is deprecated [[01;35m[K-Wdeprecated-copy[m[K]
  122 |       return [01;35m[Krval[m[K;
      |              [01;35m[K^~~~[m[K
[01m[K/calibration_ws/src/kalibr/Schweizer-Messer/sm_common/include/sm/Id.hpp:132:9:[m[K [01;36m[Knote: [m[Kbecause ‘[01m[Ksm::Id[m[K’ has user-provided ‘[01m[Ksm::Id& sm::Id::operator=(const sm::Id&)[m[K’
  132 |     Id& [01;36m[Koperator[m[K= (const Id& other)
      |         [01;36m[K^~~~~~~~[m[K
In file included from [01m[K/calibration_ws/src/kalibr/aslam_optimizer/aslam_backend/include/aslam/backend/DesignVariable.hpp:4[m[K,
                 from [01m[K/calibration_ws/src/kalibr/aslam_optimizer/aslam_backend/include/aslam/backend/backend.hpp:5[m[K,
                 from [01m[K/calibration_ws/src/kalibr/aslam_optimizer/aslam_backend/include/aslam/backend/ErrorTerm.hpp:6[m[K,
                 from [01m[K/calibration_ws/src/kalibr/aslam_offline_calibration/kalibr/include/kalibr_errorterms/AccelerometerError.hpp:4[m[K,
                 from [01m[K/calibration_ws/src/kalibr/aslam_offline_calibration/kalibr/src/AccelerometerError.cpp:1[m[K:
[01m[K/calibration_ws/src/kalibr/Schweizer-Messer/sm_common/include/sm/Id.hpp:[m[K In member function ‘[01m[Ksm::Id sm::Id::operator++(int)[m[K’:
[01m[K/calibration_ws/src/kalibr/Schweizer-Messer/sm_common/include/sm/Id.hpp:122:14:[m[K [01;35m[Kwarning: [m[Kimplicitly-declared ‘[01m[Kconstexpr sm::Id::Id(const sm::Id&)[m[K’ is deprecated [[01;35m[K-Wdeprecated-copy[m[K]
  122 |       return [01;35m[Krval[m[K;
      |              [01;35m[K^~~~[m[K
[01m[K/calibration_ws/src/kalibr/Schweizer-Messer/sm_common/include/sm/Id.hpp:132:9:[m[K [01;36m[Knote: [m[Kbecause ‘[01m[Ksm::Id[m[K’ has user-provided ‘[01m[Ksm::Id& sm::Id::operator=(const sm::Id&)[m[K’
  132 |     Id& [01;36m[Koperator[m[K= (const Id& other)
      |         [01;36m[K^~~~~~~~[m[K
[ 66%] [32m[1mLinking CXX shared library /calibration_ws/devel/.private/kalibr/lib/libkalibr_errorterms.so[0m
[ 66%] Built target kalibr_errorterms
[35m[1mScanning dependencies of target kalibr_errorterms_python[0m
[ 83%] [32mBuilding CXX object CMakeFiles/kalibr_errorterms_python.dir/src/module.cpp.o[0m
In file included from [01m[K/calibration_ws/src/kalibr/aslam_optimizer/aslam_backend/include/aslam/backend/DesignVariable.hpp:4[m[K,
                 from [01m[K/calibration_ws/src/kalibr/aslam_optimizer/aslam_backend/include/aslam/backend/backend.hpp:5[m[K,
                 from [01m[K/calibration_ws/src/kalibr/aslam_optimizer/aslam_backend/include/aslam/backend/ErrorTerm.hpp:6[m[K,
                 from [01m[K/calibration_ws/src/kalibr/aslam_offline_calibration/kalibr/src/module.cpp:4[m[K:
[01m[K/calibration_ws/src/kalibr/Schweizer-Messer/sm_common/include/sm/Id.hpp:[m[K In member function ‘[01m[Ksm::Id sm::Id::operator++(int)[m[K’:
[01m[K/calibration_ws/src/kalibr/Schweizer-Messer/sm_common/include/sm/Id.hpp:122:14:[m[K [01;35m[Kwarning: [m[Kimplicitly-declared ‘[01m[Kconstexpr sm::Id::Id(const sm::Id&)[m[K’ is deprecated [[01;35m[K-Wdeprecated-copy[m[K]
  122 |       return [01;35m[Krval[m[K;
      |              [01;35m[K^~~~[m[K
[01m[K/calibration_ws/src/kalibr/Schweizer-Messer/sm_common/include/sm/Id.hpp:132:9:[m[K [01;36m[Knote: [m[Kbecause ‘[01m[Ksm::Id[m[K’ has user-provided ‘[01m[Ksm::Id& sm::Id::operator=(const sm::Id&)[m[K’
  132 |     Id& [01;36m[Koperator[m[K= (const Id& other)
      |         [01;36m[K^~~~~~~~[m[K
[100%] [32m[1mLinking CXX shared library /calibration_ws/devel/.private/kalibr/lib/libkalibr_errorterms_python.so[0m
[34m[1mCopying library files to python directory[0m
'/calibration_ws/devel/.private/kalibr/lib/libkalibr_errorterms_python.so' -> '/calibration_ws/devel/.private/kalibr/lib/python3/dist-packages/libkalibr_errorterms_python.so'
[100%] Built target kalibr_errorterms_python
