[35m[1mScanning dependencies of target aslam_cv_python[0m
[  7%] [32mBuilding CXX object CMakeFiles/aslam_cv_python.dir/src/module.cpp.o[0m
[ 15%] [32mBuilding CXX object CMakeFiles/aslam_cv_python.dir/src/Frontend.cpp.o[0m
[ 38%] [32mBuilding CXX object CMakeFiles/aslam_cv_python.dir/src/CameraGeometry.cpp.o[0m
[ 38%] [32mBuilding CXX object CMakeFiles/aslam_cv_python.dir/src/Time.cpp.o[0m
[ 38%] [32mBuilding CXX object CMakeFiles/aslam_cv_python.dir/src/CameraGeometries.cpp.o[0m
[ 46%] [32mBuilding CXX object CMakeFiles/aslam_cv_python.dir/src/CameraProjections.cpp.o[0m
[ 53%] [32mBuilding CXX object CMakeFiles/aslam_cv_python.dir/src/Frame.cpp.o[0m
[ 61%] [32mBuilding CXX object CMakeFiles/aslam_cv_python.dir/src/CameraShutters.cpp.o[0m
[ 69%] [32mBuilding CXX object CMakeFiles/aslam_cv_python.dir/src/GridCalibration.cpp.o[0m
[ 76%] [32mBuilding CXX object CMakeFiles/aslam_cv_python.dir/src/PinholeUndistorter.cpp.o[0m
[ 84%] [32mBuilding CXX object CMakeFiles/aslam_cv_python.dir/src/OmniUndistorter.cpp.o[0m
[ 92%] [32mBuilding CXX object CMakeFiles/aslam_cv_python.dir/src/Undistorters.cpp.o[0m
In file included from [01m[K/calibration_ws/src/kalibr/aslam_cv/aslam_cameras/include/aslam/targets.hpp:5[m[K,
                 from [01m[K/calibration_ws/src/kalibr/aslam_cv/aslam_cv_python/src/GridCalibration.cpp:9[m[K:
[01m[K/calibration_ws/src/kalibr/aslam_cv/aslam_cameras/include/aslam/cameras/GridCalibrationTargetCheckerboard.hpp:[m[K In constructor ‘[01m[Kaslam::cameras::GridCalibrationTargetCheckerboard::CheckerboardOptions::CheckerboardOptions()[m[K’:
[01m[K/calibration_ws/src/kalibr/aslam_cv/aslam_cameras/include/aslam/cameras/GridCalibrationTargetCheckerboard.hpp:43:10:[m[K [01;35m[Kwarning: [m[K‘[01m[Kaslam::cameras::GridCalibrationTargetCheckerboard::CheckerboardOptions::showExtractionVideo[m[K’ will be initialized after [[01;35m[K-Wreorder[m[K]
   43 |     bool [01;35m[KshowExtractionVideo[m[K;
      |          [01;35m[K^~~~~~~~~~~~~~~~~~~[m[K
[01m[K/calibration_ws/src/kalibr/aslam_cv/aslam_cameras/include/aslam/cameras/GridCalibrationTargetCheckerboard.hpp:40:18:[m[K [01;35m[Kwarning: [m[K  ‘[01m[Kunsigned int aslam::cameras::GridCalibrationTargetCheckerboard::CheckerboardOptions::windowWidth[m[K’ [[01;35m[K-Wreorder[m[K]
   40 |     unsigned int [01;35m[KwindowWidth[m[K;
      |                  [01;35m[K^~~~~~~~~~~[m[K
[01m[K/calibration_ws/src/kalibr/aslam_cv/aslam_cameras/include/aslam/cameras/GridCalibrationTargetCheckerboard.hpp:25:5:[m[K [01;35m[Kwarning: [m[K  when initialized here [[01;35m[K-Wreorder[m[K]
   25 |     [01;35m[KCheckerboardOptions[m[K() :
      |     [01;35m[K^~~~~~~~~~~~~~~~~~~[m[K
In file included from [01m[K/calibration_ws/src/kalibr/aslam_cv/aslam_imgproc/include/aslam/OmniUndistorter.hpp:115[m[K,
                 from [01m[K/calibration_ws/src/kalibr/aslam_cv/aslam_cv_python/src/OmniUndistorter.cpp:2[m[K:
[01m[K/calibration_ws/src/kalibr/aslam_cv/aslam_imgproc/include/aslam/implementation/OmniUndistorter.hpp:[m[K In function ‘[01m[Kvoid aslam::initUndistOmniToPinholeMap(boost::shared_ptr<T>, const Matrix3d&, cv::Size, cv::OutputArray, cv::OutputArray) [with CAMERA_T = aslam::cameras::CameraGeometry<aslam::cameras::OmniProjection<aslam::cameras::NoDistortion>, aslam::cameras::GlobalShutter, aslam::cameras::NoMask>][m[K’:
[01m[K/calibration_ws/src/kalibr/aslam_cv/aslam_imgproc/include/aslam/implementation/OmniUndistorter.hpp:117:34:[m[K [01;35m[Kwarning: [m[K‘[01m[K*((void*)& keypoint +8)[m[K’ may be used uninitialized in this function [[01;35m[K-Wmaybe-uninitialized[m[K]
  117 |       int iv = [01;35m[Ksaturate_cast<int>(keypoint[1] * INTER_TAB_SIZE)[m[K;
      |                [01;35m[K~~~~~~~~~~~~~~~~~~^~~~~~~~~~~~~~~~~~~~~~~~~~~~~~[m[K
[01m[K/calibration_ws/src/kalibr/aslam_cv/aslam_imgproc/include/aslam/implementation/OmniUndistorter.hpp:116:34:[m[K [01;35m[Kwarning: [m[K‘[01m[Kkeypoint[m[K’ may be used uninitialized in this function [[01;35m[K-Wmaybe-uninitialized[m[K]
  116 |       int iu = [01;35m[Ksaturate_cast<int>(keypoint[0] * INTER_TAB_SIZE)[m[K;
      |                [01;35m[K~~~~~~~~~~~~~~~~~~^~~~~~~~~~~~~~~~~~~~~~~~~~~~~~[m[K
[01m[K/calibration_ws/src/kalibr/aslam_cv/aslam_imgproc/include/aslam/implementation/OmniUndistorter.hpp:[m[K In function ‘[01m[Kvoid aslam::initUndistOmniToPinholeMap(boost::shared_ptr<T>, const Matrix3d&, cv::Size, cv::OutputArray, cv::OutputArray) [with CAMERA_T = aslam::cameras::CameraGeometry<aslam::cameras::OmniProjection<aslam::cameras::NoDistortion>, aslam::cameras::GlobalShutter, aslam::cameras::ImageMask>][m[K’:
[01m[K/calibration_ws/src/kalibr/aslam_cv/aslam_imgproc/include/aslam/implementation/OmniUndistorter.hpp:117:34:[m[K [01;35m[Kwarning: [m[K‘[01m[K*((void*)& keypoint +8)[m[K’ may be used uninitialized in this function [[01;35m[K-Wmaybe-uninitialized[m[K]
  117 |       int iv = [01;35m[Ksaturate_cast<int>(keypoint[1] * INTER_TAB_SIZE)[m[K;
      |                [01;35m[K~~~~~~~~~~~~~~~~~~^~~~~~~~~~~~~~~~~~~~~~~~~~~~~~[m[K
[01m[K/calibration_ws/src/kalibr/aslam_cv/aslam_imgproc/include/aslam/implementation/OmniUndistorter.hpp:116:34:[m[K [01;35m[Kwarning: [m[K‘[01m[Kkeypoint[m[K’ may be used uninitialized in this function [[01;35m[K-Wmaybe-uninitialized[m[K]
  116 |       int iu = [01;35m[Ksaturate_cast<int>(keypoint[0] * INTER_TAB_SIZE)[m[K;
      |                [01;35m[K~~~~~~~~~~~~~~~~~~^~~~~~~~~~~~~~~~~~~~~~~~~~~~~~[m[K
In file included from [01m[K/usr/include/eigen3/Eigen/Core:440[m[K,
                 from [01m[K/calibration_ws/src/kalibr/Schweizer-Messer/numpy_eigen/include/numpy_eigen/boost_python_headers.hpp:23[m[K,
                 from [01m[K/calibration_ws/src/kalibr/aslam_cv/aslam_cv_python/src/CameraGeometries.cpp:1[m[K:
[01m[K/usr/include/eigen3/Eigen/src/Core/CoreEvaluators.h:[m[K In function ‘[01m[Kvoid aslam::doBackProjectionWithUncertainty(FRAME_T&) [with FRAME_T = aslam::Frame<aslam::cameras::CameraGeometry<aslam::cameras::DepthProjection<aslam::cameras::NoDistortion>, aslam::cameras::GlobalShutter, aslam::cameras::NoMask> >][m[K’:
[01m[K/usr/include/eigen3/Eigen/src/Core/CoreEvaluators.h:834:56:[m[K [01;35m[Kwarning: [m[K‘[01m[K*((void*)& Jb +64)[m[K’ may be used uninitialized in this function [[01;35m[K-Wmaybe-uninitialized[m[K]
  834 |     return m_data[col * colStride() + row * rowStride()[01;35m[K][m[K;
      |                                                        [01;35m[K^[m[K
[01m[K/usr/include/eigen3/Eigen/src/Core/CoreEvaluators.h:834:56:[m[K [01;35m[Kwarning: [m[K‘[01m[K*((void*)& Jb +40)[m[K’ may be used uninitialized in this function [[01;35m[K-Wmaybe-uninitialized[m[K]
  834 |     return m_data[col * colStride() + row * rowStride()[01;35m[K][m[K;
      |                                                        [01;35m[K^[m[K
[01m[K/usr/include/eigen3/Eigen/src/Core/CoreEvaluators.h:834:56:[m[K [01;35m[Kwarning: [m[K‘[01m[K*((void*)& Jb +16)[m[K’ may be used uninitialized in this function [[01;35m[K-Wmaybe-uninitialized[m[K]
  834 |     return m_data[col * colStride() + row * rowStride()[01;35m[K][m[K;
      |                                                        [01;35m[K^[m[K
In file included from [01m[K/usr/include/eigen3/Eigen/Core:493[m[K,
                 from [01m[K/calibration_ws/src/kalibr/Schweizer-Messer/numpy_eigen/include/numpy_eigen/boost_python_headers.hpp:23[m[K,
                 from [01m[K/calibration_ws/src/kalibr/aslam_cv/aslam_cv_python/src/CameraGeometries.cpp:1[m[K:
[01m[K/usr/include/eigen3/Eigen/src/Core/ProductEvaluators.h:649:82:[m[K [01;35m[Kwarning: [m[K‘[01m[KJb[m[K’ may be used uninitialized in this function [[01;35m[K-Wmaybe-uninitialized[m[K]
  649 |     res = pmul(lhs.template packet<LoadMode,Packet>(row, Index(0)), [01;35m[Kpset1<Packet>(rhs.coeff(Index(0), col))[m[K);
      |                                                                     [01;35m[K~~~~~~~~~~~~~^~~~~~~~~~~~~~~~~~~~~~~~~~[m[K
[01m[K/usr/include/eigen3/Eigen/src/Core/ProductEvaluators.h:631:99:[m[K [01;35m[Kwarning: [m[K‘[01m[K*((void*)& Jb +24)[m[K’ may be used uninitialized in this function [[01;35m[K-Wmaybe-uninitialized[m[K]
  631 |     res =  pmadd(lhs.template packet<LoadMode,Packet>(row, Index(UnrollingIndex-1)), [01;35m[Kpset1<Packet>(rhs.coeff(Index(UnrollingIndex-1), col))[m[K, res);
      |                                                                                      [01;35m[K~~~~~~~~~~~~~^~~~~~~~~~~~~~~~~~~~~~~~~~~~~~~~~~~~~~~~~[m[K
[01m[K/usr/include/eigen3/Eigen/src/Core/ProductEvaluators.h:631:99:[m[K [01;35m[Kwarning: [m[K‘[01m[K*((void*)& Jb +48)[m[K’ may be used uninitialized in this function [[01;35m[K-Wmaybe-uninitialized[m[K]
  631 |     res =  pmadd(lhs.template packet<LoadMode,Packet>(row, Index(UnrollingIndex-1)), [01;35m[Kpset1<Packet>(rhs.coeff(Index(UnrollingIndex-1), col))[m[K, res);
      |                                                                                      [01;35m[K~~~~~~~~~~~~~^~~~~~~~~~~~~~~~~~~~~~~~~~~~~~~~~~~~~~~~~[m[K
[01m[K/usr/include/eigen3/Eigen/src/Core/ProductEvaluators.h:649:82:[m[K [01;35m[Kwarning: [m[K‘[01m[K*((void*)& Jb +8)[m[K’ may be used uninitialized in this function [[01;35m[K-Wmaybe-uninitialized[m[K]
  649 |     res = pmul(lhs.template packet<LoadMode,Packet>(row, Index(0)), [01;35m[Kpset1<Packet>(rhs.coeff(Index(0), col))[m[K);
      |                                                                     [01;35m[K~~~~~~~~~~~~~^~~~~~~~~~~~~~~~~~~~~~~~~~[m[K
[01m[K/usr/include/eigen3/Eigen/src/Core/ProductEvaluators.h:631:99:[m[K [01;35m[Kwarning: [m[K‘[01m[K*((void*)& Jb +32)[m[K’ may be used uninitialized in this function [[01;35m[K-Wmaybe-uninitialized[m[K]
  631 |     res =  pmadd(lhs.template packet<LoadMode,Packet>(row, Index(UnrollingIndex-1)), [01;35m[Kpset1<Packet>(rhs.coeff(Index(UnrollingIndex-1), col))[m[K, res);
      |                                                                                      [01;35m[K~~~~~~~~~~~~~^~~~~~~~~~~~~~~~~~~~~~~~~~~~~~~~~~~~~~~~~[m[K
[01m[K/usr/include/eigen3/Eigen/src/Core/ProductEvaluators.h:631:99:[m[K [01;35m[Kwarning: [m[K‘[01m[K*((void*)& Jb +56)[m[K’ may be used uninitialized in this function [[01;35m[K-Wmaybe-uninitialized[m[K]
  631 |     res =  pmadd(lhs.template packet<LoadMode,Packet>(row, Index(UnrollingIndex-1)), [01;35m[Kpset1<Packet>(rhs.coeff(Index(UnrollingIndex-1), col))[m[K, res);
      |                                                                                      [01;35m[K~~~~~~~~~~~~~^~~~~~~~~~~~~~~~~~~~~~~~~~~~~~~~~~~~~~~~~[m[K
In file included from [01m[K/usr/include/eigen3/Eigen/Core:450[m[K,
                 from [01m[K/calibration_ws/src/kalibr/Schweizer-Messer/numpy_eigen/include/numpy_eigen/boost_python_headers.hpp:23[m[K,
                 from [01m[K/calibration_ws/src/kalibr/aslam_cv/aslam_cv_python/src/CameraGeometries.cpp:1[m[K:
[01m[K/usr/include/eigen3/Eigen/src/Core/DenseStorage.h:194:66:[m[K [01;35m[Kwarning: [m[K‘[01m[Kbp.Eigen::DenseStorage<double, 3, 3, 1, 0>::m_data[m[K’ may be used uninitialized in this function [[01;35m[K-Wmaybe-uninitialized[m[K]
  194 |     DenseStorage(const DenseStorage& other) : m_data(other.m_data[01;35m[K)[m[K {
      |                                                                  [01;35m[K^[m[K
In file included from [01m[K/usr/include/eigen3/Eigen/Core:440[m[K,
                 from [01m[K/calibration_ws/src/kalibr/Schweizer-Messer/numpy_eigen/include/numpy_eigen/boost_python_headers.hpp:23[m[K,
                 from [01m[K/calibration_ws/src/kalibr/aslam_cv/aslam_cv_python/src/CameraGeometries.cpp:1[m[K:
[01m[K/usr/include/eigen3/Eigen/src/Core/CoreEvaluators.h:[m[K In function ‘[01m[Kvoid aslam::doBackProjectionWithUncertainty(FRAME_T&) [with FRAME_T = aslam::Frame<aslam::cameras::CameraGeometry<aslam::cameras::DepthProjection<aslam::cameras::RadialTangentialDistortion>, aslam::cameras::GlobalShutter, aslam::cameras::NoMask> >][m[K’:
[01m[K/usr/include/eigen3/Eigen/src/Core/CoreEvaluators.h:834:56:[m[K [01;35m[Kwarning: [m[K‘[01m[K*((void*)& Jb +64)[m[K’ may be used uninitialized in this function [[01;35m[K-Wmaybe-uninitialized[m[K]
  834 |     return m_data[col * colStride() + row * rowStride()[01;35m[K][m[K;
      |                                                        [01;35m[K^[m[K
[01m[K/usr/include/eigen3/Eigen/src/Core/CoreEvaluators.h:834:56:[m[K [01;35m[Kwarning: [m[K‘[01m[K*((void*)& Jb +40)[m[K’ may be used uninitialized in this function [[01;35m[K-Wmaybe-uninitialized[m[K]
  834 |     return m_data[col * colStride() + row * rowStride()[01;35m[K][m[K;
      |                                                        [01;35m[K^[m[K
[01m[K/usr/include/eigen3/Eigen/src/Core/CoreEvaluators.h:834:56:[m[K [01;35m[Kwarning: [m[K‘[01m[K*((void*)& Jb +16)[m[K’ may be used uninitialized in this function [[01;35m[K-Wmaybe-uninitialized[m[K]
  834 |     return m_data[col * colStride() + row * rowStride()[01;35m[K][m[K;
      |                                                        [01;35m[K^[m[K
In file included from [01m[K/usr/include/eigen3/Eigen/Core:493[m[K,
                 from [01m[K/calibration_ws/src/kalibr/Schweizer-Messer/numpy_eigen/include/numpy_eigen/boost_python_headers.hpp:23[m[K,
                 from [01m[K/calibration_ws/src/kalibr/aslam_cv/aslam_cv_python/src/CameraGeometries.cpp:1[m[K:
[01m[K/usr/include/eigen3/Eigen/src/Core/ProductEvaluators.h:649:82:[m[K [01;35m[Kwarning: [m[K‘[01m[KJb[m[K’ may be used uninitialized in this function [[01;35m[K-Wmaybe-uninitialized[m[K]
  649 |     res = pmul(lhs.template packet<LoadMode,Packet>(row, Index(0)), [01;35m[Kpset1<Packet>(rhs.coeff(Index(0), col))[m[K);
      |                                                                     [01;35m[K~~~~~~~~~~~~~^~~~~~~~~~~~~~~~~~~~~~~~~~[m[K
[01m[K/usr/include/eigen3/Eigen/src/Core/ProductEvaluators.h:631:99:[m[K [01;35m[Kwarning: [m[K‘[01m[K*((void*)& Jb +24)[m[K’ may be used uninitialized in this function [[01;35m[K-Wmaybe-uninitialized[m[K]
  631 |     res =  pmadd(lhs.template packet<LoadMode,Packet>(row, Index(UnrollingIndex-1)), [01;35m[Kpset1<Packet>(rhs.coeff(Index(UnrollingIndex-1), col))[m[K, res);
      |                                                                                      [01;35m[K~~~~~~~~~~~~~^~~~~~~~~~~~~~~~~~~~~~~~~~~~~~~~~~~~~~~~~[m[K
[01m[K/usr/include/eigen3/Eigen/src/Core/ProductEvaluators.h:631:99:[m[K [01;35m[Kwarning: [m[K‘[01m[K*((void*)& Jb +48)[m[K’ may be used uninitialized in this function [[01;35m[K-Wmaybe-uninitialized[m[K]
  631 |     res =  pmadd(lhs.template packet<LoadMode,Packet>(row, Index(UnrollingIndex-1)), [01;35m[Kpset1<Packet>(rhs.coeff(Index(UnrollingIndex-1), col))[m[K, res);
      |                                                                                      [01;35m[K~~~~~~~~~~~~~^~~~~~~~~~~~~~~~~~~~~~~~~~~~~~~~~~~~~~~~~[m[K
[01m[K/usr/include/eigen3/Eigen/src/Core/ProductEvaluators.h:649:82:[m[K [01;35m[Kwarning: [m[K‘[01m[K*((void*)& Jb +8)[m[K’ may be used uninitialized in this function [[01;35m[K-Wmaybe-uninitialized[m[K]
  649 |     res = pmul(lhs.template packet<LoadMode,Packet>(row, Index(0)), [01;35m[Kpset1<Packet>(rhs.coeff(Index(0), col))[m[K);
      |                                                                     [01;35m[K~~~~~~~~~~~~~^~~~~~~~~~~~~~~~~~~~~~~~~~[m[K
[01m[K/usr/include/eigen3/Eigen/src/Core/ProductEvaluators.h:631:99:[m[K [01;35m[Kwarning: [m[K‘[01m[K*((void*)& Jb +32)[m[K’ may be used uninitialized in this function [[01;35m[K-Wmaybe-uninitialized[m[K]
  631 |     res =  pmadd(lhs.template packet<LoadMode,Packet>(row, Index(UnrollingIndex-1)), [01;35m[Kpset1<Packet>(rhs.coeff(Index(UnrollingIndex-1), col))[m[K, res);
      |                                                                                      [01;35m[K~~~~~~~~~~~~~^~~~~~~~~~~~~~~~~~~~~~~~~~~~~~~~~~~~~~~~~[m[K
[01m[K/usr/include/eigen3/Eigen/src/Core/ProductEvaluators.h:631:99:[m[K [01;35m[Kwarning: [m[K‘[01m[K*((void*)& Jb +56)[m[K’ may be used uninitialized in this function [[01;35m[K-Wmaybe-uninitialized[m[K]
  631 |     res =  pmadd(lhs.template packet<LoadMode,Packet>(row, Index(UnrollingIndex-1)), [01;35m[Kpset1<Packet>(rhs.coeff(Index(UnrollingIndex-1), col))[m[K, res);
      |                                                                                      [01;35m[K~~~~~~~~~~~~~^~~~~~~~~~~~~~~~~~~~~~~~~~~~~~~~~~~~~~~~~[m[K
In file included from [01m[K/usr/include/eigen3/Eigen/Core:450[m[K,
                 from [01m[K/calibration_ws/src/kalibr/Schweizer-Messer/numpy_eigen/include/numpy_eigen/boost_python_headers.hpp:23[m[K,
                 from [01m[K/calibration_ws/src/kalibr/aslam_cv/aslam_cv_python/src/CameraGeometries.cpp:1[m[K:
[01m[K/usr/include/eigen3/Eigen/src/Core/DenseStorage.h:194:66:[m[K [01;35m[Kwarning: [m[K‘[01m[Kbp.Eigen::DenseStorage<double, 3, 3, 1, 0>::m_data[m[K’ may be used uninitialized in this function [[01;35m[K-Wmaybe-uninitialized[m[K]
  194 |     DenseStorage(const DenseStorage& other) : m_data(other.m_data[01;35m[K)[m[K {
      |                                                                  [01;35m[K^[m[K
In file included from [01m[K/usr/include/eigen3/Eigen/Core:440[m[K,
                 from [01m[K/calibration_ws/src/kalibr/Schweizer-Messer/numpy_eigen/include/numpy_eigen/boost_python_headers.hpp:23[m[K,
                 from [01m[K/calibration_ws/src/kalibr/aslam_cv/aslam_cv_python/src/CameraGeometries.cpp:1[m[K:
[01m[K/usr/include/eigen3/Eigen/src/Core/CoreEvaluators.h:[m[K In function ‘[01m[Kvoid aslam::doBackProjectionWithUncertainty(FRAME_T&) [with FRAME_T = aslam::Frame<aslam::cameras::CameraGeometry<aslam::cameras::DepthProjection<aslam::cameras::EquidistantDistortion>, aslam::cameras::GlobalShutter, aslam::cameras::NoMask> >][m[K’:
[01m[K/usr/include/eigen3/Eigen/src/Core/CoreEvaluators.h:834:56:[m[K [01;35m[Kwarning: [m[K‘[01m[K*((void*)& Jb +64)[m[K’ may be used uninitialized in this function [[01;35m[K-Wmaybe-uninitialized[m[K]
  834 |     return m_data[col * colStride() + row * rowStride()[01;35m[K][m[K;
      |                                                        [01;35m[K^[m[K
[01m[K/usr/include/eigen3/Eigen/src/Core/CoreEvaluators.h:834:56:[m[K [01;35m[Kwarning: [m[K‘[01m[K*((void*)& Jb +40)[m[K’ may be used uninitialized in this function [[01;35m[K-Wmaybe-uninitialized[m[K]
  834 |     return m_data[col * colStride() + row * rowStride()[01;35m[K][m[K;
      |                                                        [01;35m[K^[m[K
[01m[K/usr/include/eigen3/Eigen/src/Core/CoreEvaluators.h:834:56:[m[K [01;35m[Kwarning: [m[K‘[01m[K*((void*)& Jb +16)[m[K’ may be used uninitialized in this function [[01;35m[K-Wmaybe-uninitialized[m[K]
  834 |     return m_data[col * colStride() + row * rowStride()[01;35m[K][m[K;
      |                                                        [01;35m[K^[m[K
In file included from [01m[K/usr/include/eigen3/Eigen/Core:493[m[K,
                 from [01m[K/calibration_ws/src/kalibr/Schweizer-Messer/numpy_eigen/include/numpy_eigen/boost_python_headers.hpp:23[m[K,
                 from [01m[K/calibration_ws/src/kalibr/aslam_cv/aslam_cv_python/src/CameraGeometries.cpp:1[m[K:
[01m[K/usr/include/eigen3/Eigen/src/Core/ProductEvaluators.h:649:82:[m[K [01;35m[Kwarning: [m[K‘[01m[KJb[m[K’ may be used uninitialized in this function [[01;35m[K-Wmaybe-uninitialized[m[K]
  649 |     res = pmul(lhs.template packet<LoadMode,Packet>(row, Index(0)), [01;35m[Kpset1<Packet>(rhs.coeff(Index(0), col))[m[K);
      |                                                                     [01;35m[K~~~~~~~~~~~~~^~~~~~~~~~~~~~~~~~~~~~~~~~[m[K
[01m[K/usr/include/eigen3/Eigen/src/Core/ProductEvaluators.h:631:99:[m[K [01;35m[Kwarning: [m[K‘[01m[K*((void*)& Jb +24)[m[K’ may be used uninitialized in this function [[01;35m[K-Wmaybe-uninitialized[m[K]
  631 |     res =  pmadd(lhs.template packet<LoadMode,Packet>(row, Index(UnrollingIndex-1)), [01;35m[Kpset1<Packet>(rhs.coeff(Index(UnrollingIndex-1), col))[m[K, res);
      |                                                                                      [01;35m[K~~~~~~~~~~~~~^~~~~~~~~~~~~~~~~~~~~~~~~~~~~~~~~~~~~~~~~[m[K
[01m[K/usr/include/eigen3/Eigen/src/Core/ProductEvaluators.h:631:99:[m[K [01;35m[Kwarning: [m[K‘[01m[K*((void*)& Jb +48)[m[K’ may be used uninitialized in this function [[01;35m[K-Wmaybe-uninitialized[m[K]
  631 |     res =  pmadd(lhs.template packet<LoadMode,Packet>(row, Index(UnrollingIndex-1)), [01;35m[Kpset1<Packet>(rhs.coeff(Index(UnrollingIndex-1), col))[m[K, res);
      |                                                                                      [01;35m[K~~~~~~~~~~~~~^~~~~~~~~~~~~~~~~~~~~~~~~~~~~~~~~~~~~~~~~[m[K
[01m[K/usr/include/eigen3/Eigen/src/Core/ProductEvaluators.h:649:82:[m[K [01;35m[Kwarning: [m[K‘[01m[K*((void*)& Jb +8)[m[K’ may be used uninitialized in this function [[01;35m[K-Wmaybe-uninitialized[m[K]
  649 |     res = pmul(lhs.template packet<LoadMode,Packet>(row, Index(0)), [01;35m[Kpset1<Packet>(rhs.coeff(Index(0), col))[m[K);
      |                                                                     [01;35m[K~~~~~~~~~~~~~^~~~~~~~~~~~~~~~~~~~~~~~~~[m[K
[01m[K/usr/include/eigen3/Eigen/src/Core/ProductEvaluators.h:631:99:[m[K [01;35m[Kwarning: [m[K‘[01m[K*((void*)& Jb +32)[m[K’ may be used uninitialized in this function [[01;35m[K-Wmaybe-uninitialized[m[K]
  631 |     res =  pmadd(lhs.template packet<LoadMode,Packet>(row, Index(UnrollingIndex-1)), [01;35m[Kpset1<Packet>(rhs.coeff(Index(UnrollingIndex-1), col))[m[K, res);
      |                                                                                      [01;35m[K~~~~~~~~~~~~~^~~~~~~~~~~~~~~~~~~~~~~~~~~~~~~~~~~~~~~~~[m[K
[01m[K/usr/include/eigen3/Eigen/src/Core/ProductEvaluators.h:631:99:[m[K [01;35m[Kwarning: [m[K‘[01m[K*((void*)& Jb +56)[m[K’ may be used uninitialized in this function [[01;35m[K-Wmaybe-uninitialized[m[K]
  631 |     res =  pmadd(lhs.template packet<LoadMode,Packet>(row, Index(UnrollingIndex-1)), [01;35m[Kpset1<Packet>(rhs.coeff(Index(UnrollingIndex-1), col))[m[K, res);
      |                                                                                      [01;35m[K~~~~~~~~~~~~~^~~~~~~~~~~~~~~~~~~~~~~~~~~~~~~~~~~~~~~~~[m[K
In file included from [01m[K/usr/include/eigen3/Eigen/Core:450[m[K,
                 from [01m[K/calibration_ws/src/kalibr/Schweizer-Messer/numpy_eigen/include/numpy_eigen/boost_python_headers.hpp:23[m[K,
                 from [01m[K/calibration_ws/src/kalibr/aslam_cv/aslam_cv_python/src/CameraGeometries.cpp:1[m[K:
[01m[K/usr/include/eigen3/Eigen/src/Core/DenseStorage.h:194:66:[m[K [01;35m[Kwarning: [m[K‘[01m[Kbp.Eigen::DenseStorage<double, 3, 3, 1, 0>::m_data[m[K’ may be used uninitialized in this function [[01;35m[K-Wmaybe-uninitialized[m[K]
  194 |     DenseStorage(const DenseStorage& other) : m_data(other.m_data[01;35m[K)[m[K {
      |                                                                  [01;35m[K^[m[K
In file included from [01m[K/usr/include/eigen3/Eigen/Core:440[m[K,
                 from [01m[K/calibration_ws/src/kalibr/Schweizer-Messer/numpy_eigen/include/numpy_eigen/boost_python_headers.hpp:23[m[K,
                 from [01m[K/calibration_ws/src/kalibr/aslam_cv/aslam_cv_python/src/CameraGeometries.cpp:1[m[K:
[01m[K/usr/include/eigen3/Eigen/src/Core/CoreEvaluators.h:[m[K In function ‘[01m[Kvoid aslam::doBackProjectionWithUncertainty(FRAME_T&) [with FRAME_T = aslam::Frame<aslam::cameras::CameraGeometry<aslam::cameras::DepthProjection<aslam::cameras::FovDistortion>, aslam::cameras::GlobalShutter, aslam::cameras::NoMask> >][m[K’:
[01m[K/usr/include/eigen3/Eigen/src/Core/CoreEvaluators.h:834:56:[m[K [01;35m[Kwarning: [m[K‘[01m[K*((void*)& Jb +64)[m[K’ may be used uninitialized in this function [[01;35m[K-Wmaybe-uninitialized[m[K]
  834 |     return m_data[col * colStride() + row * rowStride()[01;35m[K][m[K;
      |                                                        [01;35m[K^[m[K
[01m[K/usr/include/eigen3/Eigen/src/Core/CoreEvaluators.h:834:56:[m[K [01;35m[Kwarning: [m[K‘[01m[K*((void*)& Jb +40)[m[K’ may be used uninitialized in this function [[01;35m[K-Wmaybe-uninitialized[m[K]
  834 |     return m_data[col * colStride() + row * rowStride()[01;35m[K][m[K;
      |                                                        [01;35m[K^[m[K
[01m[K/usr/include/eigen3/Eigen/src/Core/CoreEvaluators.h:834:56:[m[K [01;35m[Kwarning: [m[K‘[01m[K*((void*)& Jb +16)[m[K’ may be used uninitialized in this function [[01;35m[K-Wmaybe-uninitialized[m[K]
  834 |     return m_data[col * colStride() + row * rowStride()[01;35m[K][m[K;
      |                                                        [01;35m[K^[m[K
In file included from [01m[K/usr/include/eigen3/Eigen/Core:493[m[K,
                 from [01m[K/calibration_ws/src/kalibr/Schweizer-Messer/numpy_eigen/include/numpy_eigen/boost_python_headers.hpp:23[m[K,
                 from [01m[K/calibration_ws/src/kalibr/aslam_cv/aslam_cv_python/src/CameraGeometries.cpp:1[m[K:
[01m[K/usr/include/eigen3/Eigen/src/Core/ProductEvaluators.h:649:82:[m[K [01;35m[Kwarning: [m[K‘[01m[KJb[m[K’ may be used uninitialized in this function [[01;35m[K-Wmaybe-uninitialized[m[K]
  649 |     res = pmul(lhs.template packet<LoadMode,Packet>(row, Index(0)), [01;35m[Kpset1<Packet>(rhs.coeff(Index(0), col))[m[K);
      |                                                                     [01;35m[K~~~~~~~~~~~~~^~~~~~~~~~~~~~~~~~~~~~~~~~[m[K
[01m[K/usr/include/eigen3/Eigen/src/Core/ProductEvaluators.h:631:99:[m[K [01;35m[Kwarning: [m[K‘[01m[K*((void*)& Jb +24)[m[K’ may be used uninitialized in this function [[01;35m[K-Wmaybe-uninitialized[m[K]
  631 |     res =  pmadd(lhs.template packet<LoadMode,Packet>(row, Index(UnrollingIndex-1)), [01;35m[Kpset1<Packet>(rhs.coeff(Index(UnrollingIndex-1), col))[m[K, res);
      |                                                                                      [01;35m[K~~~~~~~~~~~~~^~~~~~~~~~~~~~~~~~~~~~~~~~~~~~~~~~~~~~~~~[m[K
[01m[K/usr/include/eigen3/Eigen/src/Core/ProductEvaluators.h:631:99:[m[K [01;35m[Kwarning: [m[K‘[01m[K*((void*)& Jb +48)[m[K’ may be used uninitialized in this function [[01;35m[K-Wmaybe-uninitialized[m[K]
  631 |     res =  pmadd(lhs.template packet<LoadMode,Packet>(row, Index(UnrollingIndex-1)), [01;35m[Kpset1<Packet>(rhs.coeff(Index(UnrollingIndex-1), col))[m[K, res);
      |                                                                                      [01;35m[K~~~~~~~~~~~~~^~~~~~~~~~~~~~~~~~~~~~~~~~~~~~~~~~~~~~~~~[m[K
[01m[K/usr/include/eigen3/Eigen/src/Core/ProductEvaluators.h:649:82:[m[K [01;35m[Kwarning: [m[K‘[01m[K*((void*)& Jb +8)[m[K’ may be used uninitialized in this function [[01;35m[K-Wmaybe-uninitialized[m[K]
  649 |     res = pmul(lhs.template packet<LoadMode,Packet>(row, Index(0)), [01;35m[Kpset1<Packet>(rhs.coeff(Index(0), col))[m[K);
      |                                                                     [01;35m[K~~~~~~~~~~~~~^~~~~~~~~~~~~~~~~~~~~~~~~~[m[K
[01m[K/usr/include/eigen3/Eigen/src/Core/ProductEvaluators.h:631:99:[m[K [01;35m[Kwarning: [m[K‘[01m[K*((void*)& Jb +32)[m[K’ may be used uninitialized in this function [[01;35m[K-Wmaybe-uninitialized[m[K]
  631 |     res =  pmadd(lhs.template packet<LoadMode,Packet>(row, Index(UnrollingIndex-1)), [01;35m[Kpset1<Packet>(rhs.coeff(Index(UnrollingIndex-1), col))[m[K, res);
      |                                                                                      [01;35m[K~~~~~~~~~~~~~^~~~~~~~~~~~~~~~~~~~~~~~~~~~~~~~~~~~~~~~~[m[K
[01m[K/usr/include/eigen3/Eigen/src/Core/ProductEvaluators.h:631:99:[m[K [01;35m[Kwarning: [m[K‘[01m[K*((void*)& Jb +56)[m[K’ may be used uninitialized in this function [[01;35m[K-Wmaybe-uninitialized[m[K]
  631 |     res =  pmadd(lhs.template packet<LoadMode,Packet>(row, Index(UnrollingIndex-1)), [01;35m[Kpset1<Packet>(rhs.coeff(Index(UnrollingIndex-1), col))[m[K, res);
      |                                                                                      [01;35m[K~~~~~~~~~~~~~^~~~~~~~~~~~~~~~~~~~~~~~~~~~~~~~~~~~~~~~~[m[K
In file included from [01m[K/usr/include/eigen3/Eigen/Core:450[m[K,
                 from [01m[K/calibration_ws/src/kalibr/Schweizer-Messer/numpy_eigen/include/numpy_eigen/boost_python_headers.hpp:23[m[K,
                 from [01m[K/calibration_ws/src/kalibr/aslam_cv/aslam_cv_python/src/CameraGeometries.cpp:1[m[K:
[01m[K/usr/include/eigen3/Eigen/src/Core/DenseStorage.h:194:66:[m[K [01;35m[Kwarning: [m[K‘[01m[Kbp.Eigen::DenseStorage<double, 3, 3, 1, 0>::m_data[m[K’ may be used uninitialized in this function [[01;35m[K-Wmaybe-uninitialized[m[K]
  194 |     DenseStorage(const DenseStorage& other) : m_data(other.m_data[01;35m[K)[m[K {
      |                                                                  [01;35m[K^[m[K
[100%] [32m[1mLinking CXX shared library /calibration_ws/devel/.private/aslam_cv_python/lib/libaslam_cv_python.so[0m
[34m[1mCopying library files to python directory[0m
'/calibration_ws/devel/.private/aslam_cv_python/lib/libaslam_cv_python.so' -> '/calibration_ws/devel/.private/aslam_cv_python/lib/python3/dist-packages/aslam_cv/libaslam_cv_python.so'
[100%] Built target aslam_cv_python
