[35m[1mScanning dependencies of target sm_boost[0m
[ 25%] [32mBuilding CXX object CMakeFiles/sm_boost.dir/src/JobQueue.cpp.o[0m
[ 50%] [32mBuilding CXX object CMakeFiles/sm_boost.dir/src/portable_binary_iarchive.cpp.o[0m
[ 75%] [32mBuilding CXX object CMakeFiles/sm_boost.dir/src/portable_binary_oarchive.cpp.o[0m
In file included from [01m[K/usr/include/boost/detail/endian.hpp:9[m[K,
                 from [01m[K/calibration_ws/src/kalibr/Schweizer-Messer/sm_boost/src/portable_binary_oarchive.cpp:12[m[K:
[01m[K/usr/include/boost/predef/detail/endian_compat.h:11:161:[m[K [01;36m[Knote: [m[K#pragma message: The use of BOOST_*_ENDIAN and BOOST_BYTE_ORDER is deprecated. Please include <boost/predef/other/endian.h> and use BOOST_ENDIAN_*_BYTE instead
   11 | #pragma message("The use of BOOST_*_ENDIAN and BOOST_BYTE_ORDER is deprecated. Please include <boost/predef/other/endian.h> and use BOOST_ENDIAN_*_BYTE instead"[01;36m[K)[m[K
      |                                                                                                                                                                 [01;36m[K^[m[K
In file included from [01m[K/usr/include/boost/detail/endian.hpp:9[m[K,
                 from [01m[K/calibration_ws/src/kalibr/Schweizer-Messer/sm_boost/include/boost/portable_binary_archive.hpp:31[m[K,
                 from [01m[K/calibration_ws/src/kalibr/Schweizer-Messer/sm_boost/include/boost/portable_binary_iarchive.hpp:39[m[K,
                 from [01m[K/calibration_ws/src/kalibr/Schweizer-Messer/sm_boost/src/portable_binary_iarchive.cpp:18[m[K:
[01m[K/usr/include/boost/predef/detail/endian_compat.h:11:161:[m[K [01;36m[Knote: [m[K#pragma message: The use of BOOST_*_ENDIAN and BOOST_BYTE_ORDER is deprecated. Please include <boost/predef/other/endian.h> and use BOOST_ENDIAN_*_BYTE instead
   11 | #pragma message("The use of BOOST_*_ENDIAN and BOOST_BYTE_ORDER is deprecated. Please include <boost/predef/other/endian.h> and use BOOST_ENDIAN_*_BYTE instead"[01;36m[K)[m[K
      |                                                                                                                                                                 [01;36m[K^[m[K
In file included from [01m[K/calibration_ws/src/kalibr/Schweizer-Messer/sm_boost/src/portable_binary_oarchive.cpp:13[m[K:
[01m[K/calibration_ws/src/kalibr/Schweizer-Messer/sm_boost/include/boost/portable_binary_oarchive.hpp:[m[K In member function ‘[01m[Kvirtual const char* boost::archive::portable_binary_oarchive_exception::what() const[m[K’:
[01m[K/calibration_ws/src/kalibr/Schweizer-Messer/sm_boost/include/boost/portable_binary_oarchive.hpp:55:17:[m[K [01;35m[Kwarning: [m[Kthis statement may fall through [[01;35m[K-Wimplicit-fallthrough=[m[K]
   55 |             [01;35m[Kmsg = "cannot be both big and little endian"[m[K;
      |             [01;35m[K~~~~^~~~~~~~~~~~~~~~~~~~~~~~~~~~~~~~~~~~~~~~[m[K
[01m[K/calibration_ws/src/kalibr/Schweizer-Messer/sm_boost/include/boost/portable_binary_oarchive.hpp:56:9:[m[K [01;36m[Knote: [m[Khere
   56 |         [01;36m[Kdefault[m[K:
      |         [01;36m[K^~~~~~~[m[K
[100%] [32m[1mLinking CXX shared library /calibration_ws/devel/.private/sm_boost/lib/libsm_boost.so[0m
[100%] Built target sm_boost
